Archive member included because of file (symbol)

I:\HomeMonitoring-Final-Year-Project\Project\TCPEchoClient\mbed\TARGET_K64F\TOOLCHAIN_GCC_ARM\libmbed.a(fsl_clock_manager.o)
                              EthernetInterface\lwip-eth\arch\TARGET_Freescale\fsl_enet_driver.o (CLOCK_SYS_GetFreq)
I:\HomeMonitoring-Final-Year-Project\Project\TCPEchoClient\mbed\TARGET_K64F\TOOLCHAIN_GCC_ARM\libmbed.a(fsl_enet_irq.o)
                              EthernetInterface\lwip-eth\arch\TARGET_Freescale\k64f_emac.o (enetIntMap)
I:\HomeMonitoring-Final-Year-Project\Project\TCPEchoClient\mbed\TARGET_K64F\TOOLCHAIN_GCC_ARM\libmbed.a(fsl_phy_driver.o)
                              EthernetInterface\lwip-eth\arch\TARGET_Freescale\k64f_emac.o (phy_get_link_speed)
I:\HomeMonitoring-Final-Year-Project\Project\TCPEchoClient\mbed\TARGET_K64F\TOOLCHAIN_GCC_ARM\libmbed.a(fsl_enet_hal.o)
                              EthernetInterface\lwip-eth\arch\TARGET_Freescale\fsl_enet_driver.o (enet_hal_set_mac_address)
I:\HomeMonitoring-Final-Year-Project\Project\TCPEchoClient\mbed\TARGET_K64F\TOOLCHAIN_GCC_ARM\libmbed.a(fsl_gpio_hal.o)
                              ServerClient.o (GPIO_HAL_WritePinOutput)
I:\HomeMonitoring-Final-Year-Project\Project\TCPEchoClient\mbed\TARGET_K64F\TOOLCHAIN_GCC_ARM\libmbed.a(fsl_mcg_hal.o)
                              I:\HomeMonitoring-Final-Year-Project\Project\TCPEchoClient\mbed\TARGET_K64F\TOOLCHAIN_GCC_ARM\libmbed.a(fsl_clock_manager.o) (CLOCK_HAL_GetFllRefClk)
I:\HomeMonitoring-Final-Year-Project\Project\TCPEchoClient\mbed\TARGET_K64F\TOOLCHAIN_GCC_ARM\libmbed.a(fsl_sim_hal.o)
                              EthernetInterface\lwip-eth\arch\TARGET_Freescale\hardware_init_MK64F12.o (CLOCK_HAL_SetSource)
I:\HomeMonitoring-Final-Year-Project\Project\TCPEchoClient\mbed\TARGET_K64F\TOOLCHAIN_GCC_ARM\libmbed.a(fsl_os_abstraction_mbed.o)
                              EthernetInterface\lwip-eth\arch\TARGET_Freescale\fsl_enet_driver.o (time_delay)
I:\HomeMonitoring-Final-Year-Project\Project\TCPEchoClient\mbed\TARGET_K64F\TOOLCHAIN_GCC_ARM\libmbed.a(crc.o)
                              ..\mbed\TARGET_K64F\TOOLCHAIN_GCC_ARM\mbed_overrides.o (crcSlow)
I:\HomeMonitoring-Final-Year-Project\Project\TCPEchoClient\mbed\TARGET_K64F\TOOLCHAIN_GCC_ARM\libmbed.a(fsl_sim_hal_K64F12.o)
                              EthernetInterface\lwip-eth\arch\TARGET_Freescale\hardware_init_MK64F12.o (SIM_HAL_EnablePortClock)
I:\HomeMonitoring-Final-Year-Project\Project\TCPEchoClient\mbed\TARGET_K64F\TOOLCHAIN_GCC_ARM\libmbed.a(analogin_api.o)
                              ServerClient.o (analogin_init)
I:\HomeMonitoring-Final-Year-Project\Project\TCPEchoClient\mbed\TARGET_K64F\TOOLCHAIN_GCC_ARM\libmbed.a(pwmout_api.o)
                              Motordriver\motordriver.o (pwmout_write)
I:\HomeMonitoring-Final-Year-Project\Project\TCPEchoClient\mbed\TARGET_K64F\TOOLCHAIN_GCC_ARM\libmbed.a(serial_api.o)
                              ..\mbed\TARGET_K64F\TOOLCHAIN_GCC_ARM\retarget.o (serial_init)
I:\HomeMonitoring-Final-Year-Project\Project\TCPEchoClient\mbed\TARGET_K64F\TOOLCHAIN_GCC_ARM\libmbed.a(us_ticker.o)
                              EthernetInterface\lwip-sys\arch\sys_arch.o (us_ticker_read)
I:\HomeMonitoring-Final-Year-Project\Project\TCPEchoClient\mbed\TARGET_K64F\TOOLCHAIN_GCC_ARM\libmbed.a(FilePath.o)
                              ..\mbed\TARGET_K64F\TOOLCHAIN_GCC_ARM\retarget.o (mbed::FilePath::FilePath(char const*))
I:\HomeMonitoring-Final-Year-Project\Project\TCPEchoClient\mbed\TARGET_K64F\TOOLCHAIN_GCC_ARM\libmbed.a(FileSystemLike.o)
                              ..\mbed\TARGET_K64F\TOOLCHAIN_GCC_ARM\retarget.o (mbed::FileSystemLike::opendir())
I:\HomeMonitoring-Final-Year-Project\Project\TCPEchoClient\mbed\TARGET_K64F\TOOLCHAIN_GCC_ARM\libmbed.a(Stream.o)
                              ServerClient.o (mbed::Stream::~Stream())
I:\HomeMonitoring-Final-Year-Project\Project\TCPEchoClient\mbed\TARGET_K64F\TOOLCHAIN_GCC_ARM\libmbed.a(Serial.o)
                              ServerClient.o (mbed::Serial::Serial(PinName, PinName, char const*))
I:\HomeMonitoring-Final-Year-Project\Project\TCPEchoClient\mbed\TARGET_K64F\TOOLCHAIN_GCC_ARM\libmbed.a(assert.o)
                              ServerClient.o (mbed_assert_internal)
I:\HomeMonitoring-Final-Year-Project\Project\TCPEchoClient\mbed\TARGET_K64F\TOOLCHAIN_GCC_ARM\libmbed.a(error.o)
                              mbed-rtos\rtos\Thread.o (error)
I:\HomeMonitoring-Final-Year-Project\Project\TCPEchoClient\mbed\TARGET_K64F\TOOLCHAIN_GCC_ARM\libmbed.a(gpio.o)
                              ServerClient.o (gpio_init_in)
I:\HomeMonitoring-Final-Year-Project\Project\TCPEchoClient\mbed\TARGET_K64F\TOOLCHAIN_GCC_ARM\libmbed.a(pinmap_common.o)
                              I:\HomeMonitoring-Final-Year-Project\Project\TCPEchoClient\mbed\TARGET_K64F\TOOLCHAIN_GCC_ARM\libmbed.a(analogin_api.o) (pinmap_pinout)
[...]
Memory Configuration

Name             Origin             Length             Attributes
VECTORS          0x00000000         0x00000400         xr
FLASH_PROTECTION 0x00000400         0x00000010         xr
FLASH            0x00000410         0x000ffbf0         xr
RAM              0x1fff0198         0x0003fe68         xrw
*default*        0x00000000         0xffffffff

Linker script and memory map

LOAD c:/freescale/kds_3.0.0/toolchain/bin/../lib/gcc/arm-none-eabi/4.8.4/armv7e-m/softfp/crti.o
LOAD c:/freescale/kds_3.0.0/toolchain/bin/../lib/gcc/arm-none-eabi/4.8.4/armv7e-m/softfp/crtbegin.o
LOAD c:/freescale/kds_3.0.0/toolchain/bin/../lib/gcc/arm-none-eabi/4.8.4/../../../../arm-none-eabi/lib/armv7e-m/softfp/crt0.o
LOAD mbed-rtos\rtx\TARGET_CORTEX_M\rt_Time.o
LOAD mbed-rtos\rtx\TARGET_CORTEX_M\rt_Task.o
LOAD mbed-rtos\rtx\TARGET_CORTEX_M\rt_System.o
LOAD mbed-rtos\rtx\TARGET_CORTEX_M\rt_Semaphore.o
LOAD mbed-rtos\rtx\TARGET_CORTEX_M\rt_Robin.o
LOAD mbed-rtos\rtx\TARGET_CORTEX_M\rt_Mutex.o
LOAD mbed-rtos\rtx\TARGET_CORTEX_M\rt_MemBox.o
LOAD mbed-rtos\rtx\TARGET_CORTEX_M\rt_Mailbox.o
LOAD mbed-rtos\rtx\TARGET_CORTEX_M\rt_List.o
LOAD mbed-rtos\rtx\TARGET_CORTEX_M\rt_Event.o
LOAD mbed-rtos\rtx\TARGET_CORTEX_M\rt_CMSIS.o
LOAD mbed-rtos\rtx\TARGET_CORTEX_M\TARGET_RTOS_M4_M7\TOOLCHAIN_GCC\SVC_Table.o
LOAD mbed-rtos\rtx\TARGET_CORTEX_M\TARGET_RTOS_M4_M7\TOOLCHAIN_GCC\HAL_CM4.o
LOAD mbed-rtos\rtx\TARGET_CORTEX_M\RTX_Conf_CM.o
LOAD mbed-rtos\rtx\TARGET_CORTEX_M\HAL_CM.o
LOAD mbed-rtos\rtos\Thread.o
LOAD mbed-rtos\rtos\Semaphore.o
LOAD mbed-rtos\rtos\RtosTimer.o
LOAD mbed-rtos\rtos\Mutex.o
LOAD ServerClient.o
LOAD Motordriver\motordriver.o
LOAD EthernetInterface\lwip-sys\arch\sys_arch.o
LOAD EthernetInterface\lwip-sys\arch\memcpy.o
LOAD EthernetInterface\lwip-sys\arch\checksum.o
LOAD EthernetInterface\lwip-eth\arch\TARGET_Freescale\k64f_emac.o
LOAD EthernetInterface\lwip-eth\arch\TARGET_Freescale\hardware_init_MK64F12.o
LOAD EthernetInterface\lwip-eth\arch\TARGET_Freescale\fsl_enet_driver.o
LOAD EthernetInterface\lwip\netif\slipif.o
LOAD EthernetInterface\lwip\netif\ppp\vj.o
LOAD EthernetInterface\lwip\netif\ppp\randm.o
LOAD EthernetInterface\lwip\netif\ppp\ppp_oe.o
LOAD EthernetInterface\lwip\netif\ppp\ppp.o
LOAD EthernetInterface\lwip\netif\ppp\pap.o
LOAD EthernetInterface\lwip\netif\ppp\md5.o
LOAD EthernetInterface\lwip\netif\ppp\magic.o
LOAD EthernetInterface\lwip\netif\ppp\lcp.o
LOAD EthernetInterface\lwip\netif\ppp\ipcp.o
LOAD EthernetInterface\lwip\netif\ppp\fsm.o
LOAD EthernetInterface\lwip\netif\ppp\chpms.o
LOAD EthernetInterface\lwip\netif\ppp\chap.o
LOAD EthernetInterface\lwip\netif\ppp\auth.o
LOAD EthernetInterface\lwip\netif\ethernetif.o
LOAD EthernetInterface\lwip\netif\etharp.o
LOAD EthernetInterface\lwip\core\udp.o
LOAD EthernetInterface\lwip\core\timers.o
LOAD EthernetInterface\lwip\core\tcp_out.o
LOAD EthernetInterface\lwip\core\tcp_in.o
LOAD EthernetInterface\lwip\core\tcp.o
LOAD EthernetInterface\lwip\core\stats.o
LOAD EthernetInterface\lwip\core\snmp\msg_out.o
LOAD EthernetInterface\lwip\core\snmp\msg_in.o
LOAD EthernetInterface\lwip\core\snmp\mib_structs.o
LOAD EthernetInterface\lwip\core\snmp\mib2.o
LOAD EthernetInterface\lwip\core\snmp\asn1_enc.o
LOAD EthernetInterface\lwip\core\snmp\asn1_dec.o
LOAD EthernetInterface\lwip\core\raw.o
LOAD EthernetInterface\lwip\core\pbuf.o
LOAD EthernetInterface\lwip\core\netif.o
LOAD EthernetInterface\lwip\core\memp.o
LOAD EthernetInterface\lwip\core\mem.o
LOAD EthernetInterface\lwip\core\ipv4\ip_frag.o
LOAD EthernetInterface\lwip\core\ipv4\ip_addr.o
LOAD EthernetInterface\lwip\core\ipv4\ip.o
LOAD EthernetInterface\lwip\core\ipv4\inet_chksum.o
LOAD EthernetInterface\lwip\core\ipv4\inet.o
LOAD EthernetInterface\lwip\core\ipv4\igmp.o
LOAD EthernetInterface\lwip\core\ipv4\icmp.o
LOAD EthernetInterface\lwip\core\ipv4\autoip.o
LOAD EthernetInterface\lwip\core\init.o
LOAD EthernetInterface\lwip\core\dns.o
LOAD EthernetInterface\lwip\core\dhcp.o
LOAD EthernetInterface\lwip\core\def.o
LOAD EthernetInterface\lwip\api\tcpip.o
LOAD EthernetInterface\lwip\api\sockets.o
LOAD EthernetInterface\lwip\api\netifapi.o
LOAD EthernetInterface\lwip\api\netdb.o
LOAD EthernetInterface\lwip\api\netbuf.o
LOAD EthernetInterface\lwip\api\err.o
LOAD EthernetInterface\lwip\api\api_msg.o
LOAD EthernetInterface\lwip\api\api_lib.o
LOAD EthernetInterface\Socket\UDPSocket.o
LOAD EthernetInterface\Socket\TCPSocketServer.o
LOAD EthernetInterface\Socket\TCPSocketConnection.o
LOAD EthernetInterface\Socket\Socket.o
LOAD EthernetInterface\Socket\Endpoint.o
LOAD EthernetInterface\EthernetInterface.o
LOAD ..\mbed\TARGET_K64F\TOOLCHAIN_GCC_ARM\board.o
LOAD ..\mbed\TARGET_K64F\TOOLCHAIN_GCC_ARM\cmsis_nvic.o
LOAD ..\mbed\TARGET_K64F\TOOLCHAIN_GCC_ARM\mbed_overrides.o
LOAD ..\mbed\TARGET_K64F\TOOLCHAIN_GCC_ARM\retarget.o
LOAD ..\mbed\TARGET_K64F\TOOLCHAIN_GCC_ARM\startup_MK64F12.o
LOAD ..\mbed\TARGET_K64F\TOOLCHAIN_GCC_ARM\system_MK64F12.o
LOAD I:\HomeMonitoring-Final-Year-Project\Project\TCPEchoClient\mbed\TARGET_K64F\TOOLCHAIN_GCC_ARM\libmbed.a
LOAD c:/freescale/kds_3.0.0/toolchain/bin/../lib/gcc/arm-none-eabi/4.8.4/../../../../arm-none-eabi/lib/armv7e-m/softfp\libstdc++.a
LOAD c:/freescale/kds_3.0.0/toolchain/bin/../lib/gcc/arm-none-eabi/4.8.4/../../../../arm-none-eabi/lib/armv7e-m/softfp\libm.a
START GROUP
LOAD c:/freescale/kds_3.0.0/toolchain/bin/../lib/gcc/arm-none-eabi/4.8.4/armv7e-m/softfp\libgcc.a
LOAD c:/freescale/kds_3.0.0/toolchain/bin/../lib/gcc/arm-none-eabi/4.8.4/../../../../arm-none-eabi/lib/armv7e-m/softfp\libg.a
LOAD c:/freescale/kds_3.0.0/toolchain/bin/../lib/gcc/arm-none-eabi/4.8.4/../../../../arm-none-eabi/lib/armv7e-m/softfp\libc.a
END GROUP
START GROUP
LOAD c:/freescale/kds_3.0.0/toolchain/bin/../lib/gcc/arm-none-eabi/4.8.4/armv7e-m/softfp\libgcc.a
LOAD c:/freescale/kds_3.0.0/toolchain/bin/../lib/gcc/arm-none-eabi/4.8.4/../../../../arm-none-eabi/lib/armv7e-m/softfp\libc.a
LOAD c:/freescale/kds_3.0.0/toolchain/bin/../lib/gcc/arm-none-eabi/4.8.4/../../../../arm-none-eabi/lib/armv7e-m/softfp\libnosys.a
END GROUP
LOAD c:/freescale/kds_3.0.0/toolchain/bin/../lib/gcc/arm-none-eabi/4.8.4/armv7e-m/softfp/crtend.o
LOAD c:/freescale/kds_3.0.0/toolchain/bin/../lib/gcc/arm-none-eabi/4.8.4/armv7e-m/softfp/crtn.o

.isr_vector     0x00000000      0x1f0
                0x00000000                __vector_table = .
 *(.vector_table)
 .vector_table  0x00000000      0x198 ..\mbed\TARGET_K64F\TOOLCHAIN_GCC_ARM\startup_MK64F12.o
                0x00000000                __isr_vector
 *(.text.Reset_Handler)
 .text.Reset_Handler
                0x00000198       0x58 ..\mbed\TARGET_K64F\TOOLCHAIN_GCC_ARM\startup_MK64F12.o
                0x00000198                Reset_Handler
 *(.text.System_Init)
                0x000001f0                . = ALIGN (0x4)

.flash_protect  0x00000400       0x10
 *(.kinetis_flash_config_field)
 .kinetis_flash_config_field
                0x00000400       0x10 ..\mbed\TARGET_K64F\TOOLCHAIN_GCC_ARM\startup_MK64F12.o
                0x00000410                . = ALIGN (0x4)

.text           0x00000410    0x249f8
 *(.text*)
 .text          0x00000410       0x54 c:/freescale/kds_3.0.0/toolchain/bin/../lib/gcc/arm-none-eabi/4.8.4/armv7e-m/softfp/crtbegin.o
 .text          0x00000464       0x74 c:/freescale/kds_3.0.0/toolchain/bin/../lib/gcc/arm-none-eabi/4.8.4/../../../../arm-none-eabi/lib/armv7e-m/softfp/crt0.o
                0x00000464                _start
                0x00000464                _mainCRTStartup
 .text.rt_dly_wait
                0x000004d8       0x1c mbed-rtos\rtx\TARGET_CORTEX_M\rt_Time.o
                0x000004d8                rt_dly_wait
 .text.rt_svc_init
                0x000004f4       0x7c mbed-rtos\rtx\TARGET_CORTEX_M\rt_Task.o
 .text.rt_get_TID
                0x00000570       0x48 mbed-rtos\rtx\TARGET_CORTEX_M\rt_Task.o
                0x00000570                rt_get_TID
 .text.rt_init_context
                0x000005b8       0x68 mbed-rtos\rtx\TARGET_CORTEX_M\rt_Task.o
                0x000005b8                rt_init_context
 .text.rt_switch_req
                0x00000620       0x24 mbed-rtos\rtx\TARGET_CORTEX_M\rt_Task.o
                0x00000620                rt_switch_req
 .text.rt_dispatch
                0x00000644       0x64 mbed-rtos\rtx\TARGET_CORTEX_M\rt_Task.o
                0x00000644                rt_dispatch
 .text.rt_block
                0x000006a8       0x50 mbed-rtos\rtx\TARGET_CORTEX_M\rt_Task.o
                0x000006a8                rt_block
 .text.rt_tsk_self
                0x000006f8       0x24 mbed-rtos\rtx\TARGET_CORTEX_M\rt_Task.o
                0x000006f8                rt_tsk_self
 .text.rt_tsk_prio
                0x0000071c       0xb8 mbed-rtos\rtx\TARGET_CORTEX_M\rt_Task.o
                0x0000071c                rt_tsk_prio
 .text.rt_tsk_delete
                0x000007d4       0xb8 mbed-rtos\rtx\TARGET_CORTEX_M\rt_Task.o
                0x000007d4                rt_tsk_delete
 .text.rt_sys_init
                0x0000088c       0xc8 mbed-rtos\rtx\TARGET_CORTEX_M\rt_Task.o
                0x0000088c                rt_sys_init
 .text.rt_sys_start
                0x00000954       0x4c mbed-rtos\rtx\TARGET_CORTEX_M\rt_Task.o
                0x00000954                rt_sys_start
 .text.rt_systick_init
                0x000009a0       0x40 mbed-rtos\rtx\TARGET_CORTEX_M\rt_System.o
 .text.rt_psh_req
                0x000009e0       0x34 mbed-rtos\rtx\TARGET_CORTEX_M\rt_System.o
                0x000009e0                rt_psh_req
 .text.rt_pop_req
                0x00000a14       0xc8 mbed-rtos\rtx\TARGET_CORTEX_M\rt_System.o
                0x00000a14                rt_pop_req
 .text.os_tick_init
                0x00000adc       0x10 mbed-rtos\rtx\TARGET_CORTEX_M\rt_System.o
                0x00000adc                os_tick_init
 .text.os_tick_irqack
                0x00000aec        0xc mbed-rtos\rtx\TARGET_CORTEX_M\rt_System.o
                0x00000aec                os_tick_irqack
 .text.rt_systick
                0x00000af8       0x50 mbed-rtos\rtx\TARGET_CORTEX_M\rt_System.o
                0x00000af8                rt_systick
 .text.rt_stk_check
                0x00000b48       0x3c mbed-rtos\rtx\TARGET_CORTEX_M\rt_System.o
                0x00000b48                rt_stk_check
 .text.rt_sem_init
                0x00000b84       0x2c mbed-rtos\rtx\TARGET_CORTEX_M\rt_Semaphore.o
                0x00000b84                rt_sem_init
 .text.rt_sem_delete
                0x00000bb0       0x84 mbed-rtos\rtx\TARGET_CORTEX_M\rt_Semaphore.o
                0x00000bb0                rt_sem_delete
 .text.rt_sem_send
                0x00000c34       0x48 mbed-rtos\rtx\TARGET_CORTEX_M\rt_Semaphore.o
                0x00000c34                rt_sem_send
 .text.rt_sem_wait
                0x00000c7c       0x78 mbed-rtos\rtx\TARGET_CORTEX_M\rt_Semaphore.o
                0x00000c7c                rt_sem_wait
 .text.isr_sem_send
                0x00000cf4       0x20 mbed-rtos\rtx\TARGET_CORTEX_M\rt_Semaphore.o
                0x00000cf4                isr_sem_send
 .text.rt_sem_psh
                0x00000d14       0x4c mbed-rtos\rtx\TARGET_CORTEX_M\rt_Semaphore.o
                0x00000d14                rt_sem_psh
 .text.rt_init_robin
                0x00000d60       0x24 mbed-rtos\rtx\TARGET_CORTEX_M\rt_Robin.o
                0x00000d60                rt_init_robin
 .text.rt_chk_robin
                0x00000d84       0x68 mbed-rtos\rtx\TARGET_CORTEX_M\rt_Robin.o
                0x00000d84                rt_chk_robin
 .text.rt_mut_init
                0x00000dec       0x34 mbed-rtos\rtx\TARGET_CORTEX_M\rt_Mutex.o
                0x00000dec                rt_mut_init
 .text.rt_mut_release
                0x00000e20       0xf8 mbed-rtos\rtx\TARGET_CORTEX_M\rt_Mutex.o
                0x00000e20                rt_mut_release
 .text.rt_mut_wait
                0x00000f18       0xbc mbed-rtos\rtx\TARGET_CORTEX_M\rt_Mutex.o
                0x00000f18                rt_mut_wait
 .text.rt_alloc_box
                0x00000fd4       0x44 mbed-rtos\rtx\TARGET_CORTEX_M\rt_MemBox.o
                0x00000fd4                rt_alloc_box
 .text.rt_free_box
                0x00001018       0x54 mbed-rtos\rtx\TARGET_CORTEX_M\rt_MemBox.o
                0x00001018                rt_free_box
 .text.rt_mbx_init
                0x0000106c       0x50 mbed-rtos\rtx\TARGET_CORTEX_M\rt_Mailbox.o
                0x0000106c                rt_mbx_init
 .text.rt_mbx_send
                0x000010bc       0xf8 mbed-rtos\rtx\TARGET_CORTEX_M\rt_Mailbox.o
                0x000010bc                rt_mbx_send
 .text.rt_mbx_wait
                0x000011b4      0x118 mbed-rtos\rtx\TARGET_CORTEX_M\rt_Mailbox.o
                0x000011b4                rt_mbx_wait
 .text.rt_mbx_check
                0x000012cc       0x24 mbed-rtos\rtx\TARGET_CORTEX_M\rt_Mailbox.o
                0x000012cc                rt_mbx_check
 .text.isr_mbx_send
                0x000012f0       0x24 mbed-rtos\rtx\TARGET_CORTEX_M\rt_Mailbox.o
                0x000012f0                isr_mbx_send
 .text.isr_mbx_receive
                0x00001314       0x80 mbed-rtos\rtx\TARGET_CORTEX_M\rt_Mailbox.o
                0x00001314                isr_mbx_receive
 .text.rt_mbx_psh
                0x00001394      0x158 mbed-rtos\rtx\TARGET_CORTEX_M\rt_Mailbox.o
                0x00001394                rt_mbx_psh
 .text.rt_inc_qi
                0x000014ec       0x60 mbed-rtos\rtx\TARGET_CORTEX_M\rt_List.o
 .text.rt_put_prio
                0x0000154c       0x8c mbed-rtos\rtx\TARGET_CORTEX_M\rt_List.o
                0x0000154c                rt_put_prio
 .text.rt_get_first
                0x000015d8       0x60 mbed-rtos\rtx\TARGET_CORTEX_M\rt_List.o
                0x000015d8                rt_get_first
 .text.rt_put_rdy_first
                0x00001638       0x2c mbed-rtos\rtx\TARGET_CORTEX_M\rt_List.o
                0x00001638                rt_put_rdy_first
 .text.rt_resort_prio
                0x00001664       0x4c mbed-rtos\rtx\TARGET_CORTEX_M\rt_List.o
                0x00001664                rt_resort_prio
 .text.rt_put_dly
                0x000016b0       0xc8 mbed-rtos\rtx\TARGET_CORTEX_M\rt_List.o
                0x000016b0                rt_put_dly
 .text.rt_dec_dly
                0x00001778       0xcc mbed-rtos\rtx\TARGET_CORTEX_M\rt_List.o
                0x00001778                rt_dec_dly
 .text.rt_rmv_list
                0x00001844       0x64 mbed-rtos\rtx\TARGET_CORTEX_M\rt_List.o
                0x00001844                rt_rmv_list
 .text.rt_rmv_dly
                0x000018a8       0x5c mbed-rtos\rtx\TARGET_CORTEX_M\rt_List.o
                0x000018a8                rt_rmv_dly
 .text.rt_psq_enq
                0x00001904       0x54 mbed-rtos\rtx\TARGET_CORTEX_M\rt_List.o
                0x00001904                rt_psq_enq
 .text.rt_evt_psh
                0x00001958       0xa4 mbed-rtos\rtx\TARGET_CORTEX_M\rt_Event.o
                0x00001958                rt_evt_psh
 .text.rt_ms2tick
                0x000019fc       0x68 mbed-rtos\rtx\TARGET_CORTEX_M\rt_CMSIS.o
 .text.rt_tid2ptcb
                0x00001a64       0x40 mbed-rtos\rtx\TARGET_CORTEX_M\rt_CMSIS.o
 .text.rt_id2obj
                0x00001aa4       0x24 mbed-rtos\rtx\TARGET_CORTEX_M\rt_CMSIS.o
 .text.svcKernelInitialize
                0x00001ac8       0x38 mbed-rtos\rtx\TARGET_CORTEX_M\rt_CMSIS.o
                0x00001ac8                svcKernelInitialize
 .text.svcKernelStart
                0x00001b00       0x78 mbed-rtos\rtx\TARGET_CORTEX_M\rt_CMSIS.o
                0x00001b00                svcKernelStart
 .text.osKernelInitialize
                0x00001b78       0x44 mbed-rtos\rtx\TARGET_CORTEX_M\rt_CMSIS.o
                0x00001b78                osKernelInitialize
 .text.osKernelStart
                0x00001bbc       0xc8 mbed-rtos\rtx\TARGET_CORTEX_M\rt_CMSIS.o
                0x00001bbc                osKernelStart
 .text.svcThreadCreate
                0x00001c84       0xc8 mbed-rtos\rtx\TARGET_CORTEX_M\rt_CMSIS.o
                0x00001c84                svcThreadCreate
 .text.svcThreadGetId
                0x00001d4c       0x2c mbed-rtos\rtx\TARGET_CORTEX_M\rt_CMSIS.o
                0x00001d4c                svcThreadGetId
 .text.svcThreadTerminate
                0x00001d78       0x3c mbed-rtos\rtx\TARGET_CORTEX_M\rt_CMSIS.o
                0x00001d78                svcThreadTerminate
 .text.osThreadCreate
                0x00001db4       0x64 mbed-rtos\rtx\TARGET_CORTEX_M\rt_CMSIS.o
                0x00001db4                osThreadCreate
 .text.osThreadTerminate
                0x00001e18       0x34 mbed-rtos\rtx\TARGET_CORTEX_M\rt_CMSIS.o
                0x00001e18                osThreadTerminate
 .text.osThreadExit
                0x00001e4c       0x20 mbed-rtos\rtx\TARGET_CORTEX_M\rt_CMSIS.o
                0x00001e4c                osThreadExit
 .text.svcDelay
                0x00001e6c       0x2c mbed-rtos\rtx\TARGET_CORTEX_M\rt_CMSIS.o
                0x00001e6c                svcDelay
 .text.osDelay  0x00001e98       0x34 mbed-rtos\rtx\TARGET_CORTEX_M\rt_CMSIS.o
                0x00001e98                osDelay
 .text.rt_timer_insert
                0x00001ecc       0x84 mbed-rtos\rtx\TARGET_CORTEX_M\rt_CMSIS.o
 .text.svcTimerCall
                0x00001f50       0x60 mbed-rtos\rtx\TARGET_CORTEX_M\rt_CMSIS.o
                0x00001f50                svcTimerCall
 .text.sysTimerTick
                0x00001fb0       0x7c mbed-rtos\rtx\TARGET_CORTEX_M\rt_CMSIS.o
                0x00001fb0                sysTimerTick
 .text.osTimerCall
                0x0000202c       0x30 mbed-rtos\rtx\TARGET_CORTEX_M\rt_CMSIS.o
                0x0000202c                osTimerCall
 .text.osTimerThread
                0x0000205c       0x48 mbed-rtos\rtx\TARGET_CORTEX_M\rt_CMSIS.o
                0x0000205c                osTimerThread
 .text.svcMutexCreate
                0x000020a4       0x50 mbed-rtos\rtx\TARGET_CORTEX_M\rt_CMSIS.o
                0x000020a4                svcMutexCreate
 .text.svcMutexWait
                0x000020f4       0x5c mbed-rtos\rtx\TARGET_CORTEX_M\rt_CMSIS.o
                0x000020f4                svcMutexWait
 .text.svcMutexRelease
                0x00002150       0x44 mbed-rtos\rtx\TARGET_CORTEX_M\rt_CMSIS.o
                0x00002150                svcMutexRelease
 .text.osMutexCreate
                0x00002194       0x58 mbed-rtos\rtx\TARGET_CORTEX_M\rt_CMSIS.o
                0x00002194                osMutexCreate
 .text.osMutexWait
                0x000021ec       0x3c mbed-rtos\rtx\TARGET_CORTEX_M\rt_CMSIS.o
                0x000021ec                osMutexWait
 .text.osMutexRelease
                0x00002228       0x34 mbed-rtos\rtx\TARGET_CORTEX_M\rt_CMSIS.o
                0x00002228                osMutexRelease
 .text.svcSemaphoreCreate
                0x0000225c       0x6c mbed-rtos\rtx\TARGET_CORTEX_M\rt_CMSIS.o
                0x0000225c                svcSemaphoreCreate
 .text.svcSemaphoreWait
                0x000022c8       0x58 mbed-rtos\rtx\TARGET_CORTEX_M\rt_CMSIS.o
                0x000022c8                svcSemaphoreWait
 .text.svcSemaphoreRelease
                0x00002320       0x48 mbed-rtos\rtx\TARGET_CORTEX_M\rt_CMSIS.o
                0x00002320                svcSemaphoreRelease
 .text.svcSemaphoreDelete
                0x00002368       0x38 mbed-rtos\rtx\TARGET_CORTEX_M\rt_CMSIS.o
                0x00002368                svcSemaphoreDelete
 .text.isrSemaphoreRelease
                0x000023a0       0x48 mbed-rtos\rtx\TARGET_CORTEX_M\rt_CMSIS.o
 .text.osSemaphoreCreate
                0x000023e8       0x64 mbed-rtos\rtx\TARGET_CORTEX_M\rt_CMSIS.o
                0x000023e8                osSemaphoreCreate
 .text.osSemaphoreWait
                0x0000244c       0x3c mbed-rtos\rtx\TARGET_CORTEX_M\rt_CMSIS.o
                0x0000244c                osSemaphoreWait
 .text.osSemaphoreRelease
                0x00002488       0x38 mbed-rtos\rtx\TARGET_CORTEX_M\rt_CMSIS.o
                0x00002488                osSemaphoreRelease
 .text.osSemaphoreDelete
                0x000024c0       0x34 mbed-rtos\rtx\TARGET_CORTEX_M\rt_CMSIS.o
                0x000024c0                osSemaphoreDelete
 .text.svcMessageCreate
                0x000024f4       0x64 mbed-rtos\rtx\TARGET_CORTEX_M\rt_CMSIS.o
                0x000024f4                svcMessageCreate
 .text.svcMessagePut
                0x00002558       0x58 mbed-rtos\rtx\TARGET_CORTEX_M\rt_CMSIS.o
                0x00002558                svcMessagePut
 .text.svcMessageGet
                0x000025b0       0xec mbed-rtos\rtx\TARGET_CORTEX_M\rt_CMSIS.o
                0x000025b0                svcMessageGet
 .text.isrMessagePut
                0x0000269c       0x4c mbed-rtos\rtx\TARGET_CORTEX_M\rt_CMSIS.o
 .text.isrMessageGet
                0x000026e8       0x84 mbed-rtos\rtx\TARGET_CORTEX_M\rt_CMSIS.o
 .text.osMessageCreate
                0x0000276c       0x64 mbed-rtos\rtx\TARGET_CORTEX_M\rt_CMSIS.o
                0x0000276c                osMessageCreate
 .text.osMessagePut
                0x000027d0       0x4c mbed-rtos\rtx\TARGET_CORTEX_M\rt_CMSIS.o
                0x000027d0                osMessagePut
 .text.osMessageGet
                0x0000281c       0x5c mbed-rtos\rtx\TARGET_CORTEX_M\rt_CMSIS.o
                0x0000281c                osMessageGet
 .text          0x00002878      0x184 mbed-rtos\rtx\TARGET_CORTEX_M\TARGET_RTOS_M4_M7\TOOLCHAIN_GCC\HAL_CM4.o
                0x00002878                rt_set_PSP
                0x0000287e                rt_get_PSP
                0x00002884                os_set_env
                0x0000289c                _alloc_box
                0x000028b8                _free_box
                0x000028d4                SVC_Handler
                0x0000296a                PendSV_Handler
                0x00002970                Sys_Switch
                0x000029ca                SysTick_Handler
                0x000029d4                OS_Tick_Handler
 .text.os_idle_demon
                0x000029fc        0x8 mbed-rtos\rtx\TARGET_CORTEX_M\RTX_Conf_CM.o
                0x000029fc                os_idle_demon
 .text.os_error
                0x00002a04       0x14 mbed-rtos\rtx\TARGET_CORTEX_M\RTX_Conf_CM.o
                0x00002a04                os_error
 .text.sysThreadError
                0x00002a18       0x18 mbed-rtos\rtx\TARGET_CORTEX_M\RTX_Conf_CM.o
                0x00002a18                sysThreadError
 .text.set_main_stack
                0x00002a30       0x1c mbed-rtos\rtx\TARGET_CORTEX_M\RTX_Conf_CM.o
                0x00002a30                set_main_stack
 .text.software_init_hook
                0x00002a4c       0x38 mbed-rtos\rtx\TARGET_CORTEX_M\RTX_Conf_CM.o
                0x00002a4c                software_init_hook
 .text.rt_init_stack
                0x00002a84       0x98 mbed-rtos\rtx\TARGET_CORTEX_M\HAL_CM.o
                0x00002a84                rt_init_stack
 .text.rt_ret_regs
                0x00002b1c       0x2c mbed-rtos\rtx\TARGET_CORTEX_M\HAL_CM.o
 .text.rt_ret_val
                0x00002b48       0x20 mbed-rtos\rtx\TARGET_CORTEX_M\HAL_CM.o
                0x00002b48                rt_ret_val
 .text.rt_ret_val2
                0x00002b68       0x28 mbed-rtos\rtx\TARGET_CORTEX_M\HAL_CM.o
                0x00002b68                rt_ret_val2
 .text._ZN4rtos6ThreadC2EPFvPKvEPv10osPrioritymPh
                0x00002b90       0xbc mbed-rtos\rtos\Thread.o
                0x00002b90                rtos::Thread::Thread(void (*)(void const*), void*, osPriority, unsigned long, unsigned char*)
                0x00002b90                rtos::Thread::Thread(void (*)(void const*), void*, osPriority, unsigned long, unsigned char*)
 .text._ZN4rtos6Thread9terminateEv
                0x00002c4c       0x1c mbed-rtos\rtos\Thread.o
                0x00002c4c                rtos::Thread::terminate()
 .text._ZN4rtos6Thread4waitEm
                0x00002c68       0x18 mbed-rtos\rtos\Thread.o
                0x00002c68                rtos::Thread::wait(unsigned long)
 .text._ZN4rtos6ThreadD2Ev
                0x00002c80       0x4c mbed-rtos\rtos\Thread.o
                0x00002c80                rtos::Thread::~Thread()
                0x00002c80                rtos::Thread::~Thread()
 .text._ZN4rtos6ThreadD0Ev
                0x00002ccc       0x20 mbed-rtos\rtos\Thread.o
                0x00002ccc                rtos::Thread::~Thread()
 .text._ZN4rtos9SemaphoreC2El
                0x00002cec       0x40 mbed-rtos\rtos\Semaphore.o
                0x00002cec                rtos::Semaphore::Semaphore(long)
                0x00002cec                rtos::Semaphore::Semaphore(long)
 .text._ZN4rtos9Semaphore4waitEm
                0x00002d2c       0x20 mbed-rtos\rtos\Semaphore.o
                0x00002d2c                rtos::Semaphore::wait(unsigned long)
 .text._ZN4rtos9Semaphore7releaseEv
                0x00002d4c       0x1c mbed-rtos\rtos\Semaphore.o
                0x00002d4c                rtos::Semaphore::release()
 .text._ZN4rtos9SemaphoreD2Ev
                0x00002d68       0x1c mbed-rtos\rtos\Semaphore.o
                0x00002d68                rtos::Semaphore::~Semaphore()
                0x00002d68                rtos::Semaphore::~Semaphore()
 .text.GPIO_HAL_ReadPinInput
                0x00002d84       0x44 ServerClient.o
 .text.gpio_write
                0x00002dc8       0x6c ServerClient.o
 .text.gpio_read
                0x00002e34       0x68 ServerClient.o
 .text._ZN4mbed9DigitalInC2E7PinName
                0x00002e9c       0x24 ServerClient.o
                0x00002e9c                mbed::DigitalIn::DigitalIn(PinName)
                0x00002e9c                mbed::DigitalIn::DigitalIn(PinName)
 .text._ZN4mbed9DigitalIn4readEv
                0x00002ec0       0x1c ServerClient.o
                0x00002ec0                mbed::DigitalIn::read()
 .text._ZN4mbed9DigitalIncviEv
                0x00002edc       0x18 ServerClient.o
                0x00002edc                mbed::DigitalIn::operator int()
 .text._ZN4mbed10DigitalOutC2E7PinName
                0x00002ef4       0x24 ServerClient.o
                0x00002ef4                mbed::DigitalOut::DigitalOut(PinName)
                0x00002ef4                mbed::DigitalOut::DigitalOut(PinName)
 .text._ZN4mbed10DigitalOut5writeEi
                0x00002f18       0x1c ServerClient.o
                0x00002f18                mbed::DigitalOut::write(int)
 .text._ZN4mbed10DigitalOut4readEv
                0x00002f34       0x1c ServerClient.o
                0x00002f34                mbed::DigitalOut::read()
 .text._ZN4mbed10DigitalOutaSEi
                0x00002f50       0x1c ServerClient.o
                0x00002f50                mbed::DigitalOut::operator=(int)
 .text._ZN4mbed8AnalogInC2E7PinName
                0x00002f6c       0x20 ServerClient.o
                0x00002f6c                mbed::AnalogIn::AnalogIn(PinName)
                0x00002f6c                mbed::AnalogIn::AnalogIn(PinName)
 .text._ZN4mbed8AnalogIn4readEv
                0x00002f8c       0x1c ServerClient.o
                0x00002f8c                mbed::AnalogIn::read()
 .text._ZN4mbed8AnalogIncvfEv
                0x00002fa8       0x18 ServerClient.o
                0x00002fa8                mbed::AnalogIn::operator float()
 .text._ZN4mbed10SerialBaseD2Ev
                0x00002fc0       0x28 ServerClient.o
                0x00002fc0                mbed::SerialBase::~SerialBase()
                0x00002fc0                mbed::SerialBase::~SerialBase()
 .text._ZN4mbed10SerialBaseD0Ev
                0x00002fe8       0x20 ServerClient.o
                0x00002fe8                mbed::SerialBase::~SerialBase()
 .text._Z11checkThreadPKv
                0x00003008       0x3c ServerClient.o
                0x00003008                checkThread(void const*)
 .text._Z10controlLedPKv
                0x00003044       0x2c ServerClient.o
                0x00003044                controlLed(void const*)
 .text._Z10fanControlPKv
                0x00003070       0x28 ServerClient.o
                0x00003070                fanControl(void const*)
 .text._Z16connectionThreadPKv
                0x00003098      0x324 ServerClient.o
                0x00003098                connectionThread(void const*)
 .text.main     0x000033bc      0x140 ServerClient.o
                0x000033bc                main
 .text._ZN15TCPSocketServerD2Ev
                0x000034fc       0x1c ServerClient.o
                0x000034fc                TCPSocketServer::~TCPSocketServer()
                0x000034fc                TCPSocketServer::~TCPSocketServer()
 .text._ZN19TCPSocketConnectionD2Ev
                0x00003518       0x24 ServerClient.o
                0x00003518                TCPSocketConnection::~TCPSocketConnection()
                0x00003518                TCPSocketConnection::~TCPSocketConnection()
 .text._ZN4mbed6SerialD2Ev
                0x0000353c       0x50 ServerClient.o
                0x0000353c                mbed::Serial::~Serial()
                0x0000353c                mbed::Serial::~Serial()
 .text._ZN4mbed6SerialD1Ev
                0x0000358c       0x10 ServerClient.o
                0x0000358c                non-virtual thunk to mbed::Serial::~Serial()
                0x00003594                non-virtual thunk to mbed::Serial::~Serial()
 .text._ZN4mbed6SerialD0Ev
                0x0000359c       0x30 ServerClient.o
                0x0000359c                mbed::Serial::~Serial()
                0x000035bc                non-virtual thunk to mbed::Serial::~Serial()
                0x000035c4                non-virtual thunk to mbed::Serial::~Serial()
 .text._Z41__static_initialization_and_destruction_0ii
                0x000035cc       0xb8 ServerClient.o
 .text._GLOBAL__sub_I_T1
                0x00003684       0x10 ServerClient.o
 .text._ZN4mbed6PwmOutC2E7PinName
                0x00003694       0x20 Motordriver\motordriver.o
                0x00003694                mbed::PwmOut::PwmOut(PinName)
                0x00003694                mbed::PwmOut::PwmOut(PinName)
 .text._ZN4mbed6PwmOut5writeEf
                0x000036b4       0x1c Motordriver\motordriver.o
                0x000036b4                mbed::PwmOut::write(float)
 .text._ZN4mbed6PwmOut6periodEf
                0x000036d0       0x1c Motordriver\motordriver.o
                0x000036d0                mbed::PwmOut::period(float)
 .text._ZN4mbed6PwmOutaSEf
                0x000036ec       0x1c Motordriver\motordriver.o
                0x000036ec                mbed::PwmOut::operator=(float)
 .text._ZN5MotorC2E7PinNameS0_S0_i
                0x00003708       0x78 Motordriver\motordriver.o
                0x00003708                Motor::Motor(PinName, PinName, PinName, int)
                0x00003708                Motor::Motor(PinName, PinName, PinName, int)
 .text._ZN5Motor5speedEf
                0x00003780      0x234 Motordriver\motordriver.o
                0x00003780                Motor::speed(float)
 .text._ZN5Motor5coastEv
                0x000039b4       0x38 Motordriver\motordriver.o
                0x000039b4                Motor::coast()
 .text._ZN5Motor4stopEf
                0x000039ec       0x54 Motordriver\motordriver.o
                0x000039ec                Motor::stop(float)
 .text.sys_mbox_new
                0x00003a40       0x64 EthernetInterface\lwip-sys\arch\sys_arch.o
                0x00003a40                sys_mbox_new
 .text.sys_mbox_free
                0x00003aa4       0x30 EthernetInterface\lwip-sys\arch\sys_arch.o
                0x00003aa4                sys_mbox_free
 .text.sys_mbox_post
                0x00003ad4       0x34 EthernetInterface\lwip-sys\arch\sys_arch.o
                0x00003ad4                sys_mbox_post
 .text.sys_mbox_trypost
                0x00003b08       0x34 EthernetInterface\lwip-sys\arch\sys_arch.o
                0x00003b08                sys_mbox_trypost
 .text.sys_arch_mbox_fetch
                0x00003b3c       0x64 EthernetInterface\lwip-sys\arch\sys_arch.o
                0x00003b3c                sys_arch_mbox_fetch
 .text.sys_arch_mbox_tryfetch
                0x00003ba0       0x3c EthernetInterface\lwip-sys\arch\sys_arch.o
                0x00003ba0                sys_arch_mbox_tryfetch
 .text.sys_sem_new
                0x00003bdc       0x58 EthernetInterface\lwip-sys\arch\sys_arch.o
                0x00003bdc                sys_sem_new
 .text.sys_arch_sem_wait
                0x00003c34       0x54 EthernetInterface\lwip-sys\arch\sys_arch.o
                0x00003c34                sys_arch_sem_wait
 .text.sys_sem_signal
                0x00003c88       0x24 EthernetInterface\lwip-sys\arch\sys_arch.o
                0x00003c88                sys_sem_signal
 .text.sys_sem_free
                0x00003cac       0x14 EthernetInterface\lwip-sys\arch\sys_arch.o
                0x00003cac                sys_sem_free
 .text.sys_mutex_new
                0x00003cc0       0x48 EthernetInterface\lwip-sys\arch\sys_arch.o
                0x00003cc0                sys_mutex_new
 .text.sys_mutex_lock
                0x00003d08       0x2c EthernetInterface\lwip-sys\arch\sys_arch.o
                0x00003d08                sys_mutex_lock
 .text.sys_mutex_unlock
                0x00003d34       0x28 EthernetInterface\lwip-sys\arch\sys_arch.o
                0x00003d34                sys_mutex_unlock
 .text.sys_init
                0x00003d5c       0x30 EthernetInterface\lwip-sys\arch\sys_arch.o
                0x00003d5c                sys_init
 .text.sys_arch_protect
                0x00003d8c       0x2c EthernetInterface\lwip-sys\arch\sys_arch.o
                0x00003d8c                sys_arch_protect
 .text.sys_arch_unprotect
                0x00003db8       0x2c EthernetInterface\lwip-sys\arch\sys_arch.o
                0x00003db8                sys_arch_unprotect
 .text.sys_thread_new
                0x00003de4       0xa8 EthernetInterface\lwip-sys\arch\sys_arch.o
                0x00003de4                sys_thread_new
 .text.thumb2_memcpy
                0x00003e8c       0x3c EthernetInterface\lwip-sys\arch\memcpy.o
                0x00003e8c                thumb2_memcpy
 .text.thumb2_checksum
                0x00003ec8       0x7c EthernetInterface\lwip-sys\arch\checksum.o
                0x00003ec8                thumb2_checksum
 .text.NVIC_EnableIRQ
                0x00003f44       0x30 EthernetInterface\lwip-eth\arch\TARGET_Freescale\k64f_emac.o
 .text.enet_hal_active_rxbd
                0x00003f74       0x24 EthernetInterface\lwip-eth\arch\TARGET_Freescale\k64f_emac.o
 .text.enet_hal_active_txbd
                0x00003f98       0x24 EthernetInterface\lwip-eth\arch\TARGET_Freescale\k64f_emac.o
 .text.enet_hal_clear_interrupt
                0x00003fbc       0x1c EthernetInterface\lwip-eth\arch\TARGET_Freescale\k64f_emac.o
 .text.enet_hal_get_bd_size
                0x00003fd8       0x10 EthernetInterface\lwip-eth\arch\TARGET_Freescale\k64f_emac.o
 .text.INT_SYS_EnableIRQ
                0x00003fe8       0x54 EthernetInterface\lwip-eth\arch\TARGET_Freescale\k64f_emac.o
 .text.k64f_rxqueue_pbuf
                0x0000403c       0xa0 EthernetInterface\lwip-eth\arch\TARGET_Freescale\k64f_emac.o
 .text.k64f_rx_queue
                0x000040dc       0x70 EthernetInterface\lwip-eth\arch\TARGET_Freescale\k64f_emac.o
                0x000040dc                k64f_rx_queue
 .text.k64f_rx_setup
                0x0000414c       0xb4 EthernetInterface\lwip-eth\arch\TARGET_Freescale\k64f_emac.o
 .text.k64f_tx_setup
                0x00004200       0xb0 EthernetInterface\lwip-eth\arch\TARGET_Freescale\k64f_emac.o
 .text.k64f_tx_reclaim
                0x000042b0       0xf4 EthernetInterface\lwip-eth\arch\TARGET_Freescale\k64f_emac.o
 .text.low_level_init
                0x000043a4      0x16c EthernetInterface\lwip-eth\arch\TARGET_Freescale\k64f_emac.o
 .text.enet_mac_rx_isr
                0x00004510       0x28 EthernetInterface\lwip-eth\arch\TARGET_Freescale\k64f_emac.o
                0x00004510                enet_mac_rx_isr
 .text.enet_mac_tx_isr
                0x00004538       0x28 EthernetInterface\lwip-eth\arch\TARGET_Freescale\k64f_emac.o
                0x00004538                enet_mac_tx_isr
 .text.k64f_etharp_output
                0x00004560       0x34 EthernetInterface\lwip-eth\arch\TARGET_Freescale\k64f_emac.o
                0x00004560                k64f_etharp_output
 .text.k64f_low_level_input
                0x00004594       0xec EthernetInterface\lwip-eth\arch\TARGET_Freescale\k64f_emac.o
 .text.k64f_enetif_input
                0x00004680       0x68 EthernetInterface\lwip-eth\arch\TARGET_Freescale\k64f_emac.o
                0x00004680                k64f_enetif_input
 .text.packet_rx
                0x000046e8       0x64 EthernetInterface\lwip-eth\arch\TARGET_Freescale\k64f_emac.o
 .text.packet_tx
                0x0000474c       0x20 EthernetInterface\lwip-eth\arch\TARGET_Freescale\k64f_emac.o
 .text.k64f_tx_ready
                0x0000476c       0x58 EthernetInterface\lwip-eth\arch\TARGET_Freescale\k64f_emac.o
                0x0000476c                k64f_tx_ready
 .text.k64f_update_txbds
                0x000047c4       0x94 EthernetInterface\lwip-eth\arch\TARGET_Freescale\k64f_emac.o
                0x000047c4                k64f_update_txbds
 .text.k64f_low_level_output
                0x00004858      0x19c EthernetInterface\lwip-eth\arch\TARGET_Freescale\k64f_emac.o
 .text.k64f_phy_task
                0x000049f4       0xcc EthernetInterface\lwip-eth\arch\TARGET_Freescale\k64f_emac.o
 .text.eth_arch_enetif_init
                0x00004ac0      0x13c EthernetInterface\lwip-eth\arch\TARGET_Freescale\k64f_emac.o
                0x00004ac0                eth_arch_enetif_init
 .text.eth_arch_enable_interrupts
                0x00004bfc       0x40 EthernetInterface\lwip-eth\arch\TARGET_Freescale\k64f_emac.o
                0x00004bfc                eth_arch_enable_interrupts
 .text.ENET_Transmit_IRQHandler
                0x00004c3c       0x14 EthernetInterface\lwip-eth\arch\TARGET_Freescale\k64f_emac.o
                0x00004c3c                ENET_Transmit_IRQHandler
 .text.ENET_Receive_IRQHandler
                0x00004c50       0x14 EthernetInterface\lwip-eth\arch\TARGET_Freescale\k64f_emac.o
                0x00004c50                ENET_Receive_IRQHandler
 .text.PORT_HAL_SetPullMode
                0x00004c64       0x44 EthernetInterface\lwip-eth\arch\TARGET_Freescale\hardware_init_MK64F12.o
 .text.PORT_HAL_SetPullCmd
                0x00004ca8       0x48 EthernetInterface\lwip-eth\arch\TARGET_Freescale\hardware_init_MK64F12.o
 .text.PORT_HAL_SetOpenDrainCmd
                0x00004cf0       0x48 EthernetInterface\lwip-eth\arch\TARGET_Freescale\hardware_init_MK64F12.o
 .text.PORT_HAL_SetMuxMode
                0x00004d38       0x54 EthernetInterface\lwip-eth\arch\TARGET_Freescale\hardware_init_MK64F12.o
 .text.CLOCK_SYS_EnablePortClock
                0x00004d8c       0x20 EthernetInterface\lwip-eth\arch\TARGET_Freescale\hardware_init_MK64F12.o
 .text.CLOCK_SYS_EnableEnetClock
                0x00004dac       0x20 EthernetInterface\lwip-eth\arch\TARGET_Freescale\hardware_init_MK64F12.o
 .text.k64f_init_eth_hardware
                0x00004dcc       0xc0 EthernetInterface\lwip-eth\arch\TARGET_Freescale\hardware_init_MK64F12.o
                0x00004dcc                k64f_init_eth_hardware
 .text.enet_hal_reset_ethernet
                0x00004e8c       0x24 EthernetInterface\lwip-eth\arch\TARGET_Freescale\fsl_enet_driver.o
 .text.enet_hal_is_reset_completed
                0x00004eb0       0x2c EthernetInterface\lwip-eth\arch\TARGET_Freescale\fsl_enet_driver.o
 .text.enet_hal_enable_sleep
                0x00004edc       0x38 EthernetInterface\lwip-eth\arch\TARGET_Freescale\fsl_enet_driver.o
 .text.enet_hal_enable_payloadcheck
                0x00004f14       0x28 EthernetInterface\lwip-eth\arch\TARGET_Freescale\fsl_enet_driver.o
 .text.enet_hal_enable_rxcrcforward
                0x00004f3c       0x2c EthernetInterface\lwip-eth\arch\TARGET_Freescale\fsl_enet_driver.o
 .text.enet_hal_enable_pauseforward
                0x00004f68       0x28 EthernetInterface\lwip-eth\arch\TARGET_Freescale\fsl_enet_driver.o
 .text.enet_hal_enable_padremove
                0x00004f90       0x28 EthernetInterface\lwip-eth\arch\TARGET_Freescale\fsl_enet_driver.o
 .text.enet_hal_enable_flowcontrol
                0x00004fb8       0x38 EthernetInterface\lwip-eth\arch\TARGET_Freescale\fsl_enet_driver.o
 .text.enet_hal_enable_broadcastreject
                0x00004ff0       0x28 EthernetInterface\lwip-eth\arch\TARGET_Freescale\fsl_enet_driver.o
 .text.enet_hal_set_rx_max_size
                0x00005018       0x84 EthernetInterface\lwip-eth\arch\TARGET_Freescale\fsl_enet_driver.o
 .text.enet_hal_set_rxbd_address
                0x0000509c       0x20 EthernetInterface\lwip-eth\arch\TARGET_Freescale\fsl_enet_driver.o
 .text.enet_hal_set_txbd_address
                0x000050bc       0x20 EthernetInterface\lwip-eth\arch\TARGET_Freescale\fsl_enet_driver.o
 .text.enet_hal_config_mii
                0x000050dc       0x5c EthernetInterface\lwip-eth\arch\TARGET_Freescale\fsl_enet_driver.o
 .text.enet_hal_is_mii_enabled
                0x00005138       0x28 EthernetInterface\lwip-eth\arch\TARGET_Freescale\fsl_enet_driver.o
 .text.enet_hal_get_mii_data
                0x00005160       0x1c EthernetInterface\lwip-eth\arch\TARGET_Freescale\fsl_enet_driver.o
 .text.enet_hal_clear_interrupt
                0x0000517c       0x1c EthernetInterface\lwip-eth\arch\TARGET_Freescale\fsl_enet_driver.o
 .text.enet_hal_get_interrupt_status
                0x00005198       0x2c EthernetInterface\lwip-eth\arch\TARGET_Freescale\fsl_enet_driver.o
 .text.enet_hal_config_promiscuous
                0x000051c4       0x28 EthernetInterface\lwip-eth\arch\TARGET_Freescale\fsl_enet_driver.o
 .text.enet_hal_clear_mib
                0x000051ec       0x28 EthernetInterface\lwip-eth\arch\TARGET_Freescale\fsl_enet_driver.o
 .text.enet_hal_get_bd_size
                0x00005214       0x10 EthernetInterface\lwip-eth\arch\TARGET_Freescale\fsl_enet_driver.o
 .text.CLOCK_SYS_EnableEnetClock
                0x00005224       0x20 EthernetInterface\lwip-eth\arch\TARGET_Freescale\fsl_enet_driver.o
 .text.enet_mii_read
                0x00005244       0xa0 EthernetInterface\lwip-eth\arch\TARGET_Freescale\fsl_enet_driver.o
                0x00005244                enet_mii_read
 .text.enet_mii_write
                0x000052e4       0x8c EthernetInterface\lwip-eth\arch\TARGET_Freescale\fsl_enet_driver.o
                0x000052e4                enet_mii_write
 .text.enet_mac_mii_init
                0x00005370       0x48 EthernetInterface\lwip-eth\arch\TARGET_Freescale\fsl_enet_driver.o
                0x00005370                enet_mac_mii_init
 .text.enet_mac_rxbd_init
                0x000053b8       0x70 EthernetInterface\lwip-eth\arch\TARGET_Freescale\fsl_enet_driver.o
                0x000053b8                enet_mac_rxbd_init
 .text.enet_mac_txbd_init
                0x00005428       0x64 EthernetInterface\lwip-eth\arch\TARGET_Freescale\fsl_enet_driver.o
                0x00005428                enet_mac_txbd_init
 .text.enet_mac_configure_fifo_accel
                0x0000548c       0xf0 EthernetInterface\lwip-eth\arch\TARGET_Freescale\fsl_enet_driver.o
                0x0000548c                enet_mac_configure_fifo_accel
 .text.enet_mac_configure_controller
                0x0000557c      0x180 EthernetInterface\lwip-eth\arch\TARGET_Freescale\fsl_enet_driver.o
                0x0000557c                enet_mac_configure_controller
 .text.enet_mac_init
                0x000056fc      0x118 EthernetInterface\lwip-eth\arch\TARGET_Freescale\fsl_enet_driver.o
                0x000056fc                enet_mac_init
 .text.free_entry
                0x00005814       0x4c EthernetInterface\lwip\netif\etharp.o
 .text.etharp_tmr
                0x00005860       0x88 EthernetInterface\lwip\netif\etharp.o
                0x00005860                etharp_tmr
 .text.find_entry
                0x000058e8      0x1a4 EthernetInterface\lwip\netif\etharp.o
 .text.etharp_send_ip
                0x00005a8c       0x54 EthernetInterface\lwip\netif\etharp.o
 .text.update_arp_entry
                0x00005ae0       0xe4 EthernetInterface\lwip\netif\etharp.o
 .text.etharp_arp_input
                0x00005bc4      0x194 EthernetInterface\lwip\netif\etharp.o
 .text.etharp_output
                0x00005d58      0x130 EthernetInterface\lwip\netif\etharp.o
                0x00005d58                etharp_output
 .text.etharp_query
                0x00005e88      0x1bc EthernetInterface\lwip\netif\etharp.o
                0x00005e88                etharp_query
 .text.etharp_raw
                0x00006044      0x100 EthernetInterface\lwip\netif\etharp.o
 .text.etharp_request
                0x00006144       0x44 EthernetInterface\lwip\netif\etharp.o
                0x00006144                etharp_request
 .text.ethernet_input
                0x00006188       0xa4 EthernetInterface\lwip\netif\etharp.o
                0x00006188                ethernet_input
 .text.udp_input
                0x0000622c      0x2d8 EthernetInterface\lwip\core\udp.o
                0x0000622c                udp_input
 .text.udp_send_chksum
                0x00006504       0x30 EthernetInterface\lwip\core\udp.o
                0x00006504                udp_send_chksum
 .text.udp_sendto
                0x00006534       0x2c EthernetInterface\lwip\core\udp.o
                0x00006534                udp_sendto
 .text.udp_sendto_chksum
                0x00006560       0x5c EthernetInterface\lwip\core\udp.o
                0x00006560                udp_sendto_chksum
 .text.udp_sendto_if
                0x000065bc       0x30 EthernetInterface\lwip\core\udp.o
                0x000065bc                udp_sendto_if
 .text.udp_sendto_if_chksum
                0x000065ec      0x1f8 EthernetInterface\lwip\core\udp.o
                0x000065ec                udp_sendto_if_chksum
 .text.udp_bind
                0x000067e4       0xf8 EthernetInterface\lwip\core\udp.o
                0x000067e4                udp_bind
 .text.udp_connect
                0x000068dc       0x9c EthernetInterface\lwip\core\udp.o
                0x000068dc                udp_connect
 .text.udp_recv
                0x00006978       0x24 EthernetInterface\lwip\core\udp.o
                0x00006978                udp_recv
 .text.udp_remove
                0x0000699c       0x60 EthernetInterface\lwip\core\udp.o
                0x0000699c                udp_remove
 .text.udp_new  0x000069fc       0x30 EthernetInterface\lwip\core\udp.o
                0x000069fc                udp_new
 .text.tcpip_tcp_timer
                0x00006a2c       0x44 EthernetInterface\lwip\core\timers.o
 .text.tcp_timer_needed
                0x00006a70       0x40 EthernetInterface\lwip\core\timers.o
                0x00006a70                tcp_timer_needed
 .text.ip_reass_timer
                0x00006ab0       0x24 EthernetInterface\lwip\core\timers.o
 .text.arp_timer
                0x00006ad4       0x24 EthernetInterface\lwip\core\timers.o
 .text.dhcp_timer_coarse
                0x00006af8       0x24 EthernetInterface\lwip\core\timers.o
 .text.dhcp_timer_fine
                0x00006b1c       0x24 EthernetInterface\lwip\core\timers.o
 .text.igmp_timer
                0x00006b40       0x20 EthernetInterface\lwip\core\timers.o
 .text.dns_timer
                0x00006b60       0x24 EthernetInterface\lwip\core\timers.o
 .text.sys_timeouts_init
                0x00006b84       0x64 EthernetInterface\lwip\core\timers.o
                0x00006b84                sys_timeouts_init
 .text.sys_timeout
                0x00006be8       0xdc EthernetInterface\lwip\core\timers.o
                0x00006be8                sys_timeout
 .text.sys_untimeout
                0x00006cc4       0x8c EthernetInterface\lwip\core\timers.o
                0x00006cc4                sys_untimeout
 .text.sys_timeouts_mbox_fetch
                0x00006d50       0xb0 EthernetInterface\lwip\core\timers.o
                0x00006d50                sys_timeouts_mbox_fetch
 .text.tcp_output_alloc_header
                0x00006e00       0xd4 EthernetInterface\lwip\core\tcp_out.o
 .text.tcp_send_fin
                0x00006ed4       0x78 EthernetInterface\lwip\core\tcp_out.o
                0x00006ed4                tcp_send_fin
 .text.tcp_create_segment
                0x00006f4c      0x118 EthernetInterface\lwip\core\tcp_out.o
 .text.tcp_seg_add_chksum
                0x00007064       0x60 EthernetInterface\lwip\core\tcp_out.o
 .text.tcp_write_checks
                0x000070c4       0x9c EthernetInterface\lwip\core\tcp_out.o
 .text.tcp_write
                0x00007160      0x468 EthernetInterface\lwip\core\tcp_out.o
                0x00007160                tcp_write
 .text.tcp_enqueue_flags
                0x000075c8      0x17c EthernetInterface\lwip\core\tcp_out.o
                0x000075c8                tcp_enqueue_flags
 .text.tcp_send_empty_ack
                0x00007744       0x94 EthernetInterface\lwip\core\tcp_out.o
                0x00007744                tcp_send_empty_ack
 .text.tcp_output
                0x000077d8      0x2cc EthernetInterface\lwip\core\tcp_out.o
                0x000077d8                tcp_output
 .text.tcp_output_segment
                0x00007aa4      0x1b4 EthernetInterface\lwip\core\tcp_out.o
 .text.tcp_rst  0x00007c58       0xe0 EthernetInterface\lwip\core\tcp_out.o
                0x00007c58                tcp_rst
 .text.tcp_rexmit_rto
                0x00007d38       0x60 EthernetInterface\lwip\core\tcp_out.o
                0x00007d38                tcp_rexmit_rto
 .text.tcp_rexmit
                0x00007d98       0x88 EthernetInterface\lwip\core\tcp_out.o
                0x00007d98                tcp_rexmit
 .text.tcp_rexmit_fast
                0x00007e20       0xac EthernetInterface\lwip\core\tcp_out.o
                0x00007e20                tcp_rexmit_fast
 .text.tcp_keepalive
                0x00007ecc       0x74 EthernetInterface\lwip\core\tcp_out.o
                0x00007ecc                tcp_keepalive
 .text.tcp_zero_window_probe
                0x00007f40      0x124 EthernetInterface\lwip\core\tcp_out.o
                0x00007f40                tcp_zero_window_probe
 .text.tcp_input
                0x00008064      0x670 EthernetInterface\lwip\core\tcp_in.o
                0x00008064                tcp_input
 .text.tcp_listen_input
                0x000086d4      0x170 EthernetInterface\lwip\core\tcp_in.o
 .text.tcp_timewait_input
                0x00008844       0xe0 EthernetInterface\lwip\core\tcp_in.o
 .text.tcp_process
                0x00008924      0x6bc EthernetInterface\lwip\core\tcp_in.o
 .text.tcp_receive
                0x00008fe0      0x8b8 EthernetInterface\lwip\core\tcp_in.o
 .text.tcp_parseopt
                0x00009898      0x108 EthernetInterface\lwip\core\tcp_in.o
 .text.tcp_tmr  0x000099a0       0x2c EthernetInterface\lwip\core\tcp.o
                0x000099a0                tcp_tmr
 .text.tcp_close_shutdown
                0x000099cc      0x220 EthernetInterface\lwip\core\tcp.o
 .text.tcp_close
                0x00009bec       0x34 EthernetInterface\lwip\core\tcp.o
                0x00009bec                tcp_close
 .text.tcp_shutdown
                0x00009c20       0x7c EthernetInterface\lwip\core\tcp.o
                0x00009c20                tcp_shutdown
 .text.tcp_abandon
                0x00009c9c       0xc8 EthernetInterface\lwip\core\tcp.o
                0x00009c9c                tcp_abandon
 .text.tcp_abort
                0x00009d64       0x18 EthernetInterface\lwip\core\tcp.o
                0x00009d64                tcp_abort
 .text.tcp_bind
                0x00009d7c       0xd4 EthernetInterface\lwip\core\tcp.o
                0x00009d7c                tcp_bind
 .text.tcp_accept_null
                0x00009e50       0x20 EthernetInterface\lwip\core\tcp.o
 .text.tcp_listen_with_backlog
                0x00009e70      0x114 EthernetInterface\lwip\core\tcp.o
                0x00009e70                tcp_listen_with_backlog
 .text.tcp_update_rcv_ann_wnd
                0x00009f84       0x84 EthernetInterface\lwip\core\tcp.o
                0x00009f84                tcp_update_rcv_ann_wnd
 .text.tcp_recved
                0x0000a008       0x60 EthernetInterface\lwip\core\tcp.o
                0x0000a008                tcp_recved
 .text.tcp_new_port
                0x0000a068       0x74 EthernetInterface\lwip\core\tcp.o
 .text.tcp_slowtmr
                0x0000a0dc      0x3d0 EthernetInterface\lwip\core\tcp.o
                0x0000a0dc                tcp_slowtmr
 .text.tcp_fasttmr
                0x0000a4ac       0xc8 EthernetInterface\lwip\core\tcp.o
                0x0000a4ac                tcp_fasttmr
 .text.tcp_segs_free
                0x0000a574       0x28 EthernetInterface\lwip\core\tcp.o
                0x0000a574                tcp_segs_free
 .text.tcp_seg_free
                0x0000a59c       0x30 EthernetInterface\lwip\core\tcp.o
                0x0000a59c                tcp_seg_free
 .text.tcp_recv_null
                0x0000a5cc       0x48 EthernetInterface\lwip\core\tcp.o
                0x0000a5cc                tcp_recv_null
 .text.tcp_kill_prio
                0x0000a614       0x80 EthernetInterface\lwip\core\tcp.o
 .text.tcp_kill_timewait
                0x0000a694       0x5c EthernetInterface\lwip\core\tcp.o
 .text.tcp_alloc
                0x0000a6f0      0x120 EthernetInterface\lwip\core\tcp.o
                0x0000a6f0                tcp_alloc
 .text.tcp_new  0x0000a810       0x10 EthernetInterface\lwip\core\tcp.o
                0x0000a810                tcp_new
 .text.tcp_arg  0x0000a820       0x1c EthernetInterface\lwip\core\tcp.o
                0x0000a820                tcp_arg
 .text.tcp_recv
                0x0000a83c       0x1c EthernetInterface\lwip\core\tcp.o
                0x0000a83c                tcp_recv
 .text.tcp_sent
                0x0000a858       0x1c EthernetInterface\lwip\core\tcp.o
                0x0000a858                tcp_sent
 .text.tcp_err  0x0000a874       0x1c EthernetInterface\lwip\core\tcp.o
                0x0000a874                tcp_err
 .text.tcp_accept
                0x0000a890       0x1c EthernetInterface\lwip\core\tcp.o
                0x0000a890                tcp_accept
 .text.tcp_poll
                0x0000a8ac       0x28 EthernetInterface\lwip\core\tcp.o
                0x0000a8ac                tcp_poll
 .text.tcp_pcb_purge
                0x0000a8d4       0x68 EthernetInterface\lwip\core\tcp.o
                0x0000a8d4                tcp_pcb_purge
 .text.tcp_pcb_remove
                0x0000a93c       0xa8 EthernetInterface\lwip\core\tcp.o
                0x0000a93c                tcp_pcb_remove
 .text.tcp_next_iss
                0x0000a9e4       0x28 EthernetInterface\lwip\core\tcp.o
                0x0000a9e4                tcp_next_iss
 .text.tcp_eff_send_mss
                0x0000aa0c       0x40 EthernetInterface\lwip\core\tcp.o
                0x0000aa0c                tcp_eff_send_mss
 .text.pbuf_alloc
                0x0000aa4c      0x1fc EthernetInterface\lwip\core\pbuf.o
                0x0000aa4c                pbuf_alloc
 .text.pbuf_alloced_custom
                0x0000ac48       0xb0 EthernetInterface\lwip\core\pbuf.o
                0x0000ac48                pbuf_alloced_custom
 .text.pbuf_realloc
                0x0000acf8       0xb0 EthernetInterface\lwip\core\pbuf.o
                0x0000acf8                pbuf_realloc
 .text.pbuf_header
                0x0000ada8       0xe0 EthernetInterface\lwip\core\pbuf.o
                0x0000ada8                pbuf_header
 .text.pbuf_free
                0x0000ae88       0xb0 EthernetInterface\lwip\core\pbuf.o
                0x0000ae88                pbuf_free
 .text.pbuf_clen
                0x0000af38       0x30 EthernetInterface\lwip\core\pbuf.o
                0x0000af38                pbuf_clen
 .text.pbuf_ref
                0x0000af68       0x2c EthernetInterface\lwip\core\pbuf.o
                0x0000af68                pbuf_ref
 .text.pbuf_cat
                0x0000af94       0x5c EthernetInterface\lwip\core\pbuf.o
                0x0000af94                pbuf_cat
 .text.pbuf_chain
                0x0000aff0       0x20 EthernetInterface\lwip\core\pbuf.o
                0x0000aff0                pbuf_chain
 .text.pbuf_copy
                0x0000b010      0x100 EthernetInterface\lwip\core\pbuf.o
                0x0000b010                pbuf_copy
 .text.pbuf_copy_partial
                0x0000b110       0xc4 EthernetInterface\lwip\core\pbuf.o
                0x0000b110                pbuf_copy_partial
 .text.netif_init
                0x0000b1d4        0xc EthernetInterface\lwip\core\netif.o
                0x0000b1d4                netif_init
 .text.netif_add
                0x0000b1e0       0xb0 EthernetInterface\lwip\core\netif.o
                0x0000b1e0                netif_add
 .text.netif_set_addr
                0x0000b290       0x2c EthernetInterface\lwip\core\netif.o
                0x0000b290                netif_set_addr
 .text.netif_set_ipaddr
                0x0000b2bc       0xb8 EthernetInterface\lwip\core\netif.o
                0x0000b2bc                netif_set_ipaddr
 .text.netif_set_gw
                0x0000b374       0x28 EthernetInterface\lwip\core\netif.o
                0x0000b374                netif_set_gw
 .text.netif_set_netmask
                0x0000b39c       0x28 EthernetInterface\lwip\core\netif.o
                0x0000b39c                netif_set_netmask
 .text.netif_set_default
                0x0000b3c4       0x1c EthernetInterface\lwip\core\netif.o
                0x0000b3c4                netif_set_default
 .text.netif_set_up
                0x0000b3e0       0x7c EthernetInterface\lwip\core\netif.o
                0x0000b3e0                netif_set_up
 .text.netif_set_down
                0x0000b45c       0x40 EthernetInterface\lwip\core\netif.o
                0x0000b45c                netif_set_down
 .text.netif_set_status_callback
                0x0000b49c       0x20 EthernetInterface\lwip\core\netif.o
                0x0000b49c                netif_set_status_callback
 .text.netif_set_link_up
                0x0000b4bc       0x88 EthernetInterface\lwip\core\netif.o
                0x0000b4bc                netif_set_link_up
 .text.netif_set_link_down
                0x0000b544       0x40 EthernetInterface\lwip\core\netif.o
                0x0000b544                netif_set_link_down
 .text.netif_set_link_callback
                0x0000b584       0x20 EthernetInterface\lwip\core\netif.o
                0x0000b584                netif_set_link_callback
 .text.memp_init
                0x0000b5a4       0x98 EthernetInterface\lwip\core\memp.o
                0x0000b5a4                memp_init
 .text.memp_malloc
                0x0000b63c       0x4c EthernetInterface\lwip\core\memp.o
                0x0000b63c                memp_malloc
 .text.memp_free
                0x0000b688       0x44 EthernetInterface\lwip\core\memp.o
                0x0000b688                memp_free
 .text.plug_holes
                0x0000b6cc       0xbc EthernetInterface\lwip\core\mem.o
 .text.mem_init
                0x0000b788       0x80 EthernetInterface\lwip\core\mem.o
                0x0000b788                mem_init
 .text.mem_free
                0x0000b808       0x78 EthernetInterface\lwip\core\mem.o
                0x0000b808                mem_free
 .text.mem_trim
                0x0000b880      0x194 EthernetInterface\lwip\core\mem.o
                0x0000b880                mem_trim
 .text.mem_malloc
                0x0000ba14      0x15c EthernetInterface\lwip\core\mem.o
                0x0000ba14                mem_malloc
 .text.ip_reass_tmr
                0x0000bb70       0x54 EthernetInterface\lwip\core\ipv4\ip_frag.o
                0x0000bb70                ip_reass_tmr
 .text.ip_reass_free_complete_datagram
                0x0000bbc4       0xc0 EthernetInterface\lwip\core\ipv4\ip_frag.o
 .text.ip_reass_remove_oldest_datagram
                0x0000bc84       0xb8 EthernetInterface\lwip\core\ipv4\ip_frag.o
 .text.ip_reass_enqueue_new_datagram
                0x0000bd3c       0x74 EthernetInterface\lwip\core\ipv4\ip_frag.o
 .text.ip_reass_dequeue_datagram
                0x0000bdb0       0x38 EthernetInterface\lwip\core\ipv4\ip_frag.o
 .text.ip_reass_chain_frag_into_datagram_and_validate
                0x0000bde8      0x1fc EthernetInterface\lwip\core\ipv4\ip_frag.o
 .text.ip_reass
                0x0000bfe4      0x278 EthernetInterface\lwip\core\ipv4\ip_frag.o
                0x0000bfe4                ip_reass
 .text.ip_frag_alloc_pbuf_custom_ref
                0x0000c25c       0x10 EthernetInterface\lwip\core\ipv4\ip_frag.o
 .text.ip_frag_free_pbuf_custom_ref
                0x0000c26c       0x18 EthernetInterface\lwip\core\ipv4\ip_frag.o
 .text.ipfrag_free_pbuf_custom
                0x0000c284       0x2c EthernetInterface\lwip\core\ipv4\ip_frag.o
 .text.ip_frag  0x0000c2b0      0x248 EthernetInterface\lwip\core\ipv4\ip_frag.o
                0x0000c2b0                ip_frag
 .text.ip4_addr_isbroadcast
                0x0000c4f8       0x78 EthernetInterface\lwip\core\ipv4\ip_addr.o
                0x0000c4f8                ip4_addr_isbroadcast
 .text.ipaddr_addr
                0x0000c570       0x2c EthernetInterface\lwip\core\ipv4\ip_addr.o
                0x0000c570                ipaddr_addr
 .text.ipaddr_aton
                0x0000c59c      0x238 EthernetInterface\lwip\core\ipv4\ip_addr.o
                0x0000c59c                ipaddr_aton
 .text.ipaddr_ntoa
                0x0000c7d4       0x20 EthernetInterface\lwip\core\ipv4\ip_addr.o
                0x0000c7d4                ipaddr_ntoa
 .text.ipaddr_ntoa_r
                0x0000c7f4      0x104 EthernetInterface\lwip\core\ipv4\ip_addr.o
                0x0000c7f4                ipaddr_ntoa_r
 .text.ip_route
                0x0000c8f8       0x78 EthernetInterface\lwip\core\ipv4\ip.o
                0x0000c8f8                ip_route
 .text.ip_input
                0x0000c970      0x2ec EthernetInterface\lwip\core\ipv4\ip.o
                0x0000c970                ip_input
 .text.ip_output_if
                0x0000cc5c       0x38 EthernetInterface\lwip\core\ipv4\ip.o
                0x0000cc5c                ip_output_if
 .text.ip_output_if_opt
                0x0000cc94      0x244 EthernetInterface\lwip\core\ipv4\ip.o
                0x0000cc94                ip_output_if_opt
 .text.ip_output
                0x0000ced8       0x48 EthernetInterface\lwip\core\ipv4\ip.o
                0x0000ced8                ip_output
 .text.inet_chksum_pseudo
                0x0000cf20      0x110 EthernetInterface\lwip\core\ipv4\inet_chksum.o
                0x0000cf20                inet_chksum_pseudo
 .text.inet_chksum_pseudo_partial
                0x0000d030      0x138 EthernetInterface\lwip\core\ipv4\inet_chksum.o
                0x0000d030                inet_chksum_pseudo_partial
 .text.inet_chksum
                0x0000d168       0x24 EthernetInterface\lwip\core\ipv4\inet_chksum.o
                0x0000d168                inet_chksum
 .text.inet_chksum_pbuf
                0x0000d18c       0x90 EthernetInterface\lwip\core\ipv4\inet_chksum.o
                0x0000d18c                inet_chksum_pbuf
 .text.lwip_chksum_copy
                0x0000d21c       0x30 EthernetInterface\lwip\core\ipv4\inet_chksum.o
                0x0000d21c                lwip_chksum_copy
 .text.igmp_init
                0x0000d24c       0x28 EthernetInterface\lwip\core\ipv4\igmp.o
                0x0000d24c                igmp_init
 .text.igmp_start
                0x0000d274       0x54 EthernetInterface\lwip\core\ipv4\igmp.o
                0x0000d274                igmp_start
 .text.igmp_report_groups
                0x0000d2c8       0x38 EthernetInterface\lwip\core\ipv4\igmp.o
                0x0000d2c8                igmp_report_groups
 .text.igmp_lookfor_group
                0x0000d300       0x4c EthernetInterface\lwip\core\ipv4\igmp.o
                0x0000d300                igmp_lookfor_group
 .text.igmp_lookup_group
                0x0000d34c       0x80 EthernetInterface\lwip\core\ipv4\igmp.o
 .text.igmp_input
                0x0000d3cc      0x178 EthernetInterface\lwip\core\ipv4\igmp.o
                0x0000d3cc                igmp_input
 .text.igmp_tmr
                0x0000d544       0x48 EthernetInterface\lwip\core\ipv4\igmp.o
                0x0000d544                igmp_tmr
 .text.igmp_timeout
                0x0000d58c       0x20 EthernetInterface\lwip\core\ipv4\igmp.o
 .text.igmp_start_timer
                0x0000d5ac       0x3c EthernetInterface\lwip\core\ipv4\igmp.o
 .text.igmp_delaying_member
                0x0000d5e8       0x48 EthernetInterface\lwip\core\ipv4\igmp.o
 .text.igmp_ip_output_if
                0x0000d630       0x44 EthernetInterface\lwip\core\ipv4\igmp.o
 .text.igmp_send
                0x0000d674       0xc4 EthernetInterface\lwip\core\ipv4\igmp.o
 .text.icmp_input
                0x0000d738      0x1f4 EthernetInterface\lwip\core\ipv4\icmp.o
                0x0000d738                icmp_input
 .text.icmp_dest_unreach
                0x0000d92c       0x20 EthernetInterface\lwip\core\ipv4\icmp.o
                0x0000d92c                icmp_dest_unreach
 .text.icmp_time_exceeded
                0x0000d94c       0x20 EthernetInterface\lwip\core\ipv4\icmp.o
                0x0000d94c                icmp_time_exceeded
 .text.icmp_send_response
                0x0000d96c       0xac EthernetInterface\lwip\core\ipv4\icmp.o
 .text.lwip_init
                0x0000da18       0x28 EthernetInterface\lwip\core\init.o
                0x0000da18                lwip_init
 .text.dns_init
                0x0000da40       0x7c EthernetInterface\lwip\core\dns.o
                0x0000da40                dns_init
 .text.dns_setserver
                0x0000dabc       0x4c EthernetInterface\lwip\core\dns.o
                0x0000dabc                dns_setserver
 .text.dns_tmr  0x0000db08       0x18 EthernetInterface\lwip\core\dns.o
                0x0000db08                dns_tmr
 .text.dns_compare_name
                0x0000db20       0x68 EthernetInterface\lwip\core\dns.o
 .text.dns_parse_name
                0x0000db88       0x4c EthernetInterface\lwip\core\dns.o
 .text.dns_send
                0x0000dbd4      0x158 EthernetInterface\lwip\core\dns.o
 .text.dns_check_entry
                0x0000dd2c      0x158 EthernetInterface\lwip\core\dns.o
 .text.dns_check_entries
                0x0000de84       0x28 EthernetInterface\lwip\core\dns.o
 .text.dns_recv
                0x0000deac      0x20c EthernetInterface\lwip\core\dns.o
 .text.dhcp_handle_nak
                0x0000e0b8       0x44 EthernetInterface\lwip\core\dhcp.o
 .text.dhcp_check
                0x0000e0fc       0x5c EthernetInterface\lwip\core\dhcp.o
 .text.dhcp_handle_offer
                0x0000e158       0x44 EthernetInterface\lwip\core\dhcp.o
 .text.dhcp_select
                0x0000e19c      0x178 EthernetInterface\lwip\core\dhcp.o
 .text.dhcp_coarse_tmr
                0x0000e314       0x5c EthernetInterface\lwip\core\dhcp.o
                0x0000e314                dhcp_coarse_tmr
 .text.dhcp_fine_tmr
                0x0000e370       0x60 EthernetInterface\lwip\core\dhcp.o
                0x0000e370                dhcp_fine_tmr
 .text.dhcp_timeout
                0x0000e3d0       0xc8 EthernetInterface\lwip\core\dhcp.o
 .text.dhcp_t1_timeout
                0x0000e498       0x34 EthernetInterface\lwip\core\dhcp.o
 .text.dhcp_t2_timeout
                0x0000e4cc       0x34 EthernetInterface\lwip\core\dhcp.o
 .text.dhcp_handle_ack
                0x0000e500       0xf8 EthernetInterface\lwip\core\dhcp.o
 .text.dhcp_start
                0x0000e5f8      0x120 EthernetInterface\lwip\core\dhcp.o
                0x0000e5f8                dhcp_start
 .text.dhcp_network_changed
                0x0000e718       0x7c EthernetInterface\lwip\core\dhcp.o
                0x0000e718                dhcp_network_changed
 .text.dhcp_arp_reply
                0x0000e794       0x40 EthernetInterface\lwip\core\dhcp.o
                0x0000e794                dhcp_arp_reply
 .text.dhcp_decline
                0x0000e7d4       0xc4 EthernetInterface\lwip\core\dhcp.o
 .text.dhcp_discover
                0x0000e898      0x104 EthernetInterface\lwip\core\dhcp.o
 .text.dhcp_bind
                0x0000e99c      0x134 EthernetInterface\lwip\core\dhcp.o
 .text.dhcp_renew
                0x0000ead0      0x11c EthernetInterface\lwip\core\dhcp.o
                0x0000ead0                dhcp_renew
 .text.dhcp_rebind
                0x0000ebec      0x11c EthernetInterface\lwip\core\dhcp.o
 .text.dhcp_reboot
                0x0000ed08       0xf0 EthernetInterface\lwip\core\dhcp.o
 .text.dhcp_release
                0x0000edf8      0x110 EthernetInterface\lwip\core\dhcp.o
                0x0000edf8                dhcp_release
 .text.dhcp_stop
                0x0000ef08       0x54 EthernetInterface\lwip\core\dhcp.o
                0x0000ef08                dhcp_stop
 .text.dhcp_set_state
                0x0000ef5c       0x34 EthernetInterface\lwip\core\dhcp.o
 .text.dhcp_option
                0x0000ef90       0x4c EthernetInterface\lwip\core\dhcp.o
 .text.dhcp_option_byte
                0x0000efdc       0x30 EthernetInterface\lwip\core\dhcp.o
 .text.dhcp_option_short
                0x0000f00c       0x50 EthernetInterface\lwip\core\dhcp.o
 .text.dhcp_option_long
                0x0000f05c       0x8c EthernetInterface\lwip\core\dhcp.o
 .text.dhcp_parse_reply
                0x0000f0e8      0x3b4 EthernetInterface\lwip\core\dhcp.o
 .text.dhcp_recv
                0x0000f49c      0x144 EthernetInterface\lwip\core\dhcp.o
 .text.dhcp_create_msg
                0x0000f5e0      0x22c EthernetInterface\lwip\core\dhcp.o
 .text.dhcp_delete_msg
                0x0000f80c       0x34 EthernetInterface\lwip\core\dhcp.o
 .text.dhcp_option_trailer
                0x0000f840       0x60 EthernetInterface\lwip\core\dhcp.o
 .text.tcpip_thread
                0x0000f8a0      0x104 EthernetInterface\lwip\api\tcpip.o
 .text.tcpip_input
                0x0000f9a4       0x64 EthernetInterface\lwip\api\tcpip.o
                0x0000f9a4                tcpip_input
 .text.tcpip_callback_with_block
                0x0000fa08       0x78 EthernetInterface\lwip\api\tcpip.o
                0x0000fa08                tcpip_callback_with_block
 .text.tcpip_apimsg
                0x0000fa80       0x48 EthernetInterface\lwip\api\tcpip.o
                0x0000fa80                tcpip_apimsg
 .text.tcpip_init
                0x0000fac8       0x50 EthernetInterface\lwip\api\tcpip.o
                0x0000fac8                tcpip_init
 .text.lwip_socket_init
                0x0000fb18        0xc EthernetInterface\lwip\api\sockets.o
                0x0000fb18                lwip_socket_init
 .text.get_socket
                0x0000fb24       0x48 EthernetInterface\lwip\api\sockets.o
 .text.tryget_socket
                0x0000fb6c       0x50 EthernetInterface\lwip\api\sockets.o
 .text.alloc_socket
                0x0000fbbc      0x108 EthernetInterface\lwip\api\sockets.o
 .text.free_socket
                0x0000fcc4       0x54 EthernetInterface\lwip\api\sockets.o
 .text.lwip_accept
                0x0000fd18      0x1bc EthernetInterface\lwip\api\sockets.o
                0x0000fd18                lwip_accept
 .text.lwip_bind
                0x0000fed4       0xb8 EthernetInterface\lwip\api\sockets.o
                0x0000fed4                lwip_bind
 .text.lwip_close
                0x0000ff8c       0x58 EthernetInterface\lwip\api\sockets.o
                0x0000ff8c                lwip_close
 .text.lwip_listen
                0x0000ffe4       0x84 EthernetInterface\lwip\api\sockets.o
                0x0000ffe4                lwip_listen
 .text.lwip_recvfrom
                0x00010068      0x2ec EthernetInterface\lwip\api\sockets.o
                0x00010068                lwip_recvfrom
 .text.lwip_recv
                0x00010354       0x2c EthernetInterface\lwip\api\sockets.o
                0x00010354                lwip_recv
 .text.lwip_send
                0x00010380       0xf4 EthernetInterface\lwip\api\sockets.o
                0x00010380                lwip_send
 .text.lwip_sendto
                0x00010474      0x128 EthernetInterface\lwip\api\sockets.o
                0x00010474                lwip_sendto
 .text.lwip_socket
                0x0001059c       0xb4 EthernetInterface\lwip\api\sockets.o
                0x0001059c                lwip_socket
 .text.lwip_selscan
                0x00010650      0x1f0 EthernetInterface\lwip\api\sockets.o
 .text.lwip_select
                0x00010840      0x338 EthernetInterface\lwip\api\sockets.o
                0x00010840                lwip_select
 .text.event_callback
                0x00010b78      0x204 EthernetInterface\lwip\api\sockets.o
 .text.lwip_shutdown
                0x00010d7c       0xd0 EthernetInterface\lwip\api\sockets.o
                0x00010d7c                lwip_shutdown
 .text.netbuf_delete
                0x00010e4c       0x3c EthernetInterface\lwip\api\netbuf.o
                0x00010e4c                netbuf_delete
 .text.netbuf_free
                0x00010e88       0x38 EthernetInterface\lwip\api\netbuf.o
                0x00010e88                netbuf_free
 .text.netbuf_ref
                0x00010ec0       0x78 EthernetInterface\lwip\api\netbuf.o
                0x00010ec0                netbuf_ref
 .text.recv_udp
                0x00010f38       0xa0 EthernetInterface\lwip\api\api_msg.o
 .text.recv_tcp
                0x00010fd8       0xac EthernetInterface\lwip\api\api_msg.o
 .text.poll_tcp
                0x00011084       0x94 EthernetInterface\lwip\api\api_msg.o
 .text.sent_tcp
                0x00011118       0x90 EthernetInterface\lwip\api\api_msg.o
 .text.err_tcp  0x000111a8      0x108 EthernetInterface\lwip\api\api_msg.o
 .text.setup_tcp
                0x000112b0       0x50 EthernetInterface\lwip\api\api_msg.o
 .text.accept_function
                0x00011300       0xa4 EthernetInterface\lwip\api\api_msg.o
 .text.pcb_new  0x000113a4       0xa0 EthernetInterface\lwip\api\api_msg.o
 .text.do_newconn
                0x00011444       0x30 EthernetInterface\lwip\api\api_msg.o
                0x00011444                do_newconn
 .text.netconn_alloc
                0x00011474       0xc4 EthernetInterface\lwip\api\api_msg.o
                0x00011474                netconn_alloc
 .text.netconn_free
                0x00011538       0x28 EthernetInterface\lwip\api\api_msg.o
                0x00011538                netconn_free
 .text.netconn_drain
                0x00011560       0xd8 EthernetInterface\lwip\api\api_msg.o
 .text.do_close_internal
                0x00011638      0x1b0 EthernetInterface\lwip\api\api_msg.o
 .text.do_delconn
                0x000117e8       0xf8 EthernetInterface\lwip\api\api_msg.o
                0x000117e8                do_delconn
 .text.do_bind  0x000118e0       0x9c EthernetInterface\lwip\api\api_msg.o
                0x000118e0                do_bind
 .text.do_listen
                0x0001197c      0x108 EthernetInterface\lwip\api\api_msg.o
                0x0001197c                do_listen
 .text.do_send  0x00011a84       0xd4 EthernetInterface\lwip\api\api_msg.o
                0x00011a84                do_send
 .text.do_recv  0x00011b58       0x6c EthernetInterface\lwip\api\api_msg.o
                0x00011b58                do_recv
 .text.do_writemore
                0x00011bc4      0x1f0 EthernetInterface\lwip\api\api_msg.o
 .text.do_write
                0x00011db4       0x90 EthernetInterface\lwip\api\api_msg.o
                0x00011db4                do_write
 .text.do_getaddr
                0x00011e44       0xcc EthernetInterface\lwip\api\api_msg.o
                0x00011e44                do_getaddr
 .text.do_close
                0x00011f10       0xa0 EthernetInterface\lwip\api\api_msg.o
                0x00011f10                do_close
 .text.netconn_new_with_proto_and_callback
                0x00011fb0       0x6c EthernetInterface\lwip\api\api_lib.o
                0x00011fb0                netconn_new_with_proto_and_callback
 .text.netconn_delete
                0x0001201c       0x3c EthernetInterface\lwip\api\api_lib.o
                0x0001201c                netconn_delete
 .text.netconn_getaddr
                0x00012058       0x84 EthernetInterface\lwip\api\api_lib.o
                0x00012058                netconn_getaddr
 .text.netconn_bind
                0x000120dc       0x6c EthernetInterface\lwip\api\api_lib.o
                0x000120dc                netconn_bind
 .text.netconn_listen_with_backlog
                0x00012148       0x60 EthernetInterface\lwip\api\api_lib.o
                0x00012148                netconn_listen_with_backlog
 .text.netconn_accept
                0x000121a8       0xdc EthernetInterface\lwip\api\api_lib.o
                0x000121a8                netconn_accept
 .text.netconn_recv_data
                0x00012284      0x150 EthernetInterface\lwip\api\api_lib.o
 .text.netconn_recv_tcp_pbuf
                0x000123d4       0x30 EthernetInterface\lwip\api\api_lib.o
                0x000123d4                netconn_recv_tcp_pbuf
 .text.netconn_recv
                0x00012404       0xcc EthernetInterface\lwip\api\api_lib.o
                0x00012404                netconn_recv
 .text.netconn_recved
                0x000124d0       0x48 EthernetInterface\lwip\api\api_lib.o
                0x000124d0                netconn_recved
 .text.netconn_send
                0x00012518       0x64 EthernetInterface\lwip\api\api_lib.o
                0x00012518                netconn_send
 .text.netconn_write
                0x0001257c       0x88 EthernetInterface\lwip\api\api_lib.o
                0x0001257c                netconn_write
 .text.netconn_close_shutdown
                0x00012604       0x64 EthernetInterface\lwip\api\api_lib.o
 .text.netconn_shutdown
                0x00012668       0x44 EthernetInterface\lwip\api\api_lib.o
                0x00012668                netconn_shutdown
 .text._ZN15TCPSocketServerC2Ev
                0x000126ac       0x1c EthernetInterface\Socket\TCPSocketServer.o
                0x000126ac                TCPSocketServer::TCPSocketServer()
                0x000126ac                TCPSocketServer::TCPSocketServer()
 .text._ZN15TCPSocketServer4bindEi
                0x000126c8       0x80 EthernetInterface\Socket\TCPSocketServer.o
                0x000126c8                TCPSocketServer::bind(int)
 .text._ZN15TCPSocketServer6listenEi
                0x00012748       0x48 EthernetInterface\Socket\TCPSocketServer.o
                0x00012748                TCPSocketServer::listen(int)
 .text._ZN15TCPSocketServer6acceptER19TCPSocketConnection
                0x00012790       0xa8 EthernetInterface\Socket\TCPSocketServer.o
                0x00012790                TCPSocketServer::accept(TCPSocketConnection&)
 .text._ZN19TCPSocketConnectionC2Ev
                0x00012838       0x2c EthernetInterface\Socket\TCPSocketConnection.o
                0x00012838                TCPSocketConnection::TCPSocketConnection()
                0x00012838                TCPSocketConnection::TCPSocketConnection()
 .text._ZN19TCPSocketConnection12is_connectedEv
                0x00012864       0x1c EthernetInterface\Socket\TCPSocketConnection.o
                0x00012864                TCPSocketConnection::is_connected()
 .text._ZN19TCPSocketConnection8send_allEPci
                0x00012880       0xc8 EthernetInterface\Socket\TCPSocketConnection.o
                0x00012880                TCPSocketConnection::send_all(char*, int)
 .text._ZN19TCPSocketConnection7receiveEPci
                0x00012948       0x9c EthernetInterface\Socket\TCPSocketConnection.o
                0x00012948                TCPSocketConnection::receive(char*, int)
 .text._ZN6SocketC2Ev
                0x000129e4       0x2c EthernetInterface\Socket\Socket.o
                0x000129e4                Socket::Socket()
                0x000129e4                Socket::Socket()
 .text._ZN6Socket11init_socketEi
                0x00012a10       0x44 EthernetInterface\Socket\Socket.o
                0x00012a10                Socket::init_socket(int)
 .text._ZN6Socket6selectEP7timevalbb
                0x00012a54       0xc8 EthernetInterface\Socket\Socket.o
                0x00012a54                Socket::select(timeval*, bool, bool)
 .text._ZN6Socket13wait_readableER12TimeInterval
                0x00012b1c       0x24 EthernetInterface\Socket\Socket.o
                0x00012b1c                Socket::wait_readable(TimeInterval&)
 .text._ZN6Socket13wait_writableER12TimeInterval
                0x00012b40       0x24 EthernetInterface\Socket\Socket.o
                0x00012b40                Socket::wait_writable(TimeInterval&)
 .text._ZN6Socket5closeEb
                0x00012b64       0x48 EthernetInterface\Socket\Socket.o
                0x00012b64                Socket::close(bool)
 .text._ZN6SocketD2Ev
                0x00012bac       0x1c EthernetInterface\Socket\Socket.o
                0x00012bac                Socket::~Socket()
                0x00012bac                Socket::~Socket()
 .text._ZN12TimeIntervalC2Ej
                0x00012bc8       0x50 EthernetInterface\Socket\Socket.o
                0x00012bc8                TimeInterval::TimeInterval(unsigned int)
                0x00012bc8                TimeInterval::TimeInterval(unsigned int)
 .text._ZN8EndpointC2Ev
                0x00012c18       0x18 EthernetInterface\Socket\Endpoint.o
                0x00012c18                Endpoint::Endpoint()
                0x00012c18                Endpoint::Endpoint()
 .text._ZN8EndpointD2Ev
                0x00012c30       0x18 EthernetInterface\Socket\Endpoint.o
                0x00012c30                Endpoint::~Endpoint()
                0x00012c30                Endpoint::~Endpoint()
 .text._ZN8Endpoint13reset_addressEv
                0x00012c48       0x24 EthernetInterface\Socket\Endpoint.o
                0x00012c48                Endpoint::reset_address()
 .text._ZN8Endpoint11get_addressEv
                0x00012c6c       0x34 EthernetInterface\Socket\Endpoint.o
                0x00012c6c                Endpoint::get_address()
 .text._ZL15tcpip_init_donePv
                0x00012ca0       0x18 EthernetInterface\EthernetInterface.o
 .text._ZL19netif_link_callbackP5netif
                0x00012cb8       0x28 EthernetInterface\EthernetInterface.o
 .text._ZL21netif_status_callbackP5netif
                0x00012ce0       0x70 EthernetInterface\EthernetInterface.o
 .text._ZL10init_netifP7ip_addrS0_S0_
                0x00012d50       0x78 EthernetInterface\EthernetInterface.o
 .text._ZL15set_mac_addressv
                0x00012dc8       0x48 EthernetInterface\EthernetInterface.o
 .text._ZN17EthernetInterface4initEv
                0x00012e10       0x24 EthernetInterface\EthernetInterface.o
                0x00012e10                EthernetInterface::init()
 .text._ZN17EthernetInterface7connectEj
                0x00012e34       0x5c EthernetInterface\EthernetInterface.o
                0x00012e34                EthernetInterface::connect(unsigned int)
 .text._ZN17EthernetInterface12getIPAddressEv
                0x00012e90       0x14 EthernetInterface\EthernetInterface.o
                0x00012e90                EthernetInterface::getIPAddress()
 .text._Z41__static_initialization_and_destruction_0ii
                0x00012ea4       0x6c EthernetInterface\EthernetInterface.o
 .text._GLOBAL__sub_I__ZN17EthernetInterface4initEv
                0x00012f10       0x10 EthernetInterface\EthernetInterface.o
 .text.mbed_die
                0x00012f20       0x94 ..\mbed\TARGET_K64F\TOOLCHAIN_GCC_ARM\board.o
                0x00012f20                mbed_die
 .text.NVIC_SetVector
                0x00012fb4       0x3c ..\mbed\TARGET_K64F\TOOLCHAIN_GCC_ARM\cmsis_nvic.o
                0x00012fb4                NVIC_SetVector
 .text.NMI_Handler
                0x00012ff0       0x14 ..\mbed\TARGET_K64F\TOOLCHAIN_GCC_ARM\mbed_overrides.o
                0x00012ff0                NMI_Handler
 .text.mbed_mac_address
                0x00013004       0x50 ..\mbed\TARGET_K64F\TOOLCHAIN_GCC_ARM\mbed_overrides.o
                0x00013004                mbed_mac_address
 .text._ZN4mbed10FileHandle4flenEv
                0x00013054       0x34 ..\mbed\TARGET_K64F\TOOLCHAIN_GCC_ARM\retarget.o
                0x00013054                mbed::FileHandle::flen()
 .text._ZL11init_serialv.part.0
                0x00013088       0x14 ..\mbed\TARGET_K64F\TOOLCHAIN_GCC_ARM\retarget.o
 .text._ZN4mbed10FileHandleD2Ev
                0x0001309c       0x2c ..\mbed\TARGET_K64F\TOOLCHAIN_GCC_ARM\retarget.o
                0x0001309c                mbed::FileHandle::~FileHandle()
                0x0001309c                mbed::FileHandle::~FileHandle()
 .text._open    0x000130c8       0xf8 ..\mbed\TARGET_K64F\TOOLCHAIN_GCC_ARM\retarget.o
                0x000130c8                _open
 .text._close   0x000131c0       0x28 ..\mbed\TARGET_K64F\TOOLCHAIN_GCC_ARM\retarget.o
                0x000131c0                _close
 .text._write   0x000131e8       0x4c ..\mbed\TARGET_K64F\TOOLCHAIN_GCC_ARM\retarget.o
                0x000131e8                _write
 .text._read    0x00013234       0x44 ..\mbed\TARGET_K64F\TOOLCHAIN_GCC_ARM\retarget.o
                0x00013234                _read
 .text._isatty  0x00013278       0x24 ..\mbed\TARGET_K64F\TOOLCHAIN_GCC_ARM\retarget.o
                0x00013278                _isatty
 .text._lseek   0x0001329c       0x24 ..\mbed\TARGET_K64F\TOOLCHAIN_GCC_ARM\retarget.o
                0x0001329c                _lseek
 .text._fstat   0x000132c0       0x20 ..\mbed\TARGET_K64F\TOOLCHAIN_GCC_ARM\retarget.o
                0x000132c0                _fstat
 .text._ZN9__gnu_cxx27__verbose_terminate_handlerEv
                0x000132e0        0xc ..\mbed\TARGET_K64F\TOOLCHAIN_GCC_ARM\retarget.o
                0x000132e0                __gnu_cxx::__verbose_terminate_handler()
 .text.__cxa_pure_virtual
                0x000132ec        0x8 ..\mbed\TARGET_K64F\TOOLCHAIN_GCC_ARM\retarget.o
                0x000132ec                __cxa_pure_virtual
 .text._sbrk    0x000132f4       0x28 ..\mbed\TARGET_K64F\TOOLCHAIN_GCC_ARM\retarget.o
                0x000132f4                _sbrk
 .text._exit    0x0001331c       0x24 ..\mbed\TARGET_K64F\TOOLCHAIN_GCC_ARM\retarget.o
                0x0001331c                _exit
 .text._ZN4mbed26mbed_set_unbuffered_streamEP7__sFILE
                0x00013340        0x8 ..\mbed\TARGET_K64F\TOOLCHAIN_GCC_ARM\retarget.o
                0x00013340                mbed::mbed_set_unbuffered_stream(__sFILE*)
 .text          0x00013348       0x14 ..\mbed\TARGET_K64F\TOOLCHAIN_GCC_ARM\startup_MK64F12.o
                0x0001334a                HardFault_Handler
                0x0001334c                MemManage_Handler
                0x0001334e                BusFault_Handler
                0x00013350                UsageFault_Handler
                0x00013354                DebugMon_Handler
                0x0001335a                UART0_RX_TX_IRQHandler
                0x0001335a                I2C1_IRQHandler
                0x0001335a                DMA2_IRQHandler
                0x0001335a                ENET_Error_IRQHandler
                0x0001335a                CAN0_Tx_Warning_IRQHandler
                0x0001335a                PIT0_IRQHandler
                0x0001335a                UART3_RX_TX_IRQHandler
                0x0001335a                Watchdog_IRQHandler
                0x0001335a                CMP2_IRQHandler
                0x0001335a                ENET_1588_Timer_IRQHandler
                0x0001335a                UART2_RX_TX_IRQHandler
                0x0001335a                SWI_IRQHandler
                0x0001335a                ADC0_IRQHandler
                0x0001335a                CAN0_ORed_Message_buffer_IRQHandler
                0x0001335a                I2S0_Tx_IRQHandler
                0x0001335a                CMT_IRQHandler
                0x0001335a                UART4_RX_TX_IRQHandler
                0x0001335a                SPI1_IRQHandler
                0x0001335a                DefaultISR
                0x0001335a                DMA9_IRQHandler
                0x0001335a                DMA14_IRQHandler
                0x0001335a                CMP1_IRQHandler
                0x0001335a                Reserved71_IRQHandler
                0x0001335a                PORTD_IRQHandler
                0x0001335a                I2C0_IRQHandler
                0x0001335a                UART4_ERR_IRQHandler
                0x0001335a                ADC1_IRQHandler
                0x0001335a                I2C2_IRQHandler
                0x0001335a                PIT2_IRQHandler
                0x0001335a                I2S0_Rx_IRQHandler
                0x0001335a                LPTimer_IRQHandler
                0x0001335a                DMA5_IRQHandler
                0x0001335a                RTC_IRQHandler
                0x0001335a                PDB0_IRQHandler
                0x0001335a                FTM1_IRQHandler
                0x0001335a                UART5_RX_TX_IRQHandler
                0x0001335a                UART3_ERR_IRQHandler
                0x0001335a                PIT3_IRQHandler
                0x0001335a                SDHC_IRQHandler
                0x0001335a                RTC_Seconds_IRQHandler
                0x0001335a                MCG_IRQHandler
                0x0001335a                FTFE_IRQHandler
                0x0001335a                UART2_ERR_IRQHandler
                0x0001335a                DMA11_IRQHandler
                0x0001335a                UART5_ERR_IRQHandler
                0x0001335a                Read_Collision_IRQHandler
                0x0001335a                Default_Handler
                0x0001335a                DMA7_IRQHandler
                0x0001335a                USBDCD_IRQHandler
                0x0001335a                USB0_IRQHandler
                0x0001335a                LLW_IRQHandler
                0x0001335a                SPI2_IRQHandler
                0x0001335a                PORTB_IRQHandler
                0x0001335a                DMA13_IRQHandler
                0x0001335a                DMA3_IRQHandler
                0x0001335a                UART0_LON_IRQHandler
                0x0001335a                RNG_IRQHandler
                0x0001335a                DMA0_IRQHandler
                0x0001335a                DMA15_IRQHandler
                0x0001335a                DAC0_IRQHandler
                0x0001335a                CAN0_Error_IRQHandler
                0x0001335a                DMA4_IRQHandler
                0x0001335a                PIT1_IRQHandler
                0x0001335a                UART0_ERR_IRQHandler
                0x0001335a                DMA_Error_IRQHandler
                0x0001335a                LVD_LVW_IRQHandler
                0x0001335a                SPI0_IRQHandler
                0x0001335a                FTM0_IRQHandler
                0x0001335a                PORTA_IRQHandler
                0x0001335a                DAC1_IRQHandler
                0x0001335a                MCM_IRQHandler
                0x0001335a                DMA12_IRQHandler
                0x0001335a                CAN0_Bus_Off_IRQHandler
                0x0001335a                FTM3_IRQHandler
                0x0001335a                PORTE_IRQHandler
                0x0001335a                FTM2_IRQHandler
                0x0001335a                CAN0_Rx_Warning_IRQHandler
                0x0001335a                DMA8_IRQHandler
                0x0001335a                DMA10_IRQHandler
                0x0001335a                CAN0_Wake_Up_IRQHandler
                0x0001335a                UART1_ERR_IRQHandler
                0x0001335a                UART1_RX_TX_IRQHandler
                0x0001335a                CMP0_IRQHandler
                0x0001335a                PORTC_IRQHandler
                0x0001335a                DMA6_IRQHandler
                0x0001335a                DMA1_IRQHandler
 .text.SystemInit
                0x0001335c      0x154 ..\mbed\TARGET_K64F\TOOLCHAIN_GCC_ARM\system_MK64F12.o
                0x0001335c                SystemInit
 .text.CLOCK_SYS_GetFreq
                0x000134b0       0xb4 I:\HomeMonitoring-Final-Year-Project\Project\TCPEchoClient\mbed\TARGET_K64F\TOOLCHAIN_GCC_ARM\libmbed.a(fsl_clock_manager.o)
                0x000134b0                CLOCK_SYS_GetFreq
 .text.CLOCK_SYS_GetSysClkFreq
                0x00013564       0x60 I:\HomeMonitoring-Final-Year-Project\Project\TCPEchoClient\mbed\TARGET_K64F\TOOLCHAIN_GCC_ARM\libmbed.a(fsl_clock_manager.o)
                0x00013564                CLOCK_SYS_GetSysClkFreq
 .text.phy_init
                0x000135c4       0x98 I:\HomeMonitoring-Final-Year-Project\Project\TCPEchoClient\mbed\TARGET_K64F\TOOLCHAIN_GCC_ARM\libmbed.a(fsl_phy_driver.o)
                0x000135c4                phy_init
 .text.phy_auto_discover
                0x0001365c       0x3c I:\HomeMonitoring-Final-Year-Project\Project\TCPEchoClient\mbed\TARGET_K64F\TOOLCHAIN_GCC_ARM\libmbed.a(fsl_phy_driver.o)
                0x0001365c                phy_auto_discover
 .text.phy_get_link_speed
                0x00013698       0x34 I:\HomeMonitoring-Final-Year-Project\Project\TCPEchoClient\mbed\TARGET_K64F\TOOLCHAIN_GCC_ARM\libmbed.a(fsl_phy_driver.o)
                0x00013698                phy_get_link_speed
 .text.phy_get_link_status
                0x000136cc       0x58 I:\HomeMonitoring-Final-Year-Project\Project\TCPEchoClient\mbed\TARGET_K64F\TOOLCHAIN_GCC_ARM\libmbed.a(fsl_phy_driver.o)
                0x000136cc                phy_get_link_status
 .text.phy_get_link_duplex
                0x00013724       0x38 I:\HomeMonitoring-Final-Year-Project\Project\TCPEchoClient\mbed\TARGET_K64F\TOOLCHAIN_GCC_ARM\libmbed.a(fsl_phy_driver.o)
                0x00013724                phy_get_link_duplex
 .text.enet_hal_set_mac_address
                0x0001375c       0x34 I:\HomeMonitoring-Final-Year-Project\Project\TCPEchoClient\mbed\TARGET_K64F\TOOLCHAIN_GCC_ARM\libmbed.a(fsl_enet_hal.o)