Archive member included because of file (symbol)

E:\HomeMonitoring-Final-Year-Project\Project\TCPEchoClient\mbed\TARGET_K64F\TOOLCHAIN_GCC_ARM\libmbed.a(fsl_clock_manager.o)
                              EthernetInterface\lwip-eth\arch\TARGET_Freescale\fsl_enet_driver.o (CLOCK_SYS_GetFreq)
E:\HomeMonitoring-Final-Year-Project\Project\TCPEchoClient\mbed\TARGET_K64F\TOOLCHAIN_GCC_ARM\libmbed.a(fsl_enet_irq.o)
                              EthernetInterface\lwip-eth\arch\TARGET_Freescale\k64f_emac.o (enetIntMap)
E:\HomeMonitoring-Final-Year-Project\Project\TCPEchoClient\mbed\TARGET_K64F\TOOLCHAIN_GCC_ARM\libmbed.a(fsl_phy_driver.o)
                              EthernetInterface\lwip-eth\arch\TARGET_Freescale\k64f_emac.o (phy_get_link_speed)
E:\HomeMonitoring-Final-Year-Project\Project\TCPEchoClient\mbed\TARGET_K64F\TOOLCHAIN_GCC_ARM\libmbed.a(fsl_enet_hal.o)
                              EthernetInterface\lwip-eth\arch\TARGET_Freescale\fsl_enet_driver.o (enet_hal_set_mac_address)
E:\HomeMonitoring-Final-Year-Project\Project\TCPEchoClient\mbed\TARGET_K64F\TOOLCHAIN_GCC_ARM\libmbed.a(fsl_gpio_hal.o)
                              ServerClient.o (GPIO_HAL_WritePinOutput)
E:\HomeMonitoring-Final-Year-Project\Project\TCPEchoClient\mbed\TARGET_K64F\TOOLCHAIN_GCC_ARM\libmbed.a(fsl_mcg_hal.o)
                              E:\HomeMonitoring-Final-Year-Project\Project\TCPEchoClient\mbed\TARGET_K64F\TOOLCHAIN_GCC_ARM\libmbed.a(fsl_clock_manager.o) (CLOCK_HAL_GetFllRefClk)
E:\HomeMonitoring-Final-Year-Project\Project\TCPEchoClient\mbed\TARGET_K64F\TOOLCHAIN_GCC_ARM\libmbed.a(fsl_sim_hal.o)
                              EthernetInterface\lwip-eth\arch\TARGET_Freescale\hardware_init_MK64F12.o (CLOCK_HAL_SetSource)
E:\HomeMonitoring-Final-Year-Project\Project\TCPEchoClient\mbed\TARGET_K64F\TOOLCHAIN_GCC_ARM\libmbed.a(fsl_os_abstraction_mbed.o)
                              EthernetInterface\lwip-eth\arch\TARGET_Freescale\fsl_enet_driver.o (time_delay)
E:\HomeMonitoring-Final-Year-Project\Project\TCPEchoClient\mbed\TARGET_K64F\TOOLCHAIN_GCC_ARM\libmbed.a(crc.o)
                              ..\mbed\TARGET_K64F\TOOLCHAIN_GCC_ARM\mbed_overrides.o (crcSlow)
E:\HomeMonitoring-Final-Year-Project\Project\TCPEchoClient\mbed\TARGET_K64F\TOOLCHAIN_GCC_ARM\libmbed.a(fsl_sim_hal_K64F12.o)
                              EthernetInterface\lwip-eth\arch\TARGET_Freescale\hardware_init_MK64F12.o (SIM_HAL_EnablePortClock)
E:\HomeMonitoring-Final-Year-Project\Project\TCPEchoClient\mbed\TARGET_K64F\TOOLCHAIN_GCC_ARM\libmbed.a(analogin_api.o)
                              ServerClient.o (analogin_init)
E:\HomeMonitoring-Final-Year-Project\Project\TCPEchoClient\mbed\TARGET_K64F\TOOLCHAIN_GCC_ARM\libmbed.a(serial_api.o)
                              ..\mbed\TARGET_K64F\TOOLCHAIN_GCC_ARM\retarget.o (serial_init)
E:\HomeMonitoring-Final-Year-Project\Project\TCPEchoClient\mbed\TARGET_K64F\TOOLCHAIN_GCC_ARM\libmbed.a(us_ticker.o)
                              EthernetInterface\lwip-sys\arch\sys_arch.o (us_ticker_read)
E:\HomeMonitoring-Final-Year-Project\Project\TCPEchoClient\mbed\TARGET_K64F\TOOLCHAIN_GCC_ARM\libmbed.a(FilePath.o)
                              ..\mbed\TARGET_K64F\TOOLCHAIN_GCC_ARM\retarget.o (mbed::FilePath::FilePath(char const*))
E:\HomeMonitoring-Final-Year-Project\Project\TCPEchoClient\mbed\TARGET_K64F\TOOLCHAIN_GCC_ARM\libmbed.a(FileSystemLike.o)
                              ..\mbed\TARGET_K64F\TOOLCHAIN_GCC_ARM\retarget.o (mbed::FileSystemLike::opendir())
E:\HomeMonitoring-Final-Year-Project\Project\TCPEchoClient\mbed\TARGET_K64F\TOOLCHAIN_GCC_ARM\libmbed.a(Stream.o)
                              ServerClient.o (mbed::Stream::~Stream())
E:\HomeMonitoring-Final-Year-Project\Project\TCPEchoClient\mbed\TARGET_K64F\TOOLCHAIN_GCC_ARM\libmbed.a(Serial.o)
                              ServerClient.o (mbed::Serial::Serial(PinName, PinName, char const*))
E:\HomeMonitoring-Final-Year-Project\Project\TCPEchoClient\mbed\TARGET_K64F\TOOLCHAIN_GCC_ARM\libmbed.a(assert.o)
                              ServerClient.o (mbed_assert_internal)
E:\HomeMonitoring-Final-Year-Project\Project\TCPEchoClient\mbed\TARGET_K64F\TOOLCHAIN_GCC_ARM\libmbed.a(error.o)
                              mbed-rtos\rtos\Thread.o (error)
E:\HomeMonitoring-Final-Year-Project\Project\TCPEchoClient\mbed\TARGET_K64F\TOOLCHAIN_GCC_ARM\libmbed.a(gpio.o)
                              ServerClient.o (gpio_init_in)
E:\HomeMonitoring-Final-Year-Project\Project\TCPEchoClient\mbed\TARGET_K64F\TOOLCHAIN_GCC_ARM\libmbed.a(pinmap_common.o)
                              E:\HomeMonitoring-Final-Year-Project\Project\TCPEchoClient\mbed\TARGET_K64F\TOOLCHAIN_GCC_ARM\libmbed.a(analogin_api.o) (pinmap_pinout)
E:\HomeMonitoring-Final-Year-Project\Project\TCPEchoClient\mbed\TARGET_K64F\TOOLCHAIN_GCC_ARM\libmbed.a(us_ticker_api.o)
[...]
Memory Configuration

Name             Origin             Length             Attributes
VECTORS          0x00000000         0x00000400         xr
FLASH_PROTECTION 0x00000400         0x00000010         xr
FLASH            0x00000410         0x000ffbf0         xr
RAM              0x1fff0198         0x0003fe68         xrw
*default*        0x00000000         0xffffffff

Linker script and memory map

LOAD c:/freescale/kds_3.0.0/toolchain/bin/../lib/gcc/arm-none-eabi/4.8.4/armv7e-m/softfp/crti.o
LOAD c:/freescale/kds_3.0.0/toolchain/bin/../lib/gcc/arm-none-eabi/4.8.4/armv7e-m/softfp/crtbegin.o
LOAD c:/freescale/kds_3.0.0/toolchain/bin/../lib/gcc/arm-none-eabi/4.8.4/../../../../arm-none-eabi/lib/armv7e-m/softfp/crt0.o
LOAD mbed-rtos\rtx\TARGET_CORTEX_M\rt_Time.o
LOAD mbed-rtos\rtx\TARGET_CORTEX_M\rt_Task.o
LOAD mbed-rtos\rtx\TARGET_CORTEX_M\rt_System.o
LOAD mbed-rtos\rtx\TARGET_CORTEX_M\rt_Semaphore.o
LOAD mbed-rtos\rtx\TARGET_CORTEX_M\rt_Robin.o
LOAD mbed-rtos\rtx\TARGET_CORTEX_M\rt_Mutex.o
LOAD mbed-rtos\rtx\TARGET_CORTEX_M\rt_MemBox.o
LOAD mbed-rtos\rtx\TARGET_CORTEX_M\rt_Mailbox.o
LOAD mbed-rtos\rtx\TARGET_CORTEX_M\rt_List.o
LOAD mbed-rtos\rtx\TARGET_CORTEX_M\rt_Event.o
LOAD mbed-rtos\rtx\TARGET_CORTEX_M\rt_CMSIS.o
LOAD mbed-rtos\rtx\TARGET_CORTEX_M\TARGET_RTOS_M4_M7\TOOLCHAIN_GCC\SVC_Table.o
LOAD mbed-rtos\rtx\TARGET_CORTEX_M\TARGET_RTOS_M4_M7\TOOLCHAIN_GCC\HAL_CM4.o
LOAD mbed-rtos\rtx\TARGET_CORTEX_M\RTX_Conf_CM.o
LOAD mbed-rtos\rtx\TARGET_CORTEX_M\HAL_CM.o
LOAD mbed-rtos\rtos\Thread.o
LOAD mbed-rtos\rtos\Semaphore.o
LOAD mbed-rtos\rtos\RtosTimer.o
LOAD mbed-rtos\rtos\Mutex.o
LOAD ServerClient.o
LOAD EthernetInterface\lwip-sys\arch\sys_arch.o
LOAD EthernetInterface\lwip-sys\arch\memcpy.o
LOAD EthernetInterface\lwip-sys\arch\checksum.o
LOAD EthernetInterface\lwip-eth\arch\TARGET_Freescale\k64f_emac.o
LOAD EthernetInterface\lwip-eth\arch\TARGET_Freescale\hardware_init_MK64F12.o
LOAD EthernetInterface\lwip-eth\arch\TARGET_Freescale\fsl_enet_driver.o
LOAD EthernetInterface\lwip\netif\slipif.o
LOAD EthernetInterface\lwip\netif\ppp\vj.o
LOAD EthernetInterface\lwip\netif\ppp\randm.o
LOAD EthernetInterface\lwip\netif\ppp\ppp_oe.o
LOAD EthernetInterface\lwip\netif\ppp\ppp.o
LOAD EthernetInterface\lwip\netif\ppp\pap.o
LOAD EthernetInterface\lwip\netif\ppp\md5.o
LOAD EthernetInterface\lwip\netif\ppp\magic.o
LOAD EthernetInterface\lwip\netif\ppp\lcp.o
LOAD EthernetInterface\lwip\netif\ppp\ipcp.o
LOAD EthernetInterface\lwip\netif\ppp\fsm.o
LOAD EthernetInterface\lwip\netif\ppp\chpms.o
LOAD EthernetInterface\lwip\netif\ppp\chap.o
LOAD EthernetInterface\lwip\netif\ppp\auth.o
LOAD EthernetInterface\lwip\netif\ethernetif.o
LOAD EthernetInterface\lwip\netif\etharp.o
LOAD EthernetInterface\lwip\core\udp.o
LOAD EthernetInterface\lwip\core\timers.o
LOAD EthernetInterface\lwip\core\tcp_out.o
LOAD EthernetInterface\lwip\core\tcp_in.o
LOAD EthernetInterface\lwip\core\tcp.o
LOAD EthernetInterface\lwip\core\stats.o
LOAD EthernetInterface\lwip\core\snmp\msg_out.o
LOAD EthernetInterface\lwip\core\snmp\msg_in.o
LOAD EthernetInterface\lwip\core\snmp\mib_structs.o
LOAD EthernetInterface\lwip\core\snmp\mib2.o
LOAD EthernetInterface\lwip\core\snmp\asn1_enc.o
LOAD EthernetInterface\lwip\core\snmp\asn1_dec.o
LOAD EthernetInterface\lwip\core\raw.o
LOAD EthernetInterface\lwip\core\pbuf.o
LOAD EthernetInterface\lwip\core\netif.o
LOAD EthernetInterface\lwip\core\memp.o
LOAD EthernetInterface\lwip\core\mem.o
LOAD EthernetInterface\lwip\core\ipv4\ip_frag.o
LOAD EthernetInterface\lwip\core\ipv4\ip_addr.o
LOAD EthernetInterface\lwip\core\ipv4\ip.o
LOAD EthernetInterface\lwip\core\ipv4\inet_chksum.o
LOAD EthernetInterface\lwip\core\ipv4\inet.o
LOAD EthernetInterface\lwip\core\ipv4\igmp.o
LOAD EthernetInterface\lwip\core\ipv4\icmp.o
LOAD EthernetInterface\lwip\core\ipv4\autoip.o
LOAD EthernetInterface\lwip\core\init.o
LOAD EthernetInterface\lwip\core\dns.o
LOAD EthernetInterface\lwip\core\dhcp.o
LOAD EthernetInterface\lwip\core\def.o
LOAD EthernetInterface\lwip\api\tcpip.o
LOAD EthernetInterface\lwip\api\sockets.o
LOAD EthernetInterface\lwip\api\netifapi.o
LOAD EthernetInterface\lwip\api\netdb.o
LOAD EthernetInterface\lwip\api\netbuf.o
LOAD EthernetInterface\lwip\api\err.o
LOAD EthernetInterface\lwip\api\api_msg.o
LOAD EthernetInterface\lwip\api\api_lib.o
LOAD EthernetInterface\Socket\UDPSocket.o
LOAD EthernetInterface\Socket\TCPSocketServer.o
LOAD EthernetInterface\Socket\TCPSocketConnection.o
LOAD EthernetInterface\Socket\Socket.o
LOAD EthernetInterface\Socket\Endpoint.o
LOAD EthernetInterface\EthernetInterface.o
LOAD ..\mbed\TARGET_K64F\TOOLCHAIN_GCC_ARM\board.o
LOAD ..\mbed\TARGET_K64F\TOOLCHAIN_GCC_ARM\cmsis_nvic.o
LOAD ..\mbed\TARGET_K64F\TOOLCHAIN_GCC_ARM\mbed_overrides.o
LOAD ..\mbed\TARGET_K64F\TOOLCHAIN_GCC_ARM\retarget.o
LOAD ..\mbed\TARGET_K64F\TOOLCHAIN_GCC_ARM\startup_MK64F12.o
LOAD ..\mbed\TARGET_K64F\TOOLCHAIN_GCC_ARM\system_MK64F12.o
LOAD E:\HomeMonitoring-Final-Year-Project\Project\TCPEchoClient\mbed\TARGET_K64F\TOOLCHAIN_GCC_ARM\libmbed.a
LOAD c:/freescale/kds_3.0.0/toolchain/bin/../lib/gcc/arm-none-eabi/4.8.4/../../../../arm-none-eabi/lib/armv7e-m/softfp\libstdc++.a
LOAD c:/freescale/kds_3.0.0/toolchain/bin/../lib/gcc/arm-none-eabi/4.8.4/../../../../arm-none-eabi/lib/armv7e-m/softfp\libm.a
START GROUP
LOAD c:/freescale/kds_3.0.0/toolchain/bin/../lib/gcc/arm-none-eabi/4.8.4/armv7e-m/softfp\libgcc.a
LOAD c:/freescale/kds_3.0.0/toolchain/bin/../lib/gcc/arm-none-eabi/4.8.4/../../../../arm-none-eabi/lib/armv7e-m/softfp\libg.a
LOAD c:/freescale/kds_3.0.0/toolchain/bin/../lib/gcc/arm-none-eabi/4.8.4/../../../../arm-none-eabi/lib/armv7e-m/softfp\libc.a
END GROUP
START GROUP
LOAD c:/freescale/kds_3.0.0/toolchain/bin/../lib/gcc/arm-none-eabi/4.8.4/armv7e-m/softfp\libgcc.a
LOAD c:/freescale/kds_3.0.0/toolchain/bin/../lib/gcc/arm-none-eabi/4.8.4/../../../../arm-none-eabi/lib/armv7e-m/softfp\libc.a
LOAD c:/freescale/kds_3.0.0/toolchain/bin/../lib/gcc/arm-none-eabi/4.8.4/../../../../arm-none-eabi/lib/armv7e-m/softfp\libnosys.a
END GROUP
LOAD c:/freescale/kds_3.0.0/toolchain/bin/../lib/gcc/arm-none-eabi/4.8.4/armv7e-m/softfp/crtend.o
LOAD c:/freescale/kds_3.0.0/toolchain/bin/../lib/gcc/arm-none-eabi/4.8.4/armv7e-m/softfp/crtn.o

.isr_vector     0x00000000      0x1f0
                0x00000000                __vector_table = .
 *(.vector_table)
 .vector_table  0x00000000      0x198 ..\mbed\TARGET_K64F\TOOLCHAIN_GCC_ARM\startup_MK64F12.o
                0x00000000                __isr_vector
 *(.text.Reset_Handler)
 .text.Reset_Handler
                0x00000198       0x58 ..\mbed\TARGET_K64F\TOOLCHAIN_GCC_ARM\startup_MK64F12.o
                0x00000198                Reset_Handler
 *(.text.System_Init)
                0x000001f0                . = ALIGN (0x4)

.flash_protect  0x00000400       0x10
 *(.kinetis_flash_config_field)
 .kinetis_flash_config_field
                0x00000400       0x10 ..\mbed\TARGET_K64F\TOOLCHAIN_GCC_ARM\startup_MK64F12.o
                0x00000410                . = ALIGN (0x4)

.text           0x00000410    0x23a6c
 *(.text*)
 .text          0x00000410       0x54 c:/freescale/kds_3.0.0/toolchain/bin/../lib/gcc/arm-none-eabi/4.8.4/armv7e-m/softfp/crtbegin.o
 .text          0x00000464       0x74 c:/freescale/kds_3.0.0/toolchain/bin/../lib/gcc/arm-none-eabi/4.8.4/../../../../arm-none-eabi/lib/armv7e-m/softfp/crt0.o
                0x00000464                _start
                0x00000464                _mainCRTStartup
 .text.rt_dly_wait
                0x000004d8       0x1c mbed-rtos\rtx\TARGET_CORTEX_M\rt_Time.o
                0x000004d8                rt_dly_wait
 .text.rt_svc_init
                0x000004f4       0x7c mbed-rtos\rtx\TARGET_CORTEX_M\rt_Task.o
 .text.rt_get_TID
                0x00000570       0x48 mbed-rtos\rtx\TARGET_CORTEX_M\rt_Task.o
                0x00000570                rt_get_TID
 .text.rt_init_context
                0x000005b8       0x68 mbed-rtos\rtx\TARGET_CORTEX_M\rt_Task.o
                0x000005b8                rt_init_context
 .text.rt_switch_req
                0x00000620       0x24 mbed-rtos\rtx\TARGET_CORTEX_M\rt_Task.o
                0x00000620                rt_switch_req
 .text.rt_dispatch
                0x00000644       0x64 mbed-rtos\rtx\TARGET_CORTEX_M\rt_Task.o
                0x00000644                rt_dispatch
 .text.rt_block
                0x000006a8       0x50 mbed-rtos\rtx\TARGET_CORTEX_M\rt_Task.o
                0x000006a8                rt_block
 .text.rt_tsk_self
                0x000006f8       0x24 mbed-rtos\rtx\TARGET_CORTEX_M\rt_Task.o
                0x000006f8                rt_tsk_self
 .text.rt_tsk_prio
                0x0000071c       0xb8 mbed-rtos\rtx\TARGET_CORTEX_M\rt_Task.o
                0x0000071c                rt_tsk_prio
 .text.rt_tsk_delete
                0x000007d4       0xb8 mbed-rtos\rtx\TARGET_CORTEX_M\rt_Task.o
                0x000007d4                rt_tsk_delete
 .text.rt_sys_init
                0x0000088c       0xc8 mbed-rtos\rtx\TARGET_CORTEX_M\rt_Task.o
                0x0000088c                rt_sys_init
 .text.rt_sys_start
                0x00000954       0x4c mbed-rtos\rtx\TARGET_CORTEX_M\rt_Task.o
                0x00000954                rt_sys_start
 .text.rt_systick_init
                0x000009a0       0x40 mbed-rtos\rtx\TARGET_CORTEX_M\rt_System.o
 .text.rt_psh_req
                0x000009e0       0x34 mbed-rtos\rtx\TARGET_CORTEX_M\rt_System.o
                0x000009e0                rt_psh_req
 .text.rt_pop_req
                0x00000a14       0xc8 mbed-rtos\rtx\TARGET_CORTEX_M\rt_System.o
                0x00000a14                rt_pop_req
 .text.os_tick_init
                0x00000adc       0x10 mbed-rtos\rtx\TARGET_CORTEX_M\rt_System.o
                0x00000adc                os_tick_init
 .text.os_tick_irqack
                0x00000aec        0xc mbed-rtos\rtx\TARGET_CORTEX_M\rt_System.o
                0x00000aec                os_tick_irqack
 .text.rt_systick
                0x00000af8       0x50 mbed-rtos\rtx\TARGET_CORTEX_M\rt_System.o
                0x00000af8                rt_systick
 .text.rt_stk_check
                0x00000b48       0x3c mbed-rtos\rtx\TARGET_CORTEX_M\rt_System.o
                0x00000b48                rt_stk_check
 .text.rt_sem_init
                0x00000b84       0x2c mbed-rtos\rtx\TARGET_CORTEX_M\rt_Semaphore.o
                0x00000b84                rt_sem_init
 .text.rt_sem_delete
                0x00000bb0       0x84 mbed-rtos\rtx\TARGET_CORTEX_M\rt_Semaphore.o
                0x00000bb0                rt_sem_delete
 .text.rt_sem_send
                0x00000c34       0x48 mbed-rtos\rtx\TARGET_CORTEX_M\rt_Semaphore.o
                0x00000c34                rt_sem_send
 .text.rt_sem_wait
                0x00000c7c       0x78 mbed-rtos\rtx\TARGET_CORTEX_M\rt_Semaphore.o
                0x00000c7c                rt_sem_wait
 .text.isr_sem_send
                0x00000cf4       0x20 mbed-rtos\rtx\TARGET_CORTEX_M\rt_Semaphore.o
                0x00000cf4                isr_sem_send
 .text.rt_sem_psh
                0x00000d14       0x4c mbed-rtos\rtx\TARGET_CORTEX_M\rt_Semaphore.o
                0x00000d14                rt_sem_psh
 .text.rt_init_robin
                0x00000d60       0x24 mbed-rtos\rtx\TARGET_CORTEX_M\rt_Robin.o
                0x00000d60                rt_init_robin
 .text.rt_chk_robin
                0x00000d84       0x68 mbed-rtos\rtx\TARGET_CORTEX_M\rt_Robin.o
                0x00000d84                rt_chk_robin
 .text.rt_mut_init
                0x00000dec       0x34 mbed-rtos\rtx\TARGET_CORTEX_M\rt_Mutex.o
                0x00000dec                rt_mut_init
 .text.rt_mut_release
                0x00000e20       0xf8 mbed-rtos\rtx\TARGET_CORTEX_M\rt_Mutex.o
                0x00000e20                rt_mut_release
 .text.rt_mut_wait
                0x00000f18       0xbc mbed-rtos\rtx\TARGET_CORTEX_M\rt_Mutex.o
                0x00000f18                rt_mut_wait
 .text.rt_alloc_box
                0x00000fd4       0x44 mbed-rtos\rtx\TARGET_CORTEX_M\rt_MemBox.o
                0x00000fd4                rt_alloc_box
 .text.rt_free_box
                0x00001018       0x54 mbed-rtos\rtx\TARGET_CORTEX_M\rt_MemBox.o
                0x00001018                rt_free_box
 .text.rt_mbx_init
                0x0000106c       0x50 mbed-rtos\rtx\TARGET_CORTEX_M\rt_Mailbox.o
                0x0000106c                rt_mbx_init
 .text.rt_mbx_send
                0x000010bc       0xf8 mbed-rtos\rtx\TARGET_CORTEX_M\rt_Mailbox.o
                0x000010bc                rt_mbx_send
 .text.rt_mbx_wait
                0x000011b4      0x118 mbed-rtos\rtx\TARGET_CORTEX_M\rt_Mailbox.o
                0x000011b4                rt_mbx_wait
 .text.rt_mbx_check
                0x000012cc       0x24 mbed-rtos\rtx\TARGET_CORTEX_M\rt_Mailbox.o
                0x000012cc                rt_mbx_check
 .text.isr_mbx_send
                0x000012f0       0x24 mbed-rtos\rtx\TARGET_CORTEX_M\rt_Mailbox.o
                0x000012f0                isr_mbx_send
 .text.isr_mbx_receive
                0x00001314       0x80 mbed-rtos\rtx\TARGET_CORTEX_M\rt_Mailbox.o
                0x00001314                isr_mbx_receive
 .text.rt_mbx_psh
                0x00001394      0x158 mbed-rtos\rtx\TARGET_CORTEX_M\rt_Mailbox.o
                0x00001394                rt_mbx_psh
 .text.rt_inc_qi
                0x000014ec       0x60 mbed-rtos\rtx\TARGET_CORTEX_M\rt_List.o
 .text.rt_put_prio
                0x0000154c       0x8c mbed-rtos\rtx\TARGET_CORTEX_M\rt_List.o
                0x0000154c                rt_put_prio
 .text.rt_get_first
                0x000015d8       0x60 mbed-rtos\rtx\TARGET_CORTEX_M\rt_List.o
                0x000015d8                rt_get_first
 .text.rt_put_rdy_first
                0x00001638       0x2c mbed-rtos\rtx\TARGET_CORTEX_M\rt_List.o
                0x00001638                rt_put_rdy_first
 .text.rt_resort_prio
                0x00001664       0x4c mbed-rtos\rtx\TARGET_CORTEX_M\rt_List.o
                0x00001664                rt_resort_prio
 .text.rt_put_dly
                0x000016b0       0xc8 mbed-rtos\rtx\TARGET_CORTEX_M\rt_List.o
                0x000016b0                rt_put_dly
 .text.rt_dec_dly
                0x00001778       0xcc mbed-rtos\rtx\TARGET_CORTEX_M\rt_List.o
                0x00001778                rt_dec_dly
 .text.rt_rmv_list
                0x00001844       0x64 mbed-rtos\rtx\TARGET_CORTEX_M\rt_List.o
                0x00001844                rt_rmv_list
 .text.rt_rmv_dly
                0x000018a8       0x5c mbed-rtos\rtx\TARGET_CORTEX_M\rt_List.o
                0x000018a8                rt_rmv_dly
 .text.rt_psq_enq
                0x00001904       0x54 mbed-rtos\rtx\TARGET_CORTEX_M\rt_List.o
                0x00001904                rt_psq_enq
 .text.rt_evt_psh
                0x00001958       0xa4 mbed-rtos\rtx\TARGET_CORTEX_M\rt_Event.o
                0x00001958                rt_evt_psh
 .text.rt_ms2tick
                0x000019fc       0x68 mbed-rtos\rtx\TARGET_CORTEX_M\rt_CMSIS.o
 .text.rt_tid2ptcb
                0x00001a64       0x40 mbed-rtos\rtx\TARGET_CORTEX_M\rt_CMSIS.o
 .text.rt_id2obj
                0x00001aa4       0x24 mbed-rtos\rtx\TARGET_CORTEX_M\rt_CMSIS.o
 .text.svcKernelInitialize
                0x00001ac8       0x38 mbed-rtos\rtx\TARGET_CORTEX_M\rt_CMSIS.o
                0x00001ac8                svcKernelInitialize
 .text.svcKernelStart
                0x00001b00       0x78 mbed-rtos\rtx\TARGET_CORTEX_M\rt_CMSIS.o
                0x00001b00                svcKernelStart
 .text.osKernelInitialize
                0x00001b78       0x44 mbed-rtos\rtx\TARGET_CORTEX_M\rt_CMSIS.o
                0x00001b78                osKernelInitialize
 .text.osKernelStart
                0x00001bbc       0xc8 mbed-rtos\rtx\TARGET_CORTEX_M\rt_CMSIS.o
                0x00001bbc                osKernelStart
 .text.svcThreadCreate
                0x00001c84       0xc8 mbed-rtos\rtx\TARGET_CORTEX_M\rt_CMSIS.o
                0x00001c84                svcThreadCreate
 .text.svcThreadGetId
                0x00001d4c       0x2c mbed-rtos\rtx\TARGET_CORTEX_M\rt_CMSIS.o
                0x00001d4c                svcThreadGetId
 .text.svcThreadTerminate
                0x00001d78       0x3c mbed-rtos\rtx\TARGET_CORTEX_M\rt_CMSIS.o
                0x00001d78                svcThreadTerminate
 .text.osThreadCreate
                0x00001db4       0x64 mbed-rtos\rtx\TARGET_CORTEX_M\rt_CMSIS.o
                0x00001db4                osThreadCreate
 .text.osThreadTerminate
                0x00001e18       0x34 mbed-rtos\rtx\TARGET_CORTEX_M\rt_CMSIS.o
                0x00001e18                osThreadTerminate
 .text.osThreadExit
                0x00001e4c       0x20 mbed-rtos\rtx\TARGET_CORTEX_M\rt_CMSIS.o
                0x00001e4c                osThreadExit
 .text.svcDelay
                0x00001e6c       0x2c mbed-rtos\rtx\TARGET_CORTEX_M\rt_CMSIS.o
                0x00001e6c                svcDelay
 .text.osDelay  0x00001e98       0x34 mbed-rtos\rtx\TARGET_CORTEX_M\rt_CMSIS.o
                0x00001e98                osDelay
 .text.rt_timer_insert
                0x00001ecc       0x84 mbed-rtos\rtx\TARGET_CORTEX_M\rt_CMSIS.o
 .text.svcTimerCall
                0x00001f50       0x60 mbed-rtos\rtx\TARGET_CORTEX_M\rt_CMSIS.o
                0x00001f50                svcTimerCall
 .text.sysTimerTick
                0x00001fb0       0x7c mbed-rtos\rtx\TARGET_CORTEX_M\rt_CMSIS.o
                0x00001fb0                sysTimerTick
 .text.osTimerCall
                0x0000202c       0x30 mbed-rtos\rtx\TARGET_CORTEX_M\rt_CMSIS.o
                0x0000202c                osTimerCall
 .text.osTimerThread
                0x0000205c       0x48 mbed-rtos\rtx\TARGET_CORTEX_M\rt_CMSIS.o
                0x0000205c                osTimerThread
 .text.svcMutexCreate
                0x000020a4       0x50 mbed-rtos\rtx\TARGET_CORTEX_M\rt_CMSIS.o
                0x000020a4                svcMutexCreate
 .text.svcMutexWait
                0x000020f4       0x5c mbed-rtos\rtx\TARGET_CORTEX_M\rt_CMSIS.o
                0x000020f4                svcMutexWait
 .text.svcMutexRelease
                0x00002150       0x44 mbed-rtos\rtx\TARGET_CORTEX_M\rt_CMSIS.o
                0x00002150                svcMutexRelease
 .text.osMutexCreate
                0x00002194       0x58 mbed-rtos\rtx\TARGET_CORTEX_M\rt_CMSIS.o
                0x00002194                osMutexCreate
 .text.osMutexWait
                0x000021ec       0x3c mbed-rtos\rtx\TARGET_CORTEX_M\rt_CMSIS.o
                0x000021ec                osMutexWait
 .text.osMutexRelease
                0x00002228       0x34 mbed-rtos\rtx\TARGET_CORTEX_M\rt_CMSIS.o
                0x00002228                osMutexRelease
 .text.svcSemaphoreCreate
                0x0000225c       0x6c mbed-rtos\rtx\TARGET_CORTEX_M\rt_CMSIS.o
                0x0000225c                svcSemaphoreCreate
 .text.svcSemaphoreWait
                0x000022c8       0x58 mbed-rtos\rtx\TARGET_CORTEX_M\rt_CMSIS.o
                0x000022c8                svcSemaphoreWait
 .text.svcSemaphoreRelease
                0x00002320       0x48 mbed-rtos\rtx\TARGET_CORTEX_M\rt_CMSIS.o
                0x00002320                svcSemaphoreRelease
 .text.svcSemaphoreDelete
                0x00002368       0x38 mbed-rtos\rtx\TARGET_CORTEX_M\rt_CMSIS.o
                0x00002368                svcSemaphoreDelete
 .text.isrSemaphoreRelease
                0x000023a0       0x48 mbed-rtos\rtx\TARGET_CORTEX_M\rt_CMSIS.o
 .text.osSemaphoreCreate
                0x000023e8       0x64 mbed-rtos\rtx\TARGET_CORTEX_M\rt_CMSIS.o
                0x000023e8                osSemaphoreCreate
 .text.osSemaphoreWait
                0x0000244c       0x3c mbed-rtos\rtx\TARGET_CORTEX_M\rt_CMSIS.o
                0x0000244c                osSemaphoreWait
 .text.osSemaphoreRelease
                0x00002488       0x38 mbed-rtos\rtx\TARGET_CORTEX_M\rt_CMSIS.o
                0x00002488                osSemaphoreRelease
 .text.osSemaphoreDelete
                0x000024c0       0x34 mbed-rtos\rtx\TARGET_CORTEX_M\rt_CMSIS.o
                0x000024c0                osSemaphoreDelete
 .text.svcMessageCreate
                0x000024f4       0x64 mbed-rtos\rtx\TARGET_CORTEX_M\rt_CMSIS.o
                0x000024f4                svcMessageCreate
 .text.svcMessagePut
                0x00002558       0x58 mbed-rtos\rtx\TARGET_CORTEX_M\rt_CMSIS.o
                0x00002558                svcMessagePut
 .text.svcMessageGet
                0x000025b0       0xec mbed-rtos\rtx\TARGET_CORTEX_M\rt_CMSIS.o
                0x000025b0                svcMessageGet
 .text.isrMessagePut
                0x0000269c       0x4c mbed-rtos\rtx\TARGET_CORTEX_M\rt_CMSIS.o
 .text.isrMessageGet
                0x000026e8       0x84 mbed-rtos\rtx\TARGET_CORTEX_M\rt_CMSIS.o
 .text.osMessageCreate
                0x0000276c       0x64 mbed-rtos\rtx\TARGET_CORTEX_M\rt_CMSIS.o
                0x0000276c                osMessageCreate
 .text.osMessagePut
                0x000027d0       0x4c mbed-rtos\rtx\TARGET_CORTEX_M\rt_CMSIS.o
                0x000027d0                osMessagePut
 .text.osMessageGet
                0x0000281c       0x5c mbed-rtos\rtx\TARGET_CORTEX_M\rt_CMSIS.o
                0x0000281c                osMessageGet
 .text          0x00002878      0x184 mbed-rtos\rtx\TARGET_CORTEX_M\TARGET_RTOS_M4_M7\TOOLCHAIN_GCC\HAL_CM4.o
                0x00002878                rt_set_PSP
                0x0000287e                rt_get_PSP
                0x00002884                os_set_env
                0x0000289c                _alloc_box
                0x000028b8                _free_box
                0x000028d4                SVC_Handler
                0x0000296a                PendSV_Handler
                0x00002970                Sys_Switch
                0x000029ca                SysTick_Handler
                0x000029d4                OS_Tick_Handler
 .text.os_idle_demon
                0x000029fc        0x8 mbed-rtos\rtx\TARGET_CORTEX_M\RTX_Conf_CM.o
                0x000029fc                os_idle_demon
 .text.os_error
                0x00002a04       0x14 mbed-rtos\rtx\TARGET_CORTEX_M\RTX_Conf_CM.o
                0x00002a04                os_error
 .text.sysThreadError
                0x00002a18       0x18 mbed-rtos\rtx\TARGET_CORTEX_M\RTX_Conf_CM.o
                0x00002a18                sysThreadError
 .text.set_main_stack
                0x00002a30       0x1c mbed-rtos\rtx\TARGET_CORTEX_M\RTX_Conf_CM.o
                0x00002a30                set_main_stack
 .text.software_init_hook
                0x00002a4c       0x38 mbed-rtos\rtx\TARGET_CORTEX_M\RTX_Conf_CM.o
                0x00002a4c                software_init_hook
 .text.rt_init_stack
                0x00002a84       0x98 mbed-rtos\rtx\TARGET_CORTEX_M\HAL_CM.o
                0x00002a84                rt_init_stack
 .text.rt_ret_regs
                0x00002b1c       0x2c mbed-rtos\rtx\TARGET_CORTEX_M\HAL_CM.o
 .text.rt_ret_val
                0x00002b48       0x20 mbed-rtos\rtx\TARGET_CORTEX_M\HAL_CM.o
                0x00002b48                rt_ret_val
 .text.rt_ret_val2
                0x00002b68       0x28 mbed-rtos\rtx\TARGET_CORTEX_M\HAL_CM.o
                0x00002b68                rt_ret_val2
 .text._ZN4rtos6ThreadC2EPFvPKvEPv10osPrioritymPh
                0x00002b90       0xbc mbed-rtos\rtos\Thread.o
                0x00002b90                rtos::Thread::Thread(void (*)(void const*), void*, osPriority, unsigned long, unsigned char*)
                0x00002b90                rtos::Thread::Thread(void (*)(void const*), void*, osPriority, unsigned long, unsigned char*)
 .text._ZN4rtos6Thread9terminateEv
                0x00002c4c       0x1c mbed-rtos\rtos\Thread.o
                0x00002c4c                rtos::Thread::terminate()
 .text._ZN4rtos6Thread4waitEm
                0x00002c68       0x18 mbed-rtos\rtos\Thread.o
                0x00002c68                rtos::Thread::wait(unsigned long)
 .text._ZN4rtos6ThreadD2Ev
                0x00002c80       0x4c mbed-rtos\rtos\Thread.o
                0x00002c80                rtos::Thread::~Thread()
                0x00002c80                rtos::Thread::~Thread()
 .text._ZN4rtos6ThreadD0Ev
                0x00002ccc       0x20 mbed-rtos\rtos\Thread.o
                0x00002ccc                rtos::Thread::~Thread()
 .text._ZN4rtos9SemaphoreC2El
                0x00002cec       0x40 mbed-rtos\rtos\Semaphore.o
                0x00002cec                rtos::Semaphore::Semaphore(long)
                0x00002cec                rtos::Semaphore::Semaphore(long)
 .text._ZN4rtos9Semaphore4waitEm
                0x00002d2c       0x20 mbed-rtos\rtos\Semaphore.o
                0x00002d2c                rtos::Semaphore::wait(unsigned long)
 .text._ZN4rtos9Semaphore7releaseEv
                0x00002d4c       0x1c mbed-rtos\rtos\Semaphore.o
                0x00002d4c                rtos::Semaphore::release()
 .text._ZN4rtos9SemaphoreD2Ev
                0x00002d68       0x1c mbed-rtos\rtos\Semaphore.o
                0x00002d68                rtos::Semaphore::~Semaphore()
                0x00002d68                rtos::Semaphore::~Semaphore()
 .text.GPIO_HAL_ReadPinInput
                0x00002d84       0x44 ServerClient.o
 .text.gpio_write
                0x00002dc8       0x6c ServerClient.o
 .text.gpio_read
                0x00002e34       0x68 ServerClient.o
 .text._ZN4mbed9DigitalInC2E7PinName
                0x00002e9c       0x24 ServerClient.o
                0x00002e9c                mbed::DigitalIn::DigitalIn(PinName)
                0x00002e9c                mbed::DigitalIn::DigitalIn(PinName)
 .text._ZN4mbed9DigitalIn4readEv
                0x00002ec0       0x1c ServerClient.o
                0x00002ec0                mbed::DigitalIn::read()
 .text._ZN4mbed9DigitalIncviEv
                0x00002edc       0x18 ServerClient.o
                0x00002edc                mbed::DigitalIn::operator int()
 .text._ZN4mbed10DigitalOutC2E7PinName
                0x00002ef4       0x24 ServerClient.o
                0x00002ef4                mbed::DigitalOut::DigitalOut(PinName)
                0x00002ef4                mbed::DigitalOut::DigitalOut(PinName)
 .text._ZN4mbed10DigitalOut5writeEi
                0x00002f18       0x1c ServerClient.o
                0x00002f18                mbed::DigitalOut::write(int)
 .text._ZN4mbed10DigitalOut4readEv
                0x00002f34       0x1c ServerClient.o
                0x00002f34                mbed::DigitalOut::read()
 .text._ZN4mbed10DigitalOutaSEi
                0x00002f50       0x1c ServerClient.o
                0x00002f50                mbed::DigitalOut::operator=(int)
 .text._ZN4mbed10DigitalOutcviEv
                0x00002f6c       0x18 ServerClient.o
                0x00002f6c                mbed::DigitalOut::operator int()
 .text._ZN4mbed8AnalogInC2E7PinName
                0x00002f84       0x20 ServerClient.o
                0x00002f84                mbed::AnalogIn::AnalogIn(PinName)
                0x00002f84                mbed::AnalogIn::AnalogIn(PinName)
 .text._ZN4mbed8AnalogIn4readEv
                0x00002fa4       0x1c ServerClient.o
                0x00002fa4                mbed::AnalogIn::read()
 .text._ZN4mbed8AnalogIncvfEv
                0x00002fc0       0x18 ServerClient.o
                0x00002fc0                mbed::AnalogIn::operator float()
 .text._ZN4mbed10SerialBaseD2Ev
                0x00002fd8       0x28 ServerClient.o
                0x00002fd8                mbed::SerialBase::~SerialBase()
                0x00002fd8                mbed::SerialBase::~SerialBase()
 .text._ZN4mbed10SerialBaseD0Ev
                0x00003000       0x20 ServerClient.o
                0x00003000                mbed::SerialBase::~SerialBase()
 .text._Z11checkThreadPKv
                0x00003020       0x68 ServerClient.o
                0x00003020                checkThread(void const*)
 .text._Z16connectionThreadPKv
                0x00003088      0x208 ServerClient.o
                0x00003088                connectionThread(void const*)
 .text.main     0x00003290       0xac ServerClient.o
                0x00003290                main
 .text._ZN15TCPSocketServerD2Ev
                0x0000333c       0x1c ServerClient.o
                0x0000333c                TCPSocketServer::~TCPSocketServer()
                0x0000333c                TCPSocketServer::~TCPSocketServer()
 .text._ZN19TCPSocketConnectionD2Ev
                0x00003358       0x24 ServerClient.o
                0x00003358                TCPSocketConnection::~TCPSocketConnection()
                0x00003358                TCPSocketConnection::~TCPSocketConnection()
 .text._ZN4mbed6SerialD2Ev
                0x0000337c       0x50 ServerClient.o
                0x0000337c                mbed::Serial::~Serial()
                0x0000337c                mbed::Serial::~Serial()
 .text._ZN4mbed6SerialD1Ev
                0x000033cc       0x10 ServerClient.o
                0x000033cc                non-virtual thunk to mbed::Serial::~Serial()
                0x000033d4                non-virtual thunk to mbed::Serial::~Serial()
 .text._ZN4mbed6SerialD0Ev
                0x000033dc       0x30 ServerClient.o
                0x000033dc                mbed::Serial::~Serial()
                0x000033fc                non-virtual thunk to mbed::Serial::~Serial()
                0x00003404                non-virtual thunk to mbed::Serial::~Serial()
 .text._Z41__static_initialization_and_destruction_0ii
                0x0000340c       0xa0 ServerClient.o
 .text._GLOBAL__sub_I_T1
                0x000034ac       0x10 ServerClient.o
 .text.sys_mbox_new
                0x000034bc       0x64 EthernetInterface\lwip-sys\arch\sys_arch.o
                0x000034bc                sys_mbox_new
 .text.sys_mbox_free
                0x00003520       0x30 EthernetInterface\lwip-sys\arch\sys_arch.o
                0x00003520                sys_mbox_free
 .text.sys_mbox_post
                0x00003550       0x34 EthernetInterface\lwip-sys\arch\sys_arch.o
                0x00003550                sys_mbox_post
 .text.sys_mbox_trypost
                0x00003584       0x34 EthernetInterface\lwip-sys\arch\sys_arch.o
                0x00003584                sys_mbox_trypost
 .text.sys_arch_mbox_fetch
                0x000035b8       0x64 EthernetInterface\lwip-sys\arch\sys_arch.o
                0x000035b8                sys_arch_mbox_fetch
 .text.sys_arch_mbox_tryfetch
                0x0000361c       0x3c EthernetInterface\lwip-sys\arch\sys_arch.o
                0x0000361c                sys_arch_mbox_tryfetch
 .text.sys_sem_new
                0x00003658       0x58 EthernetInterface\lwip-sys\arch\sys_arch.o
                0x00003658                sys_sem_new
 .text.sys_arch_sem_wait
                0x000036b0       0x54 EthernetInterface\lwip-sys\arch\sys_arch.o
                0x000036b0                sys_arch_sem_wait
 .text.sys_sem_signal
                0x00003704       0x24 EthernetInterface\lwip-sys\arch\sys_arch.o
                0x00003704                sys_sem_signal
 .text.sys_sem_free
                0x00003728       0x14 EthernetInterface\lwip-sys\arch\sys_arch.o
                0x00003728                sys_sem_free
 .text.sys_mutex_new
                0x0000373c       0x48 EthernetInterface\lwip-sys\arch\sys_arch.o
                0x0000373c                sys_mutex_new
 .text.sys_mutex_lock
                0x00003784       0x2c EthernetInterface\lwip-sys\arch\sys_arch.o
                0x00003784                sys_mutex_lock
 .text.sys_mutex_unlock
                0x000037b0       0x28 EthernetInterface\lwip-sys\arch\sys_arch.o
                0x000037b0                sys_mutex_unlock
 .text.sys_init
                0x000037d8       0x30 EthernetInterface\lwip-sys\arch\sys_arch.o
                0x000037d8                sys_init
 .text.sys_arch_protect
                0x00003808       0x2c EthernetInterface\lwip-sys\arch\sys_arch.o
                0x00003808                sys_arch_protect
 .text.sys_arch_unprotect
                0x00003834       0x2c EthernetInterface\lwip-sys\arch\sys_arch.o
                0x00003834                sys_arch_unprotect
 .text.sys_thread_new
                0x00003860       0xa8 EthernetInterface\lwip-sys\arch\sys_arch.o
                0x00003860                sys_thread_new
 .text.thumb2_memcpy
                0x00003908       0x3c EthernetInterface\lwip-sys\arch\memcpy.o
                0x00003908                thumb2_memcpy
 .text.thumb2_checksum
                0x00003944       0x7c EthernetInterface\lwip-sys\arch\checksum.o
                0x00003944                thumb2_checksum
 .text.NVIC_EnableIRQ
                0x000039c0       0x30 EthernetInterface\lwip-eth\arch\TARGET_Freescale\k64f_emac.o
 .text.enet_hal_active_rxbd
                0x000039f0       0x24 EthernetInterface\lwip-eth\arch\TARGET_Freescale\k64f_emac.o
 .text.enet_hal_active_txbd
                0x00003a14       0x24 EthernetInterface\lwip-eth\arch\TARGET_Freescale\k64f_emac.o
 .text.enet_hal_clear_interrupt
                0x00003a38       0x1c EthernetInterface\lwip-eth\arch\TARGET_Freescale\k64f_emac.o
 .text.enet_hal_get_bd_size
                0x00003a54       0x10 EthernetInterface\lwip-eth\arch\TARGET_Freescale\k64f_emac.o
 .text.INT_SYS_EnableIRQ
                0x00003a64       0x54 EthernetInterface\lwip-eth\arch\TARGET_Freescale\k64f_emac.o
 .text.k64f_rxqueue_pbuf
                0x00003ab8       0xa0 EthernetInterface\lwip-eth\arch\TARGET_Freescale\k64f_emac.o
 .text.k64f_rx_queue
                0x00003b58       0x70 EthernetInterface\lwip-eth\arch\TARGET_Freescale\k64f_emac.o
                0x00003b58                k64f_rx_queue
 .text.k64f_rx_setup
                0x00003bc8       0xb4 EthernetInterface\lwip-eth\arch\TARGET_Freescale\k64f_emac.o
 .text.k64f_tx_setup
                0x00003c7c       0xb0 EthernetInterface\lwip-eth\arch\TARGET_Freescale\k64f_emac.o
 .text.k64f_tx_reclaim
                0x00003d2c       0xf4 EthernetInterface\lwip-eth\arch\TARGET_Freescale\k64f_emac.o
 .text.low_level_init
                0x00003e20      0x16c EthernetInterface\lwip-eth\arch\TARGET_Freescale\k64f_emac.o
 .text.enet_mac_rx_isr
                0x00003f8c       0x28 EthernetInterface\lwip-eth\arch\TARGET_Freescale\k64f_emac.o
                0x00003f8c                enet_mac_rx_isr
 .text.enet_mac_tx_isr
                0x00003fb4       0x28 EthernetInterface\lwip-eth\arch\TARGET_Freescale\k64f_emac.o
                0x00003fb4                enet_mac_tx_isr
 .text.k64f_etharp_output
                0x00003fdc       0x34 EthernetInterface\lwip-eth\arch\TARGET_Freescale\k64f_emac.o
                0x00003fdc                k64f_etharp_output
 .text.k64f_low_level_input
                0x00004010       0xec EthernetInterface\lwip-eth\arch\TARGET_Freescale\k64f_emac.o
 .text.k64f_enetif_input
                0x000040fc       0x68 EthernetInterface\lwip-eth\arch\TARGET_Freescale\k64f_emac.o
                0x000040fc                k64f_enetif_input
 .text.packet_rx
                0x00004164       0x64 EthernetInterface\lwip-eth\arch\TARGET_Freescale\k64f_emac.o
 .text.packet_tx
                0x000041c8       0x20 EthernetInterface\lwip-eth\arch\TARGET_Freescale\k64f_emac.o
 .text.k64f_tx_ready
                0x000041e8       0x58 EthernetInterface\lwip-eth\arch\TARGET_Freescale\k64f_emac.o
                0x000041e8                k64f_tx_ready
 .text.k64f_update_txbds
                0x00004240       0x94 EthernetInterface\lwip-eth\arch\TARGET_Freescale\k64f_emac.o
                0x00004240                k64f_update_txbds
 .text.k64f_low_level_output
                0x000042d4      0x19c EthernetInterface\lwip-eth\arch\TARGET_Freescale\k64f_emac.o
 .text.k64f_phy_task
                0x00004470       0xcc EthernetInterface\lwip-eth\arch\TARGET_Freescale\k64f_emac.o
 .text.eth_arch_enetif_init
                0x0000453c      0x13c EthernetInterface\lwip-eth\arch\TARGET_Freescale\k64f_emac.o
                0x0000453c                eth_arch_enetif_init
 .text.eth_arch_enable_interrupts
                0x00004678       0x40 EthernetInterface\lwip-eth\arch\TARGET_Freescale\k64f_emac.o
                0x00004678                eth_arch_enable_interrupts
 .text.ENET_Transmit_IRQHandler
                0x000046b8       0x14 EthernetInterface\lwip-eth\arch\TARGET_Freescale\k64f_emac.o
                0x000046b8                ENET_Transmit_IRQHandler
 .text.ENET_Receive_IRQHandler
                0x000046cc       0x14 EthernetInterface\lwip-eth\arch\TARGET_Freescale\k64f_emac.o
                0x000046cc                ENET_Receive_IRQHandler
 .text.PORT_HAL_SetPullMode
                0x000046e0       0x44 EthernetInterface\lwip-eth\arch\TARGET_Freescale\hardware_init_MK64F12.o
 .text.PORT_HAL_SetPullCmd
                0x00004724       0x48 EthernetInterface\lwip-eth\arch\TARGET_Freescale\hardware_init_MK64F12.o
 .text.PORT_HAL_SetOpenDrainCmd
                0x0000476c       0x48 EthernetInterface\lwip-eth\arch\TARGET_Freescale\hardware_init_MK64F12.o
 .text.PORT_HAL_SetMuxMode
                0x000047b4       0x54 EthernetInterface\lwip-eth\arch\TARGET_Freescale\hardware_init_MK64F12.o
 .text.CLOCK_SYS_EnablePortClock
                0x00004808       0x20 EthernetInterface\lwip-eth\arch\TARGET_Freescale\hardware_init_MK64F12.o
 .text.CLOCK_SYS_EnableEnetClock
                0x00004828       0x20 EthernetInterface\lwip-eth\arch\TARGET_Freescale\hardware_init_MK64F12.o
 .text.k64f_init_eth_hardware
                0x00004848       0xc0 EthernetInterface\lwip-eth\arch\TARGET_Freescale\hardware_init_MK64F12.o
                0x00004848                k64f_init_eth_hardware
 .text.enet_hal_reset_ethernet
                0x00004908       0x24 EthernetInterface\lwip-eth\arch\TARGET_Freescale\fsl_enet_driver.o
 .text.enet_hal_is_reset_completed
                0x0000492c       0x2c EthernetInterface\lwip-eth\arch\TARGET_Freescale\fsl_enet_driver.o
 .text.enet_hal_enable_sleep
                0x00004958       0x38 EthernetInterface\lwip-eth\arch\TARGET_Freescale\fsl_enet_driver.o
 .text.enet_hal_enable_payloadcheck
                0x00004990       0x28 EthernetInterface\lwip-eth\arch\TARGET_Freescale\fsl_enet_driver.o
 .text.enet_hal_enable_rxcrcforward
                0x000049b8       0x2c EthernetInterface\lwip-eth\arch\TARGET_Freescale\fsl_enet_driver.o
 .text.enet_hal_enable_pauseforward
                0x000049e4       0x28 EthernetInterface\lwip-eth\arch\TARGET_Freescale\fsl_enet_driver.o
 .text.enet_hal_enable_padremove
                0x00004a0c       0x28 EthernetInterface\lwip-eth\arch\TARGET_Freescale\fsl_enet_driver.o
 .text.enet_hal_enable_flowcontrol
                0x00004a34       0x38 EthernetInterface\lwip-eth\arch\TARGET_Freescale\fsl_enet_driver.o
 .text.enet_hal_enable_broadcastreject
                0x00004a6c       0x28 EthernetInterface\lwip-eth\arch\TARGET_Freescale\fsl_enet_driver.o
 .text.enet_hal_set_rx_max_size
                0x00004a94       0x84 EthernetInterface\lwip-eth\arch\TARGET_Freescale\fsl_enet_driver.o
 .text.enet_hal_set_rxbd_address
                0x00004b18       0x20 EthernetInterface\lwip-eth\arch\TARGET_Freescale\fsl_enet_driver.o
 .text.enet_hal_set_txbd_address
                0x00004b38       0x20 EthernetInterface\lwip-eth\arch\TARGET_Freescale\fsl_enet_driver.o
 .text.enet_hal_config_mii
                0x00004b58       0x5c EthernetInterface\lwip-eth\arch\TARGET_Freescale\fsl_enet_driver.o
 .text.enet_hal_is_mii_enabled
                0x00004bb4       0x28 EthernetInterface\lwip-eth\arch\TARGET_Freescale\fsl_enet_driver.o
 .text.enet_hal_get_mii_data
                0x00004bdc       0x1c EthernetInterface\lwip-eth\arch\TARGET_Freescale\fsl_enet_driver.o
 .text.enet_hal_clear_interrupt
                0x00004bf8       0x1c EthernetInterface\lwip-eth\arch\TARGET_Freescale\fsl_enet_driver.o
 .text.enet_hal_get_interrupt_status
                0x00004c14       0x2c EthernetInterface\lwip-eth\arch\TARGET_Freescale\fsl_enet_driver.o
 .text.enet_hal_config_promiscuous
                0x00004c40       0x28 EthernetInterface\lwip-eth\arch\TARGET_Freescale\fsl_enet_driver.o
 .text.enet_hal_clear_mib
                0x00004c68       0x28 EthernetInterface\lwip-eth\arch\TARGET_Freescale\fsl_enet_driver.o
 .text.enet_hal_get_bd_size
                0x00004c90       0x10 EthernetInterface\lwip-eth\arch\TARGET_Freescale\fsl_enet_driver.o
 .text.CLOCK_SYS_EnableEnetClock
                0x00004ca0       0x20 EthernetInterface\lwip-eth\arch\TARGET_Freescale\fsl_enet_driver.o
 .text.enet_mii_read
                0x00004cc0       0xa0 EthernetInterface\lwip-eth\arch\TARGET_Freescale\fsl_enet_driver.o
                0x00004cc0                enet_mii_read
 .text.enet_mii_write
                0x00004d60       0x8c EthernetInterface\lwip-eth\arch\TARGET_Freescale\fsl_enet_driver.o
                0x00004d60                enet_mii_write
 .text.enet_mac_mii_init
                0x00004dec       0x48 EthernetInterface\lwip-eth\arch\TARGET_Freescale\fsl_enet_driver.o
                0x00004dec                enet_mac_mii_init
 .text.enet_mac_rxbd_init
                0x00004e34       0x70 EthernetInterface\lwip-eth\arch\TARGET_Freescale\fsl_enet_driver.o
                0x00004e34                enet_mac_rxbd_init
 .text.enet_mac_txbd_init
                0x00004ea4       0x64 EthernetInterface\lwip-eth\arch\TARGET_Freescale\fsl_enet_driver.o
                0x00004ea4                enet_mac_txbd_init
 .text.enet_mac_configure_fifo_accel
                0x00004f08       0xf0 EthernetInterface\lwip-eth\arch\TARGET_Freescale\fsl_enet_driver.o
                0x00004f08                enet_mac_configure_fifo_accel
 .text.enet_mac_configure_controller
                0x00004ff8      0x180 EthernetInterface\lwip-eth\arch\TARGET_Freescale\fsl_enet_driver.o
                0x00004ff8                enet_mac_configure_controller
 .text.enet_mac_init
                0x00005178      0x118 EthernetInterface\lwip-eth\arch\TARGET_Freescale\fsl_enet_driver.o
                0x00005178                enet_mac_init
 .text.free_entry
                0x00005290       0x4c EthernetInterface\lwip\netif\etharp.o
 .text.etharp_tmr
                0x000052dc       0x88 EthernetInterface\lwip\netif\etharp.o
                0x000052dc                etharp_tmr
 .text.find_entry
                0x00005364      0x1a4 EthernetInterface\lwip\netif\etharp.o
 .text.etharp_send_ip
                0x00005508       0x54 EthernetInterface\lwip\netif\etharp.o
 .text.update_arp_entry
                0x0000555c       0xe4 EthernetInterface\lwip\netif\etharp.o
 .text.etharp_arp_input
                0x00005640      0x194 EthernetInterface\lwip\netif\etharp.o
 .text.etharp_output
                0x000057d4      0x130 EthernetInterface\lwip\netif\etharp.o
                0x000057d4                etharp_output
 .text.etharp_query
                0x00005904      0x1bc EthernetInterface\lwip\netif\etharp.o
                0x00005904                etharp_query
 .text.etharp_raw
                0x00005ac0      0x100 EthernetInterface\lwip\netif\etharp.o
 .text.etharp_request
                0x00005bc0       0x44 EthernetInterface\lwip\netif\etharp.o
                0x00005bc0                etharp_request
 .text.ethernet_input
                0x00005c04       0xa4 EthernetInterface\lwip\netif\etharp.o
                0x00005c04                ethernet_input
 .text.udp_input
                0x00005ca8      0x2d8 EthernetInterface\lwip\core\udp.o
                0x00005ca8                udp_input
 .text.udp_send_chksum
                0x00005f80       0x30 EthernetInterface\lwip\core\udp.o
                0x00005f80                udp_send_chksum
 .text.udp_sendto
                0x00005fb0       0x2c EthernetInterface\lwip\core\udp.o
                0x00005fb0                udp_sendto
 .text.udp_sendto_chksum
                0x00005fdc       0x5c EthernetInterface\lwip\core\udp.o
                0x00005fdc                udp_sendto_chksum
 .text.udp_sendto_if
                0x00006038       0x30 EthernetInterface\lwip\core\udp.o
                0x00006038                udp_sendto_if
 .text.udp_sendto_if_chksum
                0x00006068      0x1f8 EthernetInterface\lwip\core\udp.o
                0x00006068                udp_sendto_if_chksum
 .text.udp_bind
                0x00006260       0xf8 EthernetInterface\lwip\core\udp.o
                0x00006260                udp_bind
 .text.udp_connect
                0x00006358       0x9c EthernetInterface\lwip\core\udp.o
                0x00006358                udp_connect
 .text.udp_recv
                0x000063f4       0x24 EthernetInterface\lwip\core\udp.o
                0x000063f4                udp_recv
 .text.udp_remove
                0x00006418       0x60 EthernetInterface\lwip\core\udp.o
                0x00006418                udp_remove
 .text.udp_new  0x00006478       0x30 EthernetInterface\lwip\core\udp.o
                0x00006478                udp_new
 .text.tcpip_tcp_timer
                0x000064a8       0x44 EthernetInterface\lwip\core\timers.o
 .text.tcp_timer_needed
                0x000064ec       0x40 EthernetInterface\lwip\core\timers.o
                0x000064ec                tcp_timer_needed
 .text.ip_reass_timer
                0x0000652c       0x24 EthernetInterface\lwip\core\timers.o
 .text.arp_timer
                0x00006550       0x24 EthernetInterface\lwip\core\timers.o
 .text.dhcp_timer_coarse
                0x00006574       0x24 EthernetInterface\lwip\core\timers.o
 .text.dhcp_timer_fine
                0x00006598       0x24 EthernetInterface\lwip\core\timers.o
 .text.igmp_timer
                0x000065bc       0x20 EthernetInterface\lwip\core\timers.o
 .text.dns_timer
                0x000065dc       0x24 EthernetInterface\lwip\core\timers.o
 .text.sys_timeouts_init
                0x00006600       0x64 EthernetInterface\lwip\core\timers.o
                0x00006600                sys_timeouts_init
 .text.sys_timeout
                0x00006664       0xdc EthernetInterface\lwip\core\timers.o
                0x00006664                sys_timeout
 .text.sys_untimeout
                0x00006740       0x8c EthernetInterface\lwip\core\timers.o
                0x00006740                sys_untimeout
 .text.sys_timeouts_mbox_fetch
                0x000067cc       0xb0 EthernetInterface\lwip\core\timers.o
                0x000067cc                sys_timeouts_mbox_fetch
 .text.tcp_output_alloc_header
                0x0000687c       0xd4 EthernetInterface\lwip\core\tcp_out.o
 .text.tcp_send_fin
                0x00006950       0x78 EthernetInterface\lwip\core\tcp_out.o
                0x00006950                tcp_send_fin
 .text.tcp_create_segment
                0x000069c8      0x118 EthernetInterface\lwip\core\tcp_out.o
 .text.tcp_seg_add_chksum
                0x00006ae0       0x60 EthernetInterface\lwip\core\tcp_out.o
 .text.tcp_write_checks
                0x00006b40       0x9c EthernetInterface\lwip\core\tcp_out.o
 .text.tcp_write
                0x00006bdc      0x468 EthernetInterface\lwip\core\tcp_out.o
                0x00006bdc                tcp_write
 .text.tcp_enqueue_flags
                0x00007044      0x17c EthernetInterface\lwip\core\tcp_out.o
                0x00007044                tcp_enqueue_flags
 .text.tcp_send_empty_ack
                0x000071c0       0x94 EthernetInterface\lwip\core\tcp_out.o
                0x000071c0                tcp_send_empty_ack
 .text.tcp_output
                0x00007254      0x2cc EthernetInterface\lwip\core\tcp_out.o
                0x00007254                tcp_output
 .text.tcp_output_segment
                0x00007520      0x1b4 EthernetInterface\lwip\core\tcp_out.o
 .text.tcp_rst  0x000076d4       0xe0 EthernetInterface\lwip\core\tcp_out.o
                0x000076d4                tcp_rst
 .text.tcp_rexmit_rto
                0x000077b4       0x60 EthernetInterface\lwip\core\tcp_out.o
                0x000077b4                tcp_rexmit_rto
 .text.tcp_rexmit
                0x00007814       0x88 EthernetInterface\lwip\core\tcp_out.o
                0x00007814                tcp_rexmit
 .text.tcp_rexmit_fast
                0x0000789c       0xac EthernetInterface\lwip\core\tcp_out.o
                0x0000789c                tcp_rexmit_fast
 .text.tcp_keepalive
                0x00007948       0x74 EthernetInterface\lwip\core\tcp_out.o
                0x00007948                tcp_keepalive
 .text.tcp_zero_window_probe
                0x000079bc      0x124 EthernetInterface\lwip\core\tcp_out.o
                0x000079bc                tcp_zero_window_probe
 .text.tcp_input
                0x00007ae0      0x670 EthernetInterface\lwip\core\tcp_in.o
                0x00007ae0                tcp_input
 .text.tcp_listen_input
                0x00008150      0x170 EthernetInterface\lwip\core\tcp_in.o
 .text.tcp_timewait_input
                0x000082c0       0xe0 EthernetInterface\lwip\core\tcp_in.o
 .text.tcp_process
                0x000083a0      0x6bc EthernetInterface\lwip\core\tcp_in.o
 .text.tcp_receive
                0x00008a5c      0x8b8 EthernetInterface\lwip\core\tcp_in.o
 .text.tcp_parseopt
                0x00009314      0x108 EthernetInterface\lwip\core\tcp_in.o
 .text.tcp_tmr  0x0000941c       0x2c EthernetInterface\lwip\core\tcp.o
                0x0000941c                tcp_tmr
 .text.tcp_close_shutdown
                0x00009448      0x220 EthernetInterface\lwip\core\tcp.o
 .text.tcp_close
                0x00009668       0x34 EthernetInterface\lwip\core\tcp.o
                0x00009668                tcp_close
 .text.tcp_shutdown
                0x0000969c       0x7c EthernetInterface\lwip\core\tcp.o
                0x0000969c                tcp_shutdown
 .text.tcp_abandon
                0x00009718       0xc8 EthernetInterface\lwip\core\tcp.o
                0x00009718                tcp_abandon
 .text.tcp_abort
                0x000097e0       0x18 EthernetInterface\lwip\core\tcp.o
                0x000097e0                tcp_abort
 .text.tcp_bind
                0x000097f8       0xd4 EthernetInterface\lwip\core\tcp.o
                0x000097f8                tcp_bind
 .text.tcp_accept_null
                0x000098cc       0x20 EthernetInterface\lwip\core\tcp.o
 .text.tcp_listen_with_backlog
                0x000098ec      0x114 EthernetInterface\lwip\core\tcp.o
                0x000098ec                tcp_listen_with_backlog
 .text.tcp_update_rcv_ann_wnd
                0x00009a00       0x84 EthernetInterface\lwip\core\tcp.o
                0x00009a00                tcp_update_rcv_ann_wnd
 .text.tcp_recved
                0x00009a84       0x60 EthernetInterface\lwip\core\tcp.o
                0x00009a84                tcp_recved
 .text.tcp_new_port
                0x00009ae4       0x74 EthernetInterface\lwip\core\tcp.o
 .text.tcp_slowtmr
                0x00009b58      0x3d0 EthernetInterface\lwip\core\tcp.o
                0x00009b58                tcp_slowtmr
 .text.tcp_fasttmr
                0x00009f28       0xc8 EthernetInterface\lwip\core\tcp.o
                0x00009f28                tcp_fasttmr
 .text.tcp_segs_free
                0x00009ff0       0x28 EthernetInterface\lwip\core\tcp.o
                0x00009ff0                tcp_segs_free
 .text.tcp_seg_free
                0x0000a018       0x30 EthernetInterface\lwip\core\tcp.o
                0x0000a018                tcp_seg_free
 .text.tcp_recv_null
                0x0000a048       0x48 EthernetInterface\lwip\core\tcp.o
                0x0000a048                tcp_recv_null
 .text.tcp_kill_prio
                0x0000a090       0x80 EthernetInterface\lwip\core\tcp.o
 .text.tcp_kill_timewait
                0x0000a110       0x5c EthernetInterface\lwip\core\tcp.o
 .text.tcp_alloc
                0x0000a16c      0x120 EthernetInterface\lwip\core\tcp.o
                0x0000a16c                tcp_alloc
 .text.tcp_new  0x0000a28c       0x10 EthernetInterface\lwip\core\tcp.o
                0x0000a28c                tcp_new
 .text.tcp_arg  0x0000a29c       0x1c EthernetInterface\lwip\core\tcp.o
                0x0000a29c                tcp_arg
 .text.tcp_recv
                0x0000a2b8       0x1c EthernetInterface\lwip\core\tcp.o
                0x0000a2b8                tcp_recv
 .text.tcp_sent
                0x0000a2d4       0x1c EthernetInterface\lwip\core\tcp.o
                0x0000a2d4                tcp_sent
 .text.tcp_err  0x0000a2f0       0x1c EthernetInterface\lwip\core\tcp.o
                0x0000a2f0                tcp_err
 .text.tcp_accept
                0x0000a30c       0x1c EthernetInterface\lwip\core\tcp.o
                0x0000a30c                tcp_accept
 .text.tcp_poll
                0x0000a328       0x28 EthernetInterface\lwip\core\tcp.o
                0x0000a328                tcp_poll
 .text.tcp_pcb_purge
                0x0000a350       0x68 EthernetInterface\lwip\core\tcp.o
                0x0000a350                tcp_pcb_purge
 .text.tcp_pcb_remove
                0x0000a3b8       0xa8 EthernetInterface\lwip\core\tcp.o
                0x0000a3b8                tcp_pcb_remove
 .text.tcp_next_iss
                0x0000a460       0x28 EthernetInterface\lwip\core\tcp.o
                0x0000a460                tcp_next_iss
 .text.tcp_eff_send_mss
                0x0000a488       0x40 EthernetInterface\lwip\core\tcp.o
                0x0000a488                tcp_eff_send_mss
 .text.pbuf_alloc
                0x0000a4c8      0x1fc EthernetInterface\lwip\core\pbuf.o
                0x0000a4c8                pbuf_alloc
 .text.pbuf_alloced_custom
                0x0000a6c4       0xb0 EthernetInterface\lwip\core\pbuf.o
                0x0000a6c4                pbuf_alloced_custom
 .text.pbuf_realloc
                0x0000a774       0xb0 EthernetInterface\lwip\core\pbuf.o
                0x0000a774                pbuf_realloc
 .text.pbuf_header
                0x0000a824       0xe0 EthernetInterface\lwip\core\pbuf.o
                0x0000a824                pbuf_header
 .text.pbuf_free
                0x0000a904       0xb0 EthernetInterface\lwip\core\pbuf.o
                0x0000a904                pbuf_free
 .text.pbuf_clen
                0x0000a9b4       0x30 EthernetInterface\lwip\core\pbuf.o
                0x0000a9b4                pbuf_clen
 .text.pbuf_ref
                0x0000a9e4       0x2c EthernetInterface\lwip\core\pbuf.o
                0x0000a9e4                pbuf_ref
 .text.pbuf_cat
                0x0000aa10       0x5c EthernetInterface\lwip\core\pbuf.o
                0x0000aa10                pbuf_cat
 .text.pbuf_chain
                0x0000aa6c       0x20 EthernetInterface\lwip\core\pbuf.o
                0x0000aa6c                pbuf_chain
 .text.pbuf_copy
                0x0000aa8c      0x100 EthernetInterface\lwip\core\pbuf.o
                0x0000aa8c                pbuf_copy
 .text.pbuf_copy_partial
                0x0000ab8c       0xc4 EthernetInterface\lwip\core\pbuf.o
                0x0000ab8c                pbuf_copy_partial
 .text.netif_init
                0x0000ac50        0xc EthernetInterface\lwip\core\netif.o
                0x0000ac50                netif_init
 .text.netif_add
                0x0000ac5c       0xb0 EthernetInterface\lwip\core\netif.o
                0x0000ac5c                netif_add
 .text.netif_set_addr
                0x0000ad0c       0x2c EthernetInterface\lwip\core\netif.o
                0x0000ad0c                netif_set_addr
 .text.netif_set_ipaddr
                0x0000ad38       0xb8 EthernetInterface\lwip\core\netif.o
                0x0000ad38                netif_set_ipaddr
 .text.netif_set_gw
                0x0000adf0       0x28 EthernetInterface\lwip\core\netif.o
                0x0000adf0                netif_set_gw
 .text.netif_set_netmask
                0x0000ae18       0x28 EthernetInterface\lwip\core\netif.o
                0x0000ae18                netif_set_netmask
 .text.netif_set_default
                0x0000ae40       0x1c EthernetInterface\lwip\core\netif.o
                0x0000ae40                netif_set_default
 .text.netif_set_up
                0x0000ae5c       0x7c EthernetInterface\lwip\core\netif.o
                0x0000ae5c                netif_set_up
 .text.netif_set_down
                0x0000aed8       0x40 EthernetInterface\lwip\core\netif.o
                0x0000aed8                netif_set_down
 .text.netif_set_status_callback
                0x0000af18       0x20 EthernetInterface\lwip\core\netif.o
                0x0000af18                netif_set_status_callback
 .text.netif_set_link_up
                0x0000af38       0x88 EthernetInterface\lwip\core\netif.o
                0x0000af38                netif_set_link_up
 .text.netif_set_link_down
                0x0000afc0       0x40 EthernetInterface\lwip\core\netif.o
                0x0000afc0                netif_set_link_down
 .text.netif_set_link_callback
                0x0000b000       0x20 EthernetInterface\lwip\core\netif.o
                0x0000b000                netif_set_link_callback
 .text.memp_init
                0x0000b020       0x98 EthernetInterface\lwip\core\memp.o
                0x0000b020                memp_init
 .text.memp_malloc
                0x0000b0b8       0x4c EthernetInterface\lwip\core\memp.o
                0x0000b0b8                memp_malloc
 .text.memp_free
                0x0000b104       0x44 EthernetInterface\lwip\core\memp.o
                0x0000b104                memp_free
 .text.plug_holes
                0x0000b148       0xbc EthernetInterface\lwip\core\mem.o
 .text.mem_init
                0x0000b204       0x80 EthernetInterface\lwip\core\mem.o
                0x0000b204                mem_init
 .text.mem_free
                0x0000b284       0x78 EthernetInterface\lwip\core\mem.o
                0x0000b284                mem_free
 .text.mem_trim
                0x0000b2fc      0x194 EthernetInterface\lwip\core\mem.o
                0x0000b2fc                mem_trim
 .text.mem_malloc
                0x0000b490      0x15c EthernetInterface\lwip\core\mem.o
                0x0000b490                mem_malloc
 .text.ip_reass_tmr
                0x0000b5ec       0x54 EthernetInterface\lwip\core\ipv4\ip_frag.o
                0x0000b5ec                ip_reass_tmr
 .text.ip_reass_free_complete_datagram
                0x0000b640       0xc0 EthernetInterface\lwip\core\ipv4\ip_frag.o
 .text.ip_reass_remove_oldest_datagram
                0x0000b700       0xb8 EthernetInterface\lwip\core\ipv4\ip_frag.o
 .text.ip_reass_enqueue_new_datagram
                0x0000b7b8       0x74 EthernetInterface\lwip\core\ipv4\ip_frag.o
 .text.ip_reass_dequeue_datagram
                0x0000b82c       0x38 EthernetInterface\lwip\core\ipv4\ip_frag.o
 .text.ip_reass_chain_frag_into_datagram_and_validate
                0x0000b864      0x1fc EthernetInterface\lwip\core\ipv4\ip_frag.o
 .text.ip_reass
                0x0000ba60      0x278 EthernetInterface\lwip\core\ipv4\ip_frag.o
                0x0000ba60                ip_reass
 .text.ip_frag_alloc_pbuf_custom_ref
                0x0000bcd8       0x10 EthernetInterface\lwip\core\ipv4\ip_frag.o
 .text.ip_frag_free_pbuf_custom_ref
                0x0000bce8       0x18 EthernetInterface\lwip\core\ipv4\ip_frag.o
 .text.ipfrag_free_pbuf_custom
                0x0000bd00       0x2c EthernetInterface\lwip\core\ipv4\ip_frag.o
 .text.ip_frag  0x0000bd2c      0x248 EthernetInterface\lwip\core\ipv4\ip_frag.o
                0x0000bd2c                ip_frag
 .text.ip4_addr_isbroadcast
                0x0000bf74       0x78 EthernetInterface\lwip\core\ipv4\ip_addr.o
                0x0000bf74                ip4_addr_isbroadcast
 .text.ipaddr_addr
                0x0000bfec       0x2c EthernetInterface\lwip\core\ipv4\ip_addr.o
                0x0000bfec                ipaddr_addr
 .text.ipaddr_aton
                0x0000c018      0x238 EthernetInterface\lwip\core\ipv4\ip_addr.o
                0x0000c018                ipaddr_aton
 .text.ipaddr_ntoa
                0x0000c250       0x20 EthernetInterface\lwip\core\ipv4\ip_addr.o
                0x0000c250                ipaddr_ntoa
 .text.ipaddr_ntoa_r
                0x0000c270      0x104 EthernetInterface\lwip\core\ipv4\ip_addr.o
                0x0000c270                ipaddr_ntoa_r
 .text.ip_route
                0x0000c374       0x78 EthernetInterface\lwip\core\ipv4\ip.o
                0x0000c374                ip_route
 .text.ip_input
                0x0000c3ec      0x2ec EthernetInterface\lwip\core\ipv4\ip.o
                0x0000c3ec                ip_input
 .text.ip_output_if
                0x0000c6d8       0x38 EthernetInterface\lwip\core\ipv4\ip.o
                0x0000c6d8                ip_output_if
 .text.ip_output_if_opt
                0x0000c710      0x244 EthernetInterface\lwip\core\ipv4\ip.o
                0x0000c710                ip_output_if_opt
 .text.ip_output
                0x0000c954       0x48 EthernetInterface\lwip\core\ipv4\ip.o
                0x0000c954                ip_output
 .text.inet_chksum_pseudo
                0x0000c99c      0x110 EthernetInterface\lwip\core\ipv4\inet_chksum.o
                0x0000c99c                inet_chksum_pseudo
 .text.inet_chksum_pseudo_partial
                0x0000caac      0x138 EthernetInterface\lwip\core\ipv4\inet_chksum.o
                0x0000caac                inet_chksum_pseudo_partial
 .text.inet_chksum
                0x0000cbe4       0x24 EthernetInterface\lwip\core\ipv4\inet_chksum.o
                0x0000cbe4                inet_chksum
 .text.inet_chksum_pbuf
                0x0000cc08       0x90 EthernetInterface\lwip\core\ipv4\inet_chksum.o
                0x0000cc08                inet_chksum_pbuf
 .text.lwip_chksum_copy
                0x0000cc98       0x30 EthernetInterface\lwip\core\ipv4\inet_chksum.o
                0x0000cc98                lwip_chksum_copy
 .text.igmp_init
                0x0000ccc8       0x28 EthernetInterface\lwip\core\ipv4\igmp.o
                0x0000ccc8                igmp_init
 .text.igmp_start
                0x0000ccf0       0x54 EthernetInterface\lwip\core\ipv4\igmp.o
                0x0000ccf0                igmp_start
 .text.igmp_report_groups
                0x0000cd44       0x38 EthernetInterface\lwip\core\ipv4\igmp.o
                0x0000cd44                igmp_report_groups
 .text.igmp_lookfor_group
                0x0000cd7c       0x4c EthernetInterface\lwip\core\ipv4\igmp.o
                0x0000cd7c                igmp_lookfor_group
 .text.igmp_lookup_group
                0x0000cdc8       0x80 EthernetInterface\lwip\core\ipv4\igmp.o
 .text.igmp_input
                0x0000ce48      0x178 EthernetInterface\lwip\core\ipv4\igmp.o
                0x0000ce48                igmp_input
 .text.igmp_tmr
                0x0000cfc0       0x48 EthernetInterface\lwip\core\ipv4\igmp.o
                0x0000cfc0                igmp_tmr
 .text.igmp_timeout
                0x0000d008       0x20 EthernetInterface\lwip\core\ipv4\igmp.o
 .text.igmp_start_timer
                0x0000d028       0x3c EthernetInterface\lwip\core\ipv4\igmp.o
 .text.igmp_delaying_member
                0x0000d064       0x48 EthernetInterface\lwip\core\ipv4\igmp.o
 .text.igmp_ip_output_if
                0x0000d0ac       0x44 EthernetInterface\lwip\core\ipv4\igmp.o
 .text.igmp_send
                0x0000d0f0       0xc4 EthernetInterface\lwip\core\ipv4\igmp.o
 .text.icmp_input
                0x0000d1b4      0x1f4 EthernetInterface\lwip\core\ipv4\icmp.o
                0x0000d1b4                icmp_input
 .text.icmp_dest_unreach
                0x0000d3a8       0x20 EthernetInterface\lwip\core\ipv4\icmp.o
                0x0000d3a8                icmp_dest_unreach
 .text.icmp_time_exceeded
                0x0000d3c8       0x20 EthernetInterface\lwip\core\ipv4\icmp.o
                0x0000d3c8                icmp_time_exceeded
 .text.icmp_send_response
                0x0000d3e8       0xac EthernetInterface\lwip\core\ipv4\icmp.o
 .text.lwip_init
                0x0000d494       0x28 EthernetInterface\lwip\core\init.o
                0x0000d494                lwip_init
 .text.dns_init
                0x0000d4bc       0x7c EthernetInterface\lwip\core\dns.o
                0x0000d4bc                dns_init
 .text.dns_setserver
                0x0000d538       0x4c EthernetInterface\lwip\core\dns.o
                0x0000d538                dns_setserver
 .text.dns_tmr  0x0000d584       0x18 EthernetInterface\lwip\core\dns.o
                0x0000d584                dns_tmr
 .text.dns_compare_name
                0x0000d59c       0x68 EthernetInterface\lwip\core\dns.o
 .text.dns_parse_name
                0x0000d604       0x4c EthernetInterface\lwip\core\dns.o
 .text.dns_send
                0x0000d650      0x158 EthernetInterface\lwip\core\dns.o
 .text.dns_check_entry
                0x0000d7a8      0x158 EthernetInterface\lwip\core\dns.o
 .text.dns_check_entries
                0x0000d900       0x28 EthernetInterface\lwip\core\dns.o
 .text.dns_recv
                0x0000d928      0x20c EthernetInterface\lwip\core\dns.o
 .text.dhcp_handle_nak
                0x0000db34       0x44 EthernetInterface\lwip\core\dhcp.o
 .text.dhcp_check
                0x0000db78       0x5c EthernetInterface\lwip\core\dhcp.o
 .text.dhcp_handle_offer
                0x0000dbd4       0x44 EthernetInterface\lwip\core\dhcp.o
 .text.dhcp_select
                0x0000dc18      0x178 EthernetInterface\lwip\core\dhcp.o
 .text.dhcp_coarse_tmr
                0x0000dd90       0x5c EthernetInterface\lwip\core\dhcp.o
                0x0000dd90                dhcp_coarse_tmr
 .text.dhcp_fine_tmr
                0x0000ddec       0x60 EthernetInterface\lwip\core\dhcp.o
                0x0000ddec                dhcp_fine_tmr
 .text.dhcp_timeout
                0x0000de4c       0xc8 EthernetInterface\lwip\core\dhcp.o
 .text.dhcp_t1_timeout
                0x0000df14       0x34 EthernetInterface\lwip\core\dhcp.o
 .text.dhcp_t2_timeout
                0x0000df48       0x34 EthernetInterface\lwip\core\dhcp.o
 .text.dhcp_handle_ack
                0x0000df7c       0xf8 EthernetInterface\lwip\core\dhcp.o
 .text.dhcp_start
                0x0000e074      0x120 EthernetInterface\lwip\core\dhcp.o
                0x0000e074                dhcp_start
 .text.dhcp_network_changed
                0x0000e194       0x7c EthernetInterface\lwip\core\dhcp.o
                0x0000e194                dhcp_network_changed
 .text.dhcp_arp_reply
                0x0000e210       0x40 EthernetInterface\lwip\core\dhcp.o
                0x0000e210                dhcp_arp_reply
 .text.dhcp_decline
                0x0000e250       0xc4 EthernetInterface\lwip\core\dhcp.o
 .text.dhcp_discover
                0x0000e314      0x104 EthernetInterface\lwip\core\dhcp.o
 .text.dhcp_bind
                0x0000e418      0x134 EthernetInterface\lwip\core\dhcp.o
 .text.dhcp_renew
                0x0000e54c      0x11c EthernetInterface\lwip\core\dhcp.o
                0x0000e54c                dhcp_renew
 .text.dhcp_rebind
                0x0000e668      0x11c EthernetInterface\lwip\core\dhcp.o
 .text.dhcp_reboot
                0x0000e784       0xf0 EthernetInterface\lwip\core\dhcp.o
 .text.dhcp_release
                0x0000e874      0x110 EthernetInterface\lwip\core\dhcp.o
                0x0000e874                dhcp_release
 .text.dhcp_stop
                0x0000e984       0x54 EthernetInterface\lwip\core\dhcp.o
                0x0000e984                dhcp_stop
 .text.dhcp_set_state
                0x0000e9d8       0x34 EthernetInterface\lwip\core\dhcp.o
 .text.dhcp_option
                0x0000ea0c       0x4c EthernetInterface\lwip\core\dhcp.o
 .text.dhcp_option_byte
                0x0000ea58       0x30 EthernetInterface\lwip\core\dhcp.o
 .text.dhcp_option_short
                0x0000ea88       0x50 EthernetInterface\lwip\core\dhcp.o
 .text.dhcp_option_long
                0x0000ead8       0x8c EthernetInterface\lwip\core\dhcp.o
 .text.dhcp_parse_reply
                0x0000eb64      0x3b4 EthernetInterface\lwip\core\dhcp.o
 .text.dhcp_recv
                0x0000ef18      0x144 EthernetInterface\lwip\core\dhcp.o
 .text.dhcp_create_msg
                0x0000f05c      0x22c EthernetInterface\lwip\core\dhcp.o
 .text.dhcp_delete_msg
                0x0000f288       0x34 EthernetInterface\lwip\core\dhcp.o
 .text.dhcp_option_trailer
                0x0000f2bc       0x60 EthernetInterface\lwip\core\dhcp.o
 .text.tcpip_thread
                0x0000f31c      0x104 EthernetInterface\lwip\api\tcpip.o
 .text.tcpip_input
                0x0000f420       0x64 EthernetInterface\lwip\api\tcpip.o
                0x0000f420                tcpip_input
 .text.tcpip_callback_with_block
                0x0000f484       0x78 EthernetInterface\lwip\api\tcpip.o
                0x0000f484                tcpip_callback_with_block
 .text.tcpip_apimsg
                0x0000f4fc       0x48 EthernetInterface\lwip\api\tcpip.o
                0x0000f4fc                tcpip_apimsg
 .text.tcpip_init
                0x0000f544       0x50 EthernetInterface\lwip\api\tcpip.o
                0x0000f544                tcpip_init
 .text.lwip_socket_init
                0x0000f594        0xc EthernetInterface\lwip\api\sockets.o
                0x0000f594                lwip_socket_init
 .text.get_socket
                0x0000f5a0       0x48 EthernetInterface\lwip\api\sockets.o
 .text.tryget_socket
                0x0000f5e8       0x50 EthernetInterface\lwip\api\sockets.o
 .text.alloc_socket
                0x0000f638      0x108 EthernetInterface\lwip\api\sockets.o
 .text.free_socket
                0x0000f740       0x54 EthernetInterface\lwip\api\sockets.o
 .text.lwip_accept
                0x0000f794      0x1bc EthernetInterface\lwip\api\sockets.o
                0x0000f794                lwip_accept
 .text.lwip_bind
                0x0000f950       0xb8 EthernetInterface\lwip\api\sockets.o
                0x0000f950                lwip_bind
 .text.lwip_close
                0x0000fa08       0x58 EthernetInterface\lwip\api\sockets.o
                0x0000fa08                lwip_close
 .text.lwip_listen
                0x0000fa60       0x84 EthernetInterface\lwip\api\sockets.o
                0x0000fa60                lwip_listen
 .text.lwip_recvfrom
                0x0000fae4      0x2ec EthernetInterface\lwip\api\sockets.o
                0x0000fae4                lwip_recvfrom
 .text.lwip_recv
                0x0000fdd0       0x2c EthernetInterface\lwip\api\sockets.o
                0x0000fdd0                lwip_recv
 .text.lwip_send
                0x0000fdfc       0xf4 EthernetInterface\lwip\api\sockets.o
                0x0000fdfc                lwip_send
 .text.lwip_sendto
                0x0000fef0      0x128 EthernetInterface\lwip\api\sockets.o
                0x0000fef0                lwip_sendto
 .text.lwip_socket
                0x00010018       0xb4 EthernetInterface\lwip\api\sockets.o
                0x00010018                lwip_socket
 .text.lwip_selscan
                0x000100cc      0x1f0 EthernetInterface\lwip\api\sockets.o
 .text.lwip_select
                0x000102bc      0x338 EthernetInterface\lwip\api\sockets.o
                0x000102bc                lwip_select
 .text.event_callback
                0x000105f4      0x204 EthernetInterface\lwip\api\sockets.o
 .text.lwip_shutdown
                0x000107f8       0xd0 EthernetInterface\lwip\api\sockets.o
                0x000107f8                lwip_shutdown
 .text.netbuf_delete
                0x000108c8       0x3c EthernetInterface\lwip\api\netbuf.o
                0x000108c8                netbuf_delete
 .text.netbuf_free
                0x00010904       0x38 EthernetInterface\lwip\api\netbuf.o
                0x00010904                netbuf_free
 .text.netbuf_ref
                0x0001093c       0x78 EthernetInterface\lwip\api\netbuf.o
                0x0001093c                netbuf_ref
 .text.recv_udp
                0x000109b4       0xa0 EthernetInterface\lwip\api\api_msg.o
 .text.recv_tcp
                0x00010a54       0xac EthernetInterface\lwip\api\api_msg.o
 .text.poll_tcp
                0x00010b00       0x94 EthernetInterface\lwip\api\api_msg.o
 .text.sent_tcp
                0x00010b94       0x90 EthernetInterface\lwip\api\api_msg.o
 .text.err_tcp  0x00010c24      0x108 EthernetInterface\lwip\api\api_msg.o
 .text.setup_tcp
                0x00010d2c       0x50 EthernetInterface\lwip\api\api_msg.o
 .text.accept_function
                0x00010d7c       0xa4 EthernetInterface\lwip\api\api_msg.o
 .text.pcb_new  0x00010e20       0xa0 EthernetInterface\lwip\api\api_msg.o
 .text.do_newconn
                0x00010ec0       0x30 EthernetInterface\lwip\api\api_msg.o
                0x00010ec0                do_newconn
 .text.netconn_alloc
                0x00010ef0       0xc4 EthernetInterface\lwip\api\api_msg.o
                0x00010ef0                netconn_alloc
 .text.netconn_free
                0x00010fb4       0x28 EthernetInterface\lwip\api\api_msg.o
                0x00010fb4                netconn_free
 .text.netconn_drain
                0x00010fdc       0xd8 EthernetInterface\lwip\api\api_msg.o
 .text.do_close_internal
                0x000110b4      0x1b0 EthernetInterface\lwip\api\api_msg.o
 .text.do_delconn
                0x00011264       0xf8 EthernetInterface\lwip\api\api_msg.o
                0x00011264                do_delconn
 .text.do_bind  0x0001135c       0x9c EthernetInterface\lwip\api\api_msg.o
                0x0001135c                do_bind
 .text.do_listen
                0x000113f8      0x108 EthernetInterface\lwip\api\api_msg.o
                0x000113f8                do_listen
 .text.do_send  0x00011500       0xd4 EthernetInterface\lwip\api\api_msg.o
                0x00011500                do_send
 .text.do_recv  0x000115d4       0x6c EthernetInterface\lwip\api\api_msg.o
                0x000115d4                do_recv
 .text.do_writemore
                0x00011640      0x1f0 EthernetInterface\lwip\api\api_msg.o
 .text.do_write
                0x00011830       0x90 EthernetInterface\lwip\api\api_msg.o
                0x00011830                do_write
 .text.do_getaddr
                0x000118c0       0xcc EthernetInterface\lwip\api\api_msg.o
                0x000118c0                do_getaddr
 .text.do_close
                0x0001198c       0xa0 EthernetInterface\lwip\api\api_msg.o
                0x0001198c                do_close
 .text.netconn_new_with_proto_and_callback
                0x00011a2c       0x6c EthernetInterface\lwip\api\api_lib.o
                0x00011a2c                netconn_new_with_proto_and_callback
 .text.netconn_delete
                0x00011a98       0x3c EthernetInterface\lwip\api\api_lib.o
                0x00011a98                netconn_delete
 .text.netconn_getaddr
                0x00011ad4       0x84 EthernetInterface\lwip\api\api_lib.o
                0x00011ad4                netconn_getaddr
 .text.netconn_bind
                0x00011b58       0x6c EthernetInterface\lwip\api\api_lib.o
                0x00011b58                netconn_bind
 .text.netconn_listen_with_backlog
                0x00011bc4       0x60 EthernetInterface\lwip\api\api_lib.o
                0x00011bc4                netconn_listen_with_backlog
 .text.netconn_accept
                0x00011c24       0xdc EthernetInterface\lwip\api\api_lib.o
                0x00011c24                netconn_accept
 .text.netconn_recv_data
                0x00011d00      0x150 EthernetInterface\lwip\api\api_lib.o
 .text.netconn_recv_tcp_pbuf
                0x00011e50       0x30 EthernetInterface\lwip\api\api_lib.o
                0x00011e50                netconn_recv_tcp_pbuf
 .text.netconn_recv
                0x00011e80       0xcc EthernetInterface\lwip\api\api_lib.o
                0x00011e80                netconn_recv
 .text.netconn_recved
                0x00011f4c       0x48 EthernetInterface\lwip\api\api_lib.o
                0x00011f4c                netconn_recved
 .text.netconn_send
                0x00011f94       0x64 EthernetInterface\lwip\api\api_lib.o
                0x00011f94                netconn_send
 .text.netconn_write
                0x00011ff8       0x88 EthernetInterface\lwip\api\api_lib.o
                0x00011ff8                netconn_write
 .text.netconn_close_shutdown
                0x00012080       0x64 EthernetInterface\lwip\api\api_lib.o
 .text.netconn_shutdown
                0x000120e4       0x44 EthernetInterface\lwip\api\api_lib.o
                0x000120e4                netconn_shutdown
 .text._ZN15TCPSocketServerC2Ev
                0x00012128       0x1c EthernetInterface\Socket\TCPSocketServer.o
                0x00012128                TCPSocketServer::TCPSocketServer()
                0x00012128                TCPSocketServer::TCPSocketServer()
 .text._ZN15TCPSocketServer4bindEi
                0x00012144       0x80 EthernetInterface\Socket\TCPSocketServer.o
                0x00012144                TCPSocketServer::bind(int)
 .text._ZN15TCPSocketServer6listenEi
                0x000121c4       0x48 EthernetInterface\Socket\TCPSocketServer.o
                0x000121c4                TCPSocketServer::listen(int)
 .text._ZN15TCPSocketServer6acceptER19TCPSocketConnection
                0x0001220c       0xa8 EthernetInterface\Socket\TCPSocketServer.o
                0x0001220c                TCPSocketServer::accept(TCPSocketConnection&)
 .text._ZN19TCPSocketConnectionC2Ev
                0x000122b4       0x2c EthernetInterface\Socket\TCPSocketConnection.o
                0x000122b4                TCPSocketConnection::TCPSocketConnection()
                0x000122b4                TCPSocketConnection::TCPSocketConnection()
 .text._ZN19TCPSocketConnection12is_connectedEv
                0x000122e0       0x1c EthernetInterface\Socket\TCPSocketConnection.o
                0x000122e0                TCPSocketConnection::is_connected()
 .text._ZN19TCPSocketConnection8send_allEPci
                0x000122fc       0xc8 EthernetInterface\Socket\TCPSocketConnection.o
                0x000122fc                TCPSocketConnection::send_all(char*, int)
 .text._ZN19TCPSocketConnection7receiveEPci
                0x000123c4       0x9c EthernetInterface\Socket\TCPSocketConnection.o
                0x000123c4                TCPSocketConnection::receive(char*, int)
 .text._ZN6SocketC2Ev
                0x00012460       0x2c EthernetInterface\Socket\Socket.o
                0x00012460                Socket::Socket()
                0x00012460                Socket::Socket()
 .text._ZN6Socket11init_socketEi
                0x0001248c       0x44 EthernetInterface\Socket\Socket.o
                0x0001248c                Socket::init_socket(int)
 .text._ZN6Socket6selectEP7timevalbb
                0x000124d0       0xc8 EthernetInterface\Socket\Socket.o
                0x000124d0                Socket::select(timeval*, bool, bool)
 .text._ZN6Socket13wait_readableER12TimeInterval
                0x00012598       0x24 EthernetInterface\Socket\Socket.o
                0x00012598                Socket::wait_readable(TimeInterval&)
 .text._ZN6Socket13wait_writableER12TimeInterval
                0x000125bc       0x24 EthernetInterface\Socket\Socket.o
                0x000125bc                Socket::wait_writable(TimeInterval&)
 .text._ZN6Socket5closeEb
                0x000125e0       0x48 EthernetInterface\Socket\Socket.o
                0x000125e0                Socket::close(bool)
 .text._ZN6SocketD2Ev
                0x00012628       0x1c EthernetInterface\Socket\Socket.o
                0x00012628                Socket::~Socket()
                0x00012628                Socket::~Socket()
 .text._ZN12TimeIntervalC2Ej
                0x00012644       0x50 EthernetInterface\Socket\Socket.o
                0x00012644                TimeInterval::TimeInterval(unsigned int)
                0x00012644                TimeInterval::TimeInterval(unsigned int)
 .text._ZN8EndpointC2Ev
                0x00012694       0x18 EthernetInterface\Socket\Endpoint.o
                0x00012694                Endpoint::Endpoint()
                0x00012694                Endpoint::Endpoint()
 .text._ZN8EndpointD2Ev
                0x000126ac       0x18 EthernetInterface\Socket\Endpoint.o
                0x000126ac                Endpoint::~Endpoint()
                0x000126ac                Endpoint::~Endpoint()
 .text._ZN8Endpoint13reset_addressEv
                0x000126c4       0x24 EthernetInterface\Socket\Endpoint.o
                0x000126c4                Endpoint::reset_address()
 .text._ZN8Endpoint11get_addressEv
                0x000126e8       0x34 EthernetInterface\Socket\Endpoint.o
                0x000126e8                Endpoint::get_address()
 .text._ZL15tcpip_init_donePv
                0x0001271c       0x18 EthernetInterface\EthernetInterface.o
 .text._ZL19netif_link_callbackP5netif
                0x00012734       0x28 EthernetInterface\EthernetInterface.o
 .text._ZL21netif_status_callbackP5netif
                0x0001275c       0x70 EthernetInterface\EthernetInterface.o
 .text._ZL10init_netifP7ip_addrS0_S0_
                0x000127cc       0x78 EthernetInterface\EthernetInterface.o
 .text._ZL15set_mac_addressv
                0x00012844       0x48 EthernetInterface\EthernetInterface.o
 .text._ZN17EthernetInterface4initEv
                0x0001288c       0x24 EthernetInterface\EthernetInterface.o
                0x0001288c                EthernetInterface::init()
 .text._ZN17EthernetInterface7connectEj
                0x000128b0       0x5c EthernetInterface\EthernetInterface.o
                0x000128b0                EthernetInterface::connect(unsigned int)
 .text._ZN17EthernetInterface12getIPAddressEv
                0x0001290c       0x14 EthernetInterface\EthernetInterface.o
                0x0001290c                EthernetInterface::getIPAddress()
 .text._Z41__static_initialization_and_destruction_0ii
                0x00012920       0x6c EthernetInterface\EthernetInterface.o
 .text._GLOBAL__sub_I__ZN17EthernetInterface4initEv
                0x0001298c       0x10 EthernetInterface\EthernetInterface.o
 .text.mbed_die
                0x0001299c       0x94 ..\mbed\TARGET_K64F\TOOLCHAIN_GCC_ARM\board.o
                0x0001299c                mbed_die
 .text.NVIC_SetVector
                0x00012a30       0x3c ..\mbed\TARGET_K64F\TOOLCHAIN_GCC_ARM\cmsis_nvic.o
                0x00012a30                NVIC_SetVector
 .text.NMI_Handler
                0x00012a6c       0x14 ..\mbed\TARGET_K64F\TOOLCHAIN_GCC_ARM\mbed_overrides.o
                0x00012a6c                NMI_Handler
 .text.mbed_mac_address
                0x00012a80       0x50 ..\mbed\TARGET_K64F\TOOLCHAIN_GCC_ARM\mbed_overrides.o
                0x00012a80                mbed_mac_address
 .text._ZN4mbed10FileHandle4flenEv
                0x00012ad0       0x34 ..\mbed\TARGET_K64F\TOOLCHAIN_GCC_ARM\retarget.o
                0x00012ad0                mbed::FileHandle::flen()
 .text._ZL11init_serialv.part.0
                0x00012b04       0x14 ..\mbed\TARGET_K64F\TOOLCHAIN_GCC_ARM\retarget.o
 .text._ZN4mbed10FileHandleD2Ev
                0x00012b18       0x2c ..\mbed\TARGET_K64F\TOOLCHAIN_GCC_ARM\retarget.o
                0x00012b18                mbed::FileHandle::~FileHandle()
                0x00012b18                mbed::FileHandle::~FileHandle()
 .text._open    0x00012b44       0xf8 ..\mbed\TARGET_K64F\TOOLCHAIN_GCC_ARM\retarget.o
                0x00012b44                _open
 .text._close   0x00012c3c       0x28 ..\mbed\TARGET_K64F\TOOLCHAIN_GCC_ARM\retarget.o
                0x00012c3c                _close
 .text._write   0x00012c64       0x4c ..\mbed\TARGET_K64F\TOOLCHAIN_GCC_ARM\retarget.o
                0x00012c64                _write
 .text._read    0x00012cb0       0x44 ..\mbed\TARGET_K64F\TOOLCHAIN_GCC_ARM\retarget.o
                0x00012cb0                _read
 .text._isatty  0x00012cf4       0x24 ..\mbed\TARGET_K64F\TOOLCHAIN_GCC_ARM\retarget.o
                0x00012cf4                _isatty
 .text._lseek   0x00012d18       0x24 ..\mbed\TARGET_K64F\TOOLCHAIN_GCC_ARM\retarget.o
                0x00012d18                _lseek
 .text._fstat   0x00012d3c       0x20 ..\mbed\TARGET_K64F\TOOLCHAIN_GCC_ARM\retarget.o
                0x00012d3c                _fstat
 .text._ZN9__gnu_cxx27__verbose_terminate_handlerEv
                0x00012d5c        0xc ..\mbed\TARGET_K64F\TOOLCHAIN_GCC_ARM\retarget.o
                0x00012d5c                __gnu_cxx::__verbose_terminate_handler()
 .text.__cxa_pure_virtual
                0x00012d68        0x8 ..\mbed\TARGET_K64F\TOOLCHAIN_GCC_ARM\retarget.o
                0x00012d68                __cxa_pure_virtual
 .text._sbrk    0x00012d70       0x28 ..\mbed\TARGET_K64F\TOOLCHAIN_GCC_ARM\retarget.o
                0x00012d70                _sbrk
 .text._exit    0x00012d98       0x24 ..\mbed\TARGET_K64F\TOOLCHAIN_GCC_ARM\retarget.o
                0x00012d98                _exit
 .text._ZN4mbed26mbed_set_unbuffered_streamEP7__sFILE
                0x00012dbc        0x8 ..\mbed\TARGET_K64F\TOOLCHAIN_GCC_ARM\retarget.o
                0x00012dbc                mbed::mbed_set_unbuffered_stream(__sFILE*)
 .text          0x00012dc4       0x14 ..\mbed\TARGET_K64F\TOOLCHAIN_GCC_ARM\startup_MK64F12.o
                0x00012dc6                HardFault_Handler
                0x00012dc8                MemManage_Handler
                0x00012dca                BusFault_Handler
                0x00012dcc                UsageFault_Handler
                0x00012dd0                DebugMon_Handler
                0x00012dd6                UART0_RX_TX_IRQHandler
                0x00012dd6                I2C1_IRQHandler
                0x00012dd6                DMA2_IRQHandler
                0x00012dd6                ENET_Error_IRQHandler
                0x00012dd6                CAN0_Tx_Warning_IRQHandler
                0x00012dd6                PIT0_IRQHandler
                0x00012dd6                UART3_RX_TX_IRQHandler
                0x00012dd6                Watchdog_IRQHandler
                0x00012dd6                CMP2_IRQHandler
                0x00012dd6                ENET_1588_Timer_IRQHandler
                0x00012dd6                UART2_RX_TX_IRQHandler
                0x00012dd6                SWI_IRQHandler
                0x00012dd6                ADC0_IRQHandler
                0x00012dd6                CAN0_ORed_Message_buffer_IRQHandler
                0x00012dd6                I2S0_Tx_IRQHandler
                0x00012dd6                CMT_IRQHandler
                0x00012dd6                UART4_RX_TX_IRQHandler
                0x00012dd6                SPI1_IRQHandler
                0x00012dd6                DefaultISR
                0x00012dd6                DMA9_IRQHandler
                0x00012dd6                DMA14_IRQHandler
                0x00012dd6                CMP1_IRQHandler
                0x00012dd6                Reserved71_IRQHandler
                0x00012dd6                PORTD_IRQHandler
                0x00012dd6                I2C0_IRQHandler
                0x00012dd6                UART4_ERR_IRQHandler
                0x00012dd6                ADC1_IRQHandler
                0x00012dd6                I2C2_IRQHandler
                0x00012dd6                PIT2_IRQHandler
                0x00012dd6                I2S0_Rx_IRQHandler
                0x00012dd6                LPTimer_IRQHandler
                0x00012dd6                DMA5_IRQHandler
                0x00012dd6                RTC_IRQHandler
                0x00012dd6                PDB0_IRQHandler
                0x00012dd6                FTM1_IRQHandler
                0x00012dd6                UART5_RX_TX_IRQHandler
                0x00012dd6                UART3_ERR_IRQHandler
                0x00012dd6                PIT3_IRQHandler
                0x00012dd6                SDHC_IRQHandler
                0x00012dd6                RTC_Seconds_IRQHandler
                0x00012dd6                MCG_IRQHandler
                0x00012dd6                FTFE_IRQHandler
                0x00012dd6                UART2_ERR_IRQHandler
                0x00012dd6                DMA11_IRQHandler
                0x00012dd6                UART5_ERR_IRQHandler
                0x00012dd6                Read_Collision_IRQHandler
                0x00012dd6                Default_Handler
                0x00012dd6                DMA7_IRQHandler
                0x00012dd6                USBDCD_IRQHandler
                0x00012dd6                USB0_IRQHandler
                0x00012dd6                LLW_IRQHandler
                0x00012dd6                SPI2_IRQHandler
                0x00012dd6                PORTB_IRQHandler
                0x00012dd6                DMA13_IRQHandler
                0x00012dd6                DMA3_IRQHandler
                0x00012dd6                UART0_LON_IRQHandler
                0x00012dd6                RNG_IRQHandler
                0x00012dd6                DMA0_IRQHandler
                0x00012dd6                DMA15_IRQHandler
                0x00012dd6                DAC0_IRQHandler
                0x00012dd6                CAN0_Error_IRQHandler
                0x00012dd6                DMA4_IRQHandler
                0x00012dd6                PIT1_IRQHandler
                0x00012dd6                UART0_ERR_IRQHandler
                0x00012dd6                DMA_Error_IRQHandler
                0x00012dd6                LVD_LVW_IRQHandler
                0x00012dd6                SPI0_IRQHandler
                0x00012dd6                FTM0_IRQHandler
                0x00012dd6                PORTA_IRQHandler
                0x00012dd6                DAC1_IRQHandler
                0x00012dd6                MCM_IRQHandler
                0x00012dd6                DMA12_IRQHandler
                0x00012dd6                CAN0_Bus_Off_IRQHandler
                0x00012dd6                FTM3_IRQHandler
                0x00012dd6                PORTE_IRQHandler
                0x00012dd6                FTM2_IRQHandler
                0x00012dd6                CAN0_Rx_Warning_IRQHandler
                0x00012dd6                DMA8_IRQHandler
                0x00012dd6                DMA10_IRQHandler
                0x00012dd6                CAN0_Wake_Up_IRQHandler
                0x00012dd6                UART1_ERR_IRQHandler
                0x00012dd6                UART1_RX_TX_IRQHandler
                0x00012dd6                CMP0_IRQHandler
                0x00012dd6                PORTC_IRQHandler
                0x00012dd6                DMA6_IRQHandler
                0x00012dd6                DMA1_IRQHandler
 .text.SystemInit
                0x00012dd8      0x154 ..\mbed\TARGET_K64F\TOOLCHAIN_GCC_ARM\system_MK64F12.o
                0x00012dd8                SystemInit
 .text.CLOCK_SYS_GetFreq
                0x00012f2c       0xb4 E:\HomeMonitoring-Final-Year-Project\Project\TCPEchoClient\mbed\TARGET_K64F\TOOLCHAIN_GCC_ARM\libmbed.a(fsl_clock_manager.o)
                0x00012f2c                CLOCK_SYS_GetFreq
 .text.CLOCK_SYS_GetSysClkFreq
                0x00012fe0       0x60 E:\HomeMonitoring-Final-Year-Project\Project\TCPEchoClient\mbed\TARGET_K64F\TOOLCHAIN_GCC_ARM\libmbed.a(fsl_clock_manager.o)
                0x00012fe0                CLOCK_SYS_GetSysClkFreq
 .text.phy_init
                0x00013040       0x98 E:\HomeMonitoring-Final-Year-Project\Project\TCPEchoClient\mbed\TARGET_K64F\TOOLCHAIN_GCC_ARM\libmbed.a(fsl_phy_driver.o)
                0x00013040                phy_init
 .text.phy_auto_discover
                0x000130d8       0x3c E:\HomeMonitoring-Final-Year-Project\Project\TCPEchoClient\mbed\TARGET_K64F\TOOLCHAIN_GCC_ARM\libmbed.a(fsl_phy_driver.o)
                0x000130d8                phy_auto_discover
 .text.phy_get_link_speed
                0x00013114       0x34 E:\HomeMonitoring-Final-Year-Project\Project\TCPEchoClient\mbed\TARGET_K64F\TOOLCHAIN_GCC_ARM\libmbed.a(fsl_phy_driver.o)
                0x00013114                phy_get_link_speed
 .text.phy_get_link_status
                0x00013148       0x58 E:\HomeMonitoring-Final-Year-Project\Project\TCPEchoClient\mbed\TARGET_K64F\TOOLCHAIN_GCC_ARM\libmbed.a(fsl_phy_driver.o)
                0x00013148                phy_get_link_status
 .text.phy_get_link_duplex
                0x000131a0       0x38 E:\HomeMonitoring-Final-Year-Project\Project\TCPEchoClient\mbed\TARGET_K64F\TOOLCHAIN_GCC_ARM\libmbed.a(fsl_phy_driver.o)
                0x000131a0                phy_get_link_duplex
 .text.enet_hal_set_mac_address
                0x000131d8       0x34 E:\HomeMonitoring-Final-Year-Project\Project\TCPEchoClient\mbed\TARGET_K64F\TOOLCHAIN_GCC_ARM\libmbed.a(fsl_enet_hal.o)
                0x000131d8                enet_hal_set_mac_address
 .text.enet_hal_set_group_hashtable
                0x0001320c       0x6c E:\HomeMonitoring-Final-Year-Project\Project\TCPEchoClient\mbed\TARGET_K64F\TOOLCHAIN_GCC_ARM\libmbed.a(fsl_enet_hal.o)
                0x0001320c                enet_hal_set_group_hashtable
 .text.enet_hal_set_individual_hashtable
                0x00013278       0x6c E:\HomeMonitoring-Final-Year-Project\Project\TCPEchoClient\mbed\TARGET_K64F\TOOLCHAIN_GCC_ARM\libmbed.a(fsl_enet_hal.o)
                0x00013278                enet_hal_set_individual_hashtable
 .text.enet_hal_config_tx_fifo
                0x000132e4       0x84 E:\HomeMonitoring-Final-Year-Project\Project\TCPEchoClient\mbed\TARGET_K64F\TOOLCHAIN_GCC_ARM\libmbed.a(fsl_enet_hal.o)
                0x000132e4                enet_hal_config_tx_fifo
 .text.enet_hal_config_rx_fifo
                0x00013368       0x78 E:\HomeMonitoring-Final-Year-Project\Project\TCPEchoClient\mbed\TARGET_K64F\TOOLCHAIN_GCC_ARM\libmbed.a(fsl_enet_hal.o)
                0x00013368                enet_hal_config_rx_fifo
 .text.enet_hal_init_rxbds
                0x000133e0       0x5c E:\HomeMonitoring-Final-Year-Project\Project\TCPEchoClient\mbed\TARGET_K64F\TOOLCHAIN_GCC_ARM\libmbed.a(fsl_enet_hal.o)
                0x000133e0                enet_hal_init_rxbds
 .text.enet_hal_init_txbds
                0x0001343c       0x30 E:\HomeMonitoring-Final-Year-Project\Project\TCPEchoClient\mbed\TARGET_K64F\TOOLCHAIN_GCC_ARM\libmbed.a(fsl_enet_hal.o)
                0x0001343c                enet_hal_init_txbds
 .text.enet_hal_get_bd_length