Archive member included because of file (symbol)

G:\Project\TemperatureSensorLM35\mbed\TARGET_K64F\TOOLCHAIN_GCC_ARM\libmbed.a(fsl_gpio_hal.o)
                              ..\mbed\TARGET_K64F\TOOLCHAIN_GCC_ARM\board.o (GPIO_HAL_WritePinOutput)
G:\Project\TemperatureSensorLM35\mbed\TARGET_K64F\TOOLCHAIN_GCC_ARM\libmbed.a(crc.o)
                              ..\mbed\TARGET_K64F\TOOLCHAIN_GCC_ARM\mbed_overrides.o (crcSlow)
G:\Project\TemperatureSensorLM35\mbed\TARGET_K64F\TOOLCHAIN_GCC_ARM\libmbed.a(analogin_api.o)
                              main.o (analogin_init)
G:\Project\TemperatureSensorLM35\mbed\TARGET_K64F\TOOLCHAIN_GCC_ARM\libmbed.a(serial_api.o)
                              ..\mbed\TARGET_K64F\TOOLCHAIN_GCC_ARM\retarget.o (serial_init)
G:\Project\TemperatureSensorLM35\mbed\TARGET_K64F\TOOLCHAIN_GCC_ARM\libmbed.a(FilePath.o)
                              ..\mbed\TARGET_K64F\TOOLCHAIN_GCC_ARM\retarget.o (mbed::FilePath::FilePath(char const*))
G:\Project\TemperatureSensorLM35\mbed\TARGET_K64F\TOOLCHAIN_GCC_ARM\libmbed.a(FileSystemLike.o)
                              ..\mbed\TARGET_K64F\TOOLCHAIN_GCC_ARM\retarget.o (mbed::FileSystemLike::opendir())
G:\Project\TemperatureSensorLM35\mbed\TARGET_K64F\TOOLCHAIN_GCC_ARM\libmbed.a(Serial.o)
                              main.o (mbed::Serial::Serial(PinName, PinName, char const*))
G:\Project\TemperatureSensorLM35\mbed\TARGET_K64F\TOOLCHAIN_GCC_ARM\libmbed.a(SerialBase.o)
                              G:\Project\TemperatureSensorLM35\mbed\TARGET_K64F\TOOLCHAIN_GCC_ARM\libmbed.a(Serial.o) (mbed::SerialBase::SerialBase(PinName, PinName))
G:\Project\TemperatureSensorLM35\mbed\TARGET_K64F\TOOLCHAIN_GCC_ARM\libmbed.a(Stream.o)
                              G:\Project\TemperatureSensorLM35\mbed\TARGET_K64F\TOOLCHAIN_GCC_ARM\libmbed.a(Serial.o) (mbed::Stream::close())
G:\Project\TemperatureSensorLM35\mbed\TARGET_K64F\TOOLCHAIN_GCC_ARM\libmbed.a(assert.o)
                              main.o (mbed_assert_internal)
G:\Project\TemperatureSensorLM35\mbed\TARGET_K64F\TOOLCHAIN_GCC_ARM\libmbed.a(error.o)
                              ..\mbed\TARGET_K64F\TOOLCHAIN_GCC_ARM\retarget.o (error)
G:\Project\TemperatureSensorLM35\mbed\TARGET_K64F\TOOLCHAIN_GCC_ARM\libmbed.a(gpio.o)
                              main.o (gpio_init_in)
G:\Project\TemperatureSensorLM35\mbed\TARGET_K64F\TOOLCHAIN_GCC_ARM\libmbed.a(pinmap_common.o)
                              G:\Project\TemperatureSensorLM35\mbed\TARGET_K64F\TOOLCHAIN_GCC_ARM\libmbed.a(analogin_api.o) (pinmap_pinout)
G:\Project\TemperatureSensorLM35\mbed\TARGET_K64F\TOOLCHAIN_GCC_ARM\libmbed.a(wait_api.o)
                              G:\Project\TemperatureSensorLM35\mbed\TARGET_K64F\TOOLCHAIN_GCC_ARM\libmbed.a(SerialBase.o) (wait_us)
G:\Project\TemperatureSensorLM35\mbed\TARGET_K64F\TOOLCHAIN_GCC_ARM\libmbed.a(fsl_clock_manager.o)
                              G:\Project\TemperatureSensorLM35\mbed\TARGET_K64F\TOOLCHAIN_GCC_ARM\libmbed.a(analogin_api.o) (CLOCK_SYS_GetFreq)
G:\Project\TemperatureSensorLM35\mbed\TARGET_K64F\TOOLCHAIN_GCC_ARM\libmbed.a(fsl_adc_hal.o)
                              G:\Project\TemperatureSensorLM35\mbed\TARGET_K64F\TOOLCHAIN_GCC_ARM\libmbed.a(analogin_api.o) (ADC_HAL_Init)
G:\Project\TemperatureSensorLM35\mbed\TARGET_K64F\TOOLCHAIN_GCC_ARM\libmbed.a(fsl_mcg_hal.o)
                              G:\Project\TemperatureSensorLM35\mbed\TARGET_K64F\TOOLCHAIN_GCC_ARM\libmbed.a(fsl_clock_manager.o) (CLOCK_HAL_GetFllRefClk)
G:\Project\TemperatureSensorLM35\mbed\TARGET_K64F\TOOLCHAIN_GCC_ARM\libmbed.a(fsl_sim_hal.o)
                              G:\Project\TemperatureSensorLM35\mbed\TARGET_K64F\TOOLCHAIN_GCC_ARM\libmbed.a(fsl_clock_manager.o) (CLOCK_HAL_SetSource)
G:\Project\TemperatureSensorLM35\mbed\TARGET_K64F\TOOLCHAIN_GCC_ARM\libmbed.a(fsl_uart_hal.o)
                              G:\Project\TemperatureSensorLM35\mbed\TARGET_K64F\TOOLCHAIN_GCC_ARM\libmbed.a(serial_api.o) (UART_HAL_Init)
G:\Project\TemperatureSensorLM35\mbed\TARGET_K64F\TOOLCHAIN_GCC_ARM\libmbed.a(PeripheralPins.o)
                              G:\Project\TemperatureSensorLM35\mbed\TARGET_K64F\TOOLCHAIN_GCC_ARM\libmbed.a(serial_api.o) (PinMap_UART_RX)
G:\Project\TemperatureSensorLM35\mbed\TARGET_K64F\TOOLCHAIN_GCC_ARM\libmbed.a(fsl_clock_K64F12.o)
                              G:\Project\TemperatureSensorLM35\mbed\TARGET_K64F\TOOLCHAIN_GCC_ARM\libmbed.a(serial_api.o) (CLOCK_SYS_GetUartFreq)
G:\Project\TemperatureSensorLM35\mbed\TARGET_K64F\TOOLCHAIN_GCC_ARM\libmbed.a(fsl_sim_hal_K64F12.o)
                              G:\Project\TemperatureSensorLM35\mbed\TARGET_K64F\TOOLCHAIN_GCC_ARM\libmbed.a(analogin_api.o) (SIM_HAL_EnableAdcClock)
G:\Project\TemperatureSensorLM35\mbed\TARGET_K64F\TOOLCHAIN_GCC_ARM\libmbed.a(gpio_api.o)
                              G:\Project\TemperatureSensorLM35\mbed\TARGET_K64F\TOOLCHAIN_GCC_ARM\libmbed.a(gpio.o) (gpio_init)
G:\Project\TemperatureSensorLM35\mbed\TARGET_K64F\TOOLCHAIN_GCC_ARM\libmbed.a(pinmap.o)
[...]
Memory Configuration

Name             Origin             Length             Attributes
VECTORS          0x00000000         0x00000400         xr
FLASH_PROTECTION 0x00000400         0x00000010         xr
FLASH            0x00000410         0x000ffbf0         xr
RAM              0x1fff0198         0x0003fe68         xrw
*default*        0x00000000         0xffffffff

Linker script and memory map

LOAD c:/freescale/kds_3.0.0/toolchain/bin/../lib/gcc/arm-none-eabi/4.8.4/armv7e-m/softfp/crti.o
LOAD c:/freescale/kds_3.0.0/toolchain/bin/../lib/gcc/arm-none-eabi/4.8.4/armv7e-m/softfp/crtbegin.o
LOAD c:/freescale/kds_3.0.0/toolchain/bin/../lib/gcc/arm-none-eabi/4.8.4/../../../../arm-none-eabi/lib/armv7e-m/softfp/crt0.o
LOAD main.o
LOAD ..\mbed\TARGET_K64F\TOOLCHAIN_GCC_ARM\board.o
LOAD ..\mbed\TARGET_K64F\TOOLCHAIN_GCC_ARM\cmsis_nvic.o
LOAD ..\mbed\TARGET_K64F\TOOLCHAIN_GCC_ARM\mbed_overrides.o
LOAD ..\mbed\TARGET_K64F\TOOLCHAIN_GCC_ARM\retarget.o
LOAD ..\mbed\TARGET_K64F\TOOLCHAIN_GCC_ARM\startup_MK64F12.o
LOAD ..\mbed\TARGET_K64F\TOOLCHAIN_GCC_ARM\system_MK64F12.o
LOAD G:\Project\TemperatureSensorLM35\mbed\TARGET_K64F\TOOLCHAIN_GCC_ARM\libmbed.a
LOAD c:/freescale/kds_3.0.0/toolchain/bin/../lib/gcc/arm-none-eabi/4.8.4/../../../../arm-none-eabi/lib/armv7e-m/softfp\libstdc++.a
LOAD c:/freescale/kds_3.0.0/toolchain/bin/../lib/gcc/arm-none-eabi/4.8.4/../../../../arm-none-eabi/lib/armv7e-m/softfp\libm.a
START GROUP
LOAD c:/freescale/kds_3.0.0/toolchain/bin/../lib/gcc/arm-none-eabi/4.8.4/armv7e-m/softfp\libgcc.a
LOAD c:/freescale/kds_3.0.0/toolchain/bin/../lib/gcc/arm-none-eabi/4.8.4/../../../../arm-none-eabi/lib/armv7e-m/softfp\libg.a
LOAD c:/freescale/kds_3.0.0/toolchain/bin/../lib/gcc/arm-none-eabi/4.8.4/../../../../arm-none-eabi/lib/armv7e-m/softfp\libc.a
END GROUP
START GROUP
LOAD c:/freescale/kds_3.0.0/toolchain/bin/../lib/gcc/arm-none-eabi/4.8.4/armv7e-m/softfp\libgcc.a
LOAD c:/freescale/kds_3.0.0/toolchain/bin/../lib/gcc/arm-none-eabi/4.8.4/../../../../arm-none-eabi/lib/armv7e-m/softfp\libc.a
LOAD c:/freescale/kds_3.0.0/toolchain/bin/../lib/gcc/arm-none-eabi/4.8.4/../../../../arm-none-eabi/lib/armv7e-m/softfp\libnosys.a
END GROUP
LOAD c:/freescale/kds_3.0.0/toolchain/bin/../lib/gcc/arm-none-eabi/4.8.4/armv7e-m/softfp/crtend.o
LOAD c:/freescale/kds_3.0.0/toolchain/bin/../lib/gcc/arm-none-eabi/4.8.4/armv7e-m/softfp/crtn.o

.isr_vector     0x00000000      0x1f0
                0x00000000                __vector_table = .
 *(.vector_table)
 .vector_table  0x00000000      0x198 ..\mbed\TARGET_K64F\TOOLCHAIN_GCC_ARM\startup_MK64F12.o
                0x00000000                __isr_vector
 *(.text.Reset_Handler)
 .text.Reset_Handler
                0x00000198       0x58 ..\mbed\TARGET_K64F\TOOLCHAIN_GCC_ARM\startup_MK64F12.o
                0x00000198                Reset_Handler
 *(.text.System_Init)
                0x000001f0                . = ALIGN (0x4)

.flash_protect  0x00000400       0x10
 *(.kinetis_flash_config_field)
 .kinetis_flash_config_field
                0x00000400       0x10 ..\mbed\TARGET_K64F\TOOLCHAIN_GCC_ARM\startup_MK64F12.o
                0x00000410                . = ALIGN (0x4)

.text           0x00000410     0xe674
 *(.text*)
 .text          0x00000410       0x54 c:/freescale/kds_3.0.0/toolchain/bin/../lib/gcc/arm-none-eabi/4.8.4/armv7e-m/softfp/crtbegin.o
 .text          0x00000464       0x74 c:/freescale/kds_3.0.0/toolchain/bin/../lib/gcc/arm-none-eabi/4.8.4/../../../../arm-none-eabi/lib/armv7e-m/softfp/crt0.o
                0x00000464                _start
                0x00000464                _mainCRTStartup
 .text.GPIO_HAL_ReadPinInput
                0x000004d8       0x44 main.o
 .text.gpio_read
                0x0000051c       0x68 main.o
 .text._ZN4mbed9DigitalInC2E7PinName
                0x00000584       0x24 main.o
                0x00000584                mbed::DigitalIn::DigitalIn(PinName)
                0x00000584                mbed::DigitalIn::DigitalIn(PinName)
 .text._ZN4mbed9DigitalIn4readEv
                0x000005a8       0x1c main.o
                0x000005a8                mbed::DigitalIn::read()
 .text._ZN4mbed9DigitalIncviEv
                0x000005c4       0x18 main.o
                0x000005c4                mbed::DigitalIn::operator int()
 .text._ZN4mbed8AnalogInC2E7PinName
                0x000005dc       0x20 main.o
                0x000005dc                mbed::AnalogIn::AnalogIn(PinName)
                0x000005dc                mbed::AnalogIn::AnalogIn(PinName)
 .text._ZN4mbed8AnalogIn4readEv
                0x000005fc       0x1c main.o
                0x000005fc                mbed::AnalogIn::read()
 .text._ZN4mbed8AnalogIncvfEv
                0x00000618       0x18 main.o
                0x00000618                mbed::AnalogIn::operator float()
 .text._ZN4mbed10SerialBaseD2Ev
                0x00000630       0x28 main.o
                0x00000630                mbed::SerialBase::~SerialBase()
                0x00000630                mbed::SerialBase::~SerialBase()
 .text._ZN4mbed10SerialBaseD0Ev
                0x00000658       0x20 main.o
                0x00000658                mbed::SerialBase::~SerialBase()
 .text.main     0x00000678       0x7c main.o
                0x00000678                main
 .text._ZN4mbed6SerialD2Ev
                0x000006f4       0x50 main.o
                0x000006f4                mbed::Serial::~Serial()
                0x000006f4                mbed::Serial::~Serial()
 .text._ZN4mbed6SerialD1Ev
                0x00000744       0x10 main.o
                0x00000744                non-virtual thunk to mbed::Serial::~Serial()
                0x0000074c                non-virtual thunk to mbed::Serial::~Serial()
 .text._ZN4mbed6SerialD0Ev
                0x00000754       0x30 main.o
                0x00000754                mbed::Serial::~Serial()
                0x00000774                non-virtual thunk to mbed::Serial::~Serial()
                0x0000077c                non-virtual thunk to mbed::Serial::~Serial()
 .text._Z41__static_initialization_and_destruction_0ii
                0x00000784       0x64 main.o
 .text._GLOBAL__sub_I_T1
                0x000007e8       0x10 main.o
 .text.mbed_die
                0x000007f8       0x94 ..\mbed\TARGET_K64F\TOOLCHAIN_GCC_ARM\board.o
                0x000007f8                mbed_die
 .text.NVIC_SetVector
                0x0000088c       0x3c ..\mbed\TARGET_K64F\TOOLCHAIN_GCC_ARM\cmsis_nvic.o
                0x0000088c                NVIC_SetVector
 .text.NMI_Handler
                0x000008c8       0x14 ..\mbed\TARGET_K64F\TOOLCHAIN_GCC_ARM\mbed_overrides.o
                0x000008c8                NMI_Handler
 .text._ZN4mbed10FileHandle4flenEv
                0x000008dc       0x34 ..\mbed\TARGET_K64F\TOOLCHAIN_GCC_ARM\retarget.o
                0x000008dc                mbed::FileHandle::flen()
 .text._ZN4mbed10FileHandleD2Ev
                0x00000910       0x2c ..\mbed\TARGET_K64F\TOOLCHAIN_GCC_ARM\retarget.o
                0x00000910                mbed::FileHandle::~FileHandle()
                0x00000910                mbed::FileHandle::~FileHandle()
 .text._ZN4mbed10FileHandleD0Ev
                0x0000093c       0x34 ..\mbed\TARGET_K64F\TOOLCHAIN_GCC_ARM\retarget.o
                0x0000093c                mbed::FileHandle::~FileHandle()
 .text._ZL11init_serialv.part.0
                0x00000970       0x14 ..\mbed\TARGET_K64F\TOOLCHAIN_GCC_ARM\retarget.o
 .text._open    0x00000984       0xf8 ..\mbed\TARGET_K64F\TOOLCHAIN_GCC_ARM\retarget.o
                0x00000984                _open
 .text._close   0x00000a7c       0x2c ..\mbed\TARGET_K64F\TOOLCHAIN_GCC_ARM\retarget.o
                0x00000a7c                _close
 .text._write   0x00000aa8       0x50 ..\mbed\TARGET_K64F\TOOLCHAIN_GCC_ARM\retarget.o
                0x00000aa8                _write
 .text._read    0x00000af8       0x4c ..\mbed\TARGET_K64F\TOOLCHAIN_GCC_ARM\retarget.o
                0x00000af8                _read
 .text._isatty  0x00000b44       0x28 ..\mbed\TARGET_K64F\TOOLCHAIN_GCC_ARM\retarget.o
                0x00000b44                _isatty
 .text._lseek   0x00000b6c       0x28 ..\mbed\TARGET_K64F\TOOLCHAIN_GCC_ARM\retarget.o
                0x00000b6c                _lseek
 .text._fstat   0x00000b94       0x20 ..\mbed\TARGET_K64F\TOOLCHAIN_GCC_ARM\retarget.o
                0x00000b94                _fstat
 .text.__cxa_pure_virtual
                0x00000bb4        0x8 ..\mbed\TARGET_K64F\TOOLCHAIN_GCC_ARM\retarget.o
                0x00000bb4                __cxa_pure_virtual
 .text._sbrk    0x00000bbc       0x28 ..\mbed\TARGET_K64F\TOOLCHAIN_GCC_ARM\retarget.o
                0x00000bbc                _sbrk
 .text._exit    0x00000be4       0x24 ..\mbed\TARGET_K64F\TOOLCHAIN_GCC_ARM\retarget.o
                0x00000be4                _exit
 .text._ZN4mbed26mbed_set_unbuffered_streamEP7__sFILE
                0x00000c08        0x8 ..\mbed\TARGET_K64F\TOOLCHAIN_GCC_ARM\retarget.o
                0x00000c08                mbed::mbed_set_unbuffered_stream(__sFILE*)
 .text          0x00000c10       0x14 ..\mbed\TARGET_K64F\TOOLCHAIN_GCC_ARM\startup_MK64F12.o
                0x00000c12                HardFault_Handler
                0x00000c14                MemManage_Handler
                0x00000c16                BusFault_Handler
                0x00000c18                UsageFault_Handler
                0x00000c1a                SVC_Handler
                0x00000c1c                DebugMon_Handler
                0x00000c1e                PendSV_Handler
                0x00000c20                SysTick_Handler
                0x00000c22                I2C1_IRQHandler
                0x00000c22                DMA2_IRQHandler
                0x00000c22                ENET_Error_IRQHandler
                0x00000c22                CAN0_Tx_Warning_IRQHandler
                0x00000c22                PIT0_IRQHandler
                0x00000c22                UART0_RX_TX_IRQHandler
                0x00000c22                Watchdog_IRQHandler
                0x00000c22                CMP2_IRQHandler
                0x00000c22                ENET_Receive_IRQHandler
                0x00000c22                ENET_1588_Timer_IRQHandler
                0x00000c22                UART2_RX_TX_IRQHandler
                0x00000c22                SWI_IRQHandler
                0x00000c22                ADC0_IRQHandler
                0x00000c22                CAN0_ORed_Message_buffer_IRQHandler
                0x00000c22                I2S0_Tx_IRQHandler
                0x00000c22                CMT_IRQHandler
                0x00000c22                UART4_RX_TX_IRQHandler
                0x00000c22                SPI1_IRQHandler
                0x00000c22                DefaultISR
                0x00000c22                DMA9_IRQHandler
                0x00000c22                DMA14_IRQHandler
                0x00000c22                CMP1_IRQHandler
                0x00000c22                Reserved71_IRQHandler
                0x00000c22                I2C0_IRQHandler
                0x00000c22                PORTB_IRQHandler
                0x00000c22                UART4_ERR_IRQHandler
                0x00000c22                ADC1_IRQHandler
                0x00000c22                I2C2_IRQHandler
                0x00000c22                PIT2_IRQHandler
                0x00000c22                I2S0_Rx_IRQHandler
                0x00000c22                LPTimer_IRQHandler
                0x00000c22                DMA5_IRQHandler
                0x00000c22                RTC_IRQHandler
                0x00000c22                PDB0_IRQHandler
                0x00000c22                FTM1_IRQHandler
                0x00000c22                UART5_RX_TX_IRQHandler
                0x00000c22                UART3_ERR_IRQHandler
                0x00000c22                PIT3_IRQHandler
                0x00000c22                SDHC_IRQHandler
                0x00000c22                RTC_Seconds_IRQHandler
                0x00000c22                MCG_IRQHandler
                0x00000c22                FTFE_IRQHandler
                0x00000c22                UART2_ERR_IRQHandler
                0x00000c22                DMA11_IRQHandler
                0x00000c22                UART5_ERR_IRQHandler
                0x00000c22                Read_Collision_IRQHandler
                0x00000c22                Default_Handler
                0x00000c22                DMA7_IRQHandler
                0x00000c22                ENET_Transmit_IRQHandler
                0x00000c22                USBDCD_IRQHandler
                0x00000c22                USB0_IRQHandler
                0x00000c22                LLW_IRQHandler
                0x00000c22                SPI2_IRQHandler
                0x00000c22                UART3_RX_TX_IRQHandler
                0x00000c22                PORTD_IRQHandler
                0x00000c22                DMA13_IRQHandler
                0x00000c22                DMA3_IRQHandler
                0x00000c22                UART0_LON_IRQHandler
                0x00000c22                RNG_IRQHandler
                0x00000c22                DMA0_IRQHandler
                0x00000c22                DMA15_IRQHandler
                0x00000c22                DAC0_IRQHandler
                0x00000c22                CAN0_Error_IRQHandler
                0x00000c22                DMA4_IRQHandler
                0x00000c22                PIT1_IRQHandler
                0x00000c22                UART0_ERR_IRQHandler
                0x00000c22                DMA_Error_IRQHandler
                0x00000c22                LVD_LVW_IRQHandler
                0x00000c22                SPI0_IRQHandler
                0x00000c22                FTM0_IRQHandler
                0x00000c22                PORTA_IRQHandler
                0x00000c22                DAC1_IRQHandler
                0x00000c22                MCM_IRQHandler
                0x00000c22                DMA12_IRQHandler
                0x00000c22                CAN0_Bus_Off_IRQHandler
                0x00000c22                FTM3_IRQHandler
                0x00000c22                PORTE_IRQHandler
                0x00000c22                FTM2_IRQHandler
                0x00000c22                CAN0_Rx_Warning_IRQHandler
                0x00000c22                DMA8_IRQHandler
                0x00000c22                DMA10_IRQHandler
                0x00000c22                CAN0_Wake_Up_IRQHandler
                0x00000c22                UART1_ERR_IRQHandler
                0x00000c22                UART1_RX_TX_IRQHandler
                0x00000c22                CMP0_IRQHandler
                0x00000c22                PORTC_IRQHandler
                0x00000c22                DMA6_IRQHandler
                0x00000c22                DMA1_IRQHandler
 .text.SystemInit
                0x00000c24      0x154 ..\mbed\TARGET_K64F\TOOLCHAIN_GCC_ARM\system_MK64F12.o
                0x00000c24                SystemInit
 .text.GPIO_HAL_SetPinDir
                0x00000d78       0x3c G:\Project\TemperatureSensorLM35\mbed\TARGET_K64F\TOOLCHAIN_GCC_ARM\libmbed.a(fsl_gpio_hal.o)
                0x00000d78                GPIO_HAL_SetPinDir
 .text.GPIO_HAL_WritePinOutput
                0x00000db4       0x30 G:\Project\TemperatureSensorLM35\mbed\TARGET_K64F\TOOLCHAIN_GCC_ARM\libmbed.a(fsl_gpio_hal.o)
                0x00000db4                GPIO_HAL_WritePinOutput
 .text.analogin_init
                0x00000de4       0xec G:\Project\TemperatureSensorLM35\mbed\TARGET_K64F\TOOLCHAIN_GCC_ARM\libmbed.a(analogin_api.o)
                0x00000de4                analogin_init
 .text.analogin_read_u16
                0x00000ed0       0x40 G:\Project\TemperatureSensorLM35\mbed\TARGET_K64F\TOOLCHAIN_GCC_ARM\libmbed.a(analogin_api.o)
                0x00000ed0                analogin_read_u16
 .text.analogin_read
                0x00000f10       0x20 G:\Project\TemperatureSensorLM35\mbed\TARGET_K64F\TOOLCHAIN_GCC_ARM\libmbed.a(analogin_api.o)
                0x00000f10                analogin_read
 .text.serial_init
                0x00000f30      0x190 G:\Project\TemperatureSensorLM35\mbed\TARGET_K64F\TOOLCHAIN_GCC_ARM\libmbed.a(serial_api.o)
                0x00000f30                serial_init
 .text.serial_irq_handler
                0x000010c0       0x1c G:\Project\TemperatureSensorLM35\mbed\TARGET_K64F\TOOLCHAIN_GCC_ARM\libmbed.a(serial_api.o)
                0x000010c0                serial_irq_handler
 .text.serial_readable
                0x000010dc       0x60 G:\Project\TemperatureSensorLM35\mbed\TARGET_K64F\TOOLCHAIN_GCC_ARM\libmbed.a(serial_api.o)
                0x000010dc                serial_readable
 .text.serial_getc
                0x0000113c       0x40 G:\Project\TemperatureSensorLM35\mbed\TARGET_K64F\TOOLCHAIN_GCC_ARM\libmbed.a(serial_api.o)
                0x0000113c                serial_getc
 .text.serial_writable
                0x0000117c       0x60 G:\Project\TemperatureSensorLM35\mbed\TARGET_K64F\TOOLCHAIN_GCC_ARM\libmbed.a(serial_api.o)
                0x0000117c                serial_writable
 .text.serial_putc
                0x000011dc       0x40 G:\Project\TemperatureSensorLM35\mbed\TARGET_K64F\TOOLCHAIN_GCC_ARM\libmbed.a(serial_api.o)
                0x000011dc                serial_putc
 .text._ZN4mbed8FilePathC2EPKc
                0x0000121c       0x58 G:\Project\TemperatureSensorLM35\mbed\TARGET_K64F\TOOLCHAIN_GCC_ARM\libmbed.a(FilePath.o)
                0x0000121c                mbed::FilePath::FilePath(char const*)
                0x0000121c                mbed::FilePath::FilePath(char const*)
 .text._ZN4mbed8FilePath8fileNameEv
                0x00001274        0x4 G:\Project\TemperatureSensorLM35\mbed\TARGET_K64F\TOOLCHAIN_GCC_ARM\libmbed.a(FilePath.o)
                0x00001274                mbed::FilePath::fileName()
 .text._ZN4mbed8FilePath10fileSystemEv
                0x00001278       0x18 G:\Project\TemperatureSensorLM35\mbed\TARGET_K64F\TOOLCHAIN_GCC_ARM\libmbed.a(FilePath.o)
                0x00001278                mbed::FilePath::fileSystem()
 .text._ZN4mbed8FilePath6isFileEv
                0x00001290       0x14 G:\Project\TemperatureSensorLM35\mbed\TARGET_K64F\TOOLCHAIN_GCC_ARM\libmbed.a(FilePath.o)
                0x00001290                mbed::FilePath::isFile()
 .text._ZN4mbed8FilePath4fileEv
                0x000012a4       0x1c G:\Project\TemperatureSensorLM35\mbed\TARGET_K64F\TOOLCHAIN_GCC_ARM\libmbed.a(FilePath.o)
                0x000012a4                mbed::FilePath::file()
 .text._ZN4mbed8FilePath6existsEv
                0x000012c0        0xc G:\Project\TemperatureSensorLM35\mbed\TARGET_K64F\TOOLCHAIN_GCC_ARM\libmbed.a(FilePath.o)
                0x000012c0                mbed::FilePath::exists()
 .text._ZN4mbed6Serial5_getcEv
                0x000012cc        0x4 G:\Project\TemperatureSensorLM35\mbed\TARGET_K64F\TOOLCHAIN_GCC_ARM\libmbed.a(Serial.o)
                0x000012cc                mbed::Serial::_getc()
 .text._ZThn60_N4mbed6Serial5_getcEv
                0x000012d0        0x8 G:\Project\TemperatureSensorLM35\mbed\TARGET_K64F\TOOLCHAIN_GCC_ARM\libmbed.a(Serial.o)
                0x000012d0                non-virtual thunk to mbed::Serial::_getc()
 .text._ZN4mbed6Serial5_putcEi
                0x000012d8        0x4 G:\Project\TemperatureSensorLM35\mbed\TARGET_K64F\TOOLCHAIN_GCC_ARM\libmbed.a(Serial.o)
                0x000012d8                mbed::Serial::_putc(int)
 .text._ZThn60_N4mbed6Serial5_putcEi
                0x000012dc        0x8 G:\Project\TemperatureSensorLM35\mbed\TARGET_K64F\TOOLCHAIN_GCC_ARM\libmbed.a(Serial.o)
                0x000012dc                non-virtual thunk to mbed::Serial::_putc(int)
 .text._ZN4mbed6SerialC2E7PinNameS1_PKc
                0x000012e4       0x30 G:\Project\TemperatureSensorLM35\mbed\TARGET_K64F\TOOLCHAIN_GCC_ARM\libmbed.a(Serial.o)
                0x000012e4                mbed::Serial::Serial(PinName, PinName, char const*)
                0x000012e4                mbed::Serial::Serial(PinName, PinName, char const*)
 .text._ZN4mbed10SerialBase12_irq_handlerEm9SerialIrq
                0x00001314       0x24 G:\Project\TemperatureSensorLM35\mbed\TARGET_K64F\TOOLCHAIN_GCC_ARM\libmbed.a(SerialBase.o)
                0x00001314                mbed::SerialBase::_irq_handler(unsigned long, SerialIrq)
 .text._ZN4mbed10SerialBaseC2E7PinNameS1_
                0x00001338       0x38 G:\Project\TemperatureSensorLM35\mbed\TARGET_K64F\TOOLCHAIN_GCC_ARM\libmbed.a(SerialBase.o)
                0x00001338                mbed::SerialBase::SerialBase(PinName, PinName)
                0x00001338                mbed::SerialBase::SerialBase(PinName, PinName)
 .text._ZN4mbed10SerialBase10_base_getcEv
                0x00001370        0x8 G:\Project\TemperatureSensorLM35\mbed\TARGET_K64F\TOOLCHAIN_GCC_ARM\libmbed.a(SerialBase.o)
                0x00001370                mbed::SerialBase::_base_getc()
 .text._ZN4mbed10SerialBase10_base_putcEi
                0x00001378       0x10 G:\Project\TemperatureSensorLM35\mbed\TARGET_K64F\TOOLCHAIN_GCC_ARM\libmbed.a(SerialBase.o)
                0x00001378                mbed::SerialBase::_base_putc(int)
 .text._ZN4mbed6Stream5closeEv
                0x00001388        0x4 G:\Project\TemperatureSensorLM35\mbed\TARGET_K64F\TOOLCHAIN_GCC_ARM\libmbed.a(Stream.o)
                0x00001388                mbed::Stream::close()
 .text._ZN4mbed6Stream5writeEPKvj
                0x0000138c       0x30 G:\Project\TemperatureSensorLM35\mbed\TARGET_K64F\TOOLCHAIN_GCC_ARM\libmbed.a(Stream.o)
                0x0000138c                mbed::Stream::write(void const*, unsigned int)
 .text._ZN4mbed6Stream4readEPvj
                0x000013bc       0x30 G:\Project\TemperatureSensorLM35\mbed\TARGET_K64F\TOOLCHAIN_GCC_ARM\libmbed.a(Stream.o)
                0x000013bc                mbed::Stream::read(void*, unsigned int)
 .text._ZN4mbed6Stream5lseekEli
                0x000013ec        0x4 G:\Project\TemperatureSensorLM35\mbed\TARGET_K64F\TOOLCHAIN_GCC_ARM\libmbed.a(Stream.o)
                0x000013ec                mbed::Stream::lseek(long, int)
 .text._ZN4mbed6Stream6isattyEv
                0x000013f0        0x4 G:\Project\TemperatureSensorLM35\mbed\TARGET_K64F\TOOLCHAIN_GCC_ARM\libmbed.a(Stream.o)
                0x000013f0                mbed::Stream::isatty()
 .text._ZN4mbed6Stream5fsyncEv
                0x000013f4        0x4 G:\Project\TemperatureSensorLM35\mbed\TARGET_K64F\TOOLCHAIN_GCC_ARM\libmbed.a(Stream.o)
                0x000013f4                mbed::Stream::fsync()
 .text._ZN4mbed6Stream4flenEv
                0x000013f8        0x4 G:\Project\TemperatureSensorLM35\mbed\TARGET_K64F\TOOLCHAIN_GCC_ARM\libmbed.a(Stream.o)
                0x000013f8                mbed::Stream::flen()
 .text._ZN4mbed6StreamD2Ev
                0x000013fc       0x24 G:\Project\TemperatureSensorLM35\mbed\TARGET_K64F\TOOLCHAIN_GCC_ARM\libmbed.a(Stream.o)
                0x000013fc                mbed::Stream::~Stream()
                0x000013fc                mbed::Stream::~Stream()
 .text._ZThn4_N4mbed6StreamD1Ev
                0x00001420        0x8 G:\Project\TemperatureSensorLM35\mbed\TARGET_K64F\TOOLCHAIN_GCC_ARM\libmbed.a(Stream.o)
                0x00001420                non-virtual thunk to mbed::Stream::~Stream()
 .text._ZN4mbed6StreamD0Ev
                0x00001428       0x14 G:\Project\TemperatureSensorLM35\mbed\TARGET_K64F\TOOLCHAIN_GCC_ARM\libmbed.a(Stream.o)
                0x00001428                mbed::Stream::~Stream()
 .text._ZThn4_N4mbed6StreamD0Ev
                0x0000143c        0x8 G:\Project\TemperatureSensorLM35\mbed\TARGET_K64F\TOOLCHAIN_GCC_ARM\libmbed.a(Stream.o)
                0x0000143c                non-virtual thunk to mbed::Stream::~Stream()
 .text._ZN4mbed6StreamC2EPKc
                0x00001444       0x44 G:\Project\TemperatureSensorLM35\mbed\TARGET_K64F\TOOLCHAIN_GCC_ARM\libmbed.a(Stream.o)
                0x00001444                mbed::Stream::Stream(char const*)
                0x00001444                mbed::Stream::Stream(char const*)
 .text._ZN4mbed6Stream6printfEPKcz
                0x00001488       0x2c G:\Project\TemperatureSensorLM35\mbed\TARGET_K64F\TOOLCHAIN_GCC_ARM\libmbed.a(Stream.o)
                0x00001488                mbed::Stream::printf(char const*, ...)
 .text.mbed_assert_internal
                0x000014b4       0x18 G:\Project\TemperatureSensorLM35\mbed\TARGET_K64F\TOOLCHAIN_GCC_ARM\libmbed.a(assert.o)
                0x000014b4                mbed_assert_internal
 .text.error    0x000014cc       0x24 G:\Project\TemperatureSensorLM35\mbed\TARGET_K64F\TOOLCHAIN_GCC_ARM\libmbed.a(error.o)
                0x000014cc                error
 .text.gpio_init_in
                0x000014f0       0x24 G:\Project\TemperatureSensorLM35\mbed\TARGET_K64F\TOOLCHAIN_GCC_ARM\libmbed.a(gpio.o)
                0x000014f0                gpio_init_in
 .text.gpio_init_out
                0x00001514       0x6c G:\Project\TemperatureSensorLM35\mbed\TARGET_K64F\TOOLCHAIN_GCC_ARM\libmbed.a(gpio.o)
                0x00001514                gpio_init_out
 .text.pinmap_pinout
                0x00001580       0x40 G:\Project\TemperatureSensorLM35\mbed\TARGET_K64F\TOOLCHAIN_GCC_ARM\libmbed.a(pinmap_common.o)
                0x00001580                pinmap_pinout
 .text.pinmap_merge
                0x000015c0       0x24 G:\Project\TemperatureSensorLM35\mbed\TARGET_K64F\TOOLCHAIN_GCC_ARM\libmbed.a(pinmap_common.o)
                0x000015c0                pinmap_merge
 .text.pinmap_peripheral
                0x000015e4       0x34 G:\Project\TemperatureSensorLM35\mbed\TARGET_K64F\TOOLCHAIN_GCC_ARM\libmbed.a(pinmap_common.o)
                0x000015e4                pinmap_peripheral
 .text.wait_us  0x00001618       0x18 G:\Project\TemperatureSensorLM35\mbed\TARGET_K64F\TOOLCHAIN_GCC_ARM\libmbed.a(wait_api.o)
                0x00001618                wait_us
 .text.wait     0x00001630       0x1c G:\Project\TemperatureSensorLM35\mbed\TARGET_K64F\TOOLCHAIN_GCC_ARM\libmbed.a(wait_api.o)
                0x00001630                wait
 .text.wait_ms  0x0000164c        0xc G:\Project\TemperatureSensorLM35\mbed\TARGET_K64F\TOOLCHAIN_GCC_ARM\libmbed.a(wait_api.o)
                0x0000164c                wait_ms
 .text.CLOCK_SYS_GetFreq
                0x00001658       0xb4 G:\Project\TemperatureSensorLM35\mbed\TARGET_K64F\TOOLCHAIN_GCC_ARM\libmbed.a(fsl_clock_manager.o)
                0x00001658                CLOCK_SYS_GetFreq
 .text.CLOCK_SYS_GetSysClkFreq
                0x0000170c       0x58 G:\Project\TemperatureSensorLM35\mbed\TARGET_K64F\TOOLCHAIN_GCC_ARM\libmbed.a(fsl_clock_manager.o)
                0x0000170c                CLOCK_SYS_GetSysClkFreq
 .text.ADC_HAL_Init
                0x00001764       0x10 G:\Project\TemperatureSensorLM35\mbed\TARGET_K64F\TOOLCHAIN_GCC_ARM\libmbed.a(fsl_adc_hal.o)
                0x00001764                ADC_HAL_Init
 .text.CLOCK_HAL_GetFllRefClk
                0x00001774       0x68 G:\Project\TemperatureSensorLM35\mbed\TARGET_K64F\TOOLCHAIN_GCC_ARM\libmbed.a(fsl_mcg_hal.o)
                0x00001774                CLOCK_HAL_GetFllRefClk
 .text.CLOCK_HAL_GetFllClk
                0x000017dc       0x90 G:\Project\TemperatureSensorLM35\mbed\TARGET_K64F\TOOLCHAIN_GCC_ARM\libmbed.a(fsl_mcg_hal.o)
                0x000017dc                CLOCK_HAL_GetFllClk
 .text.CLOCK_HAL_GetPll0Clk
                0x0000186c       0x40 G:\Project\TemperatureSensorLM35\mbed\TARGET_K64F\TOOLCHAIN_GCC_ARM\libmbed.a(fsl_mcg_hal.o)
                0x0000186c                CLOCK_HAL_GetPll0Clk
 .text.CLOCK_HAL_GetInternalRefClk
                0x000018ac       0x24 G:\Project\TemperatureSensorLM35\mbed\TARGET_K64F\TOOLCHAIN_GCC_ARM\libmbed.a(fsl_mcg_hal.o)
                0x000018ac                CLOCK_HAL_GetInternalRefClk
 .text.CLOCK_HAL_GetOutClk
                0x000018d0       0x74 G:\Project\TemperatureSensorLM35\mbed\TARGET_K64F\TOOLCHAIN_GCC_ARM\libmbed.a(fsl_mcg_hal.o)
                0x000018d0                CLOCK_HAL_GetOutClk
 .text.CLOCK_HAL_GetDivider
                0x00001944       0xb8 G:\Project\TemperatureSensorLM35\mbed\TARGET_K64F\TOOLCHAIN_GCC_ARM\libmbed.a(fsl_sim_hal.o)
                0x00001944                CLOCK_HAL_GetDivider
 .text.UART_HAL_Init
                0x000019fc       0x34 G:\Project\TemperatureSensorLM35\mbed\TARGET_K64F\TOOLCHAIN_GCC_ARM\libmbed.a(fsl_uart_hal.o)
                0x000019fc                UART_HAL_Init
 .text.UART_HAL_SetBaudRate
                0x00001a30       0x48 G:\Project\TemperatureSensorLM35\mbed\TARGET_K64F\TOOLCHAIN_GCC_ARM\libmbed.a(fsl_uart_hal.o)
                0x00001a30                UART_HAL_SetBaudRate
 .text.UART_HAL_Putchar
                0x00001a78        0x8 G:\Project\TemperatureSensorLM35\mbed\TARGET_K64F\TOOLCHAIN_GCC_ARM\libmbed.a(fsl_uart_hal.o)
                0x00001a78                UART_HAL_Putchar
 .text.UART_HAL_Getchar
                0x00001a80        0x8 G:\Project\TemperatureSensorLM35\mbed\TARGET_K64F\TOOLCHAIN_GCC_ARM\libmbed.a(fsl_uart_hal.o)
                0x00001a80                UART_HAL_Getchar
 .text.UART_HAL_GetStatusFlag
                0x00001a88       0x44 G:\Project\TemperatureSensorLM35\mbed\TARGET_K64F\TOOLCHAIN_GCC_ARM\libmbed.a(fsl_uart_hal.o)
                0x00001a88                UART_HAL_GetStatusFlag
 .text.UART_HAL_ClearStatusFlag
                0x00001acc       0x74 G:\Project\TemperatureSensorLM35\mbed\TARGET_K64F\TOOLCHAIN_GCC_ARM\libmbed.a(fsl_uart_hal.o)
                0x00001acc                UART_HAL_ClearStatusFlag
 .text.UART_HAL_FlushTxFifo
                0x00001b40       0x1c G:\Project\TemperatureSensorLM35\mbed\TARGET_K64F\TOOLCHAIN_GCC_ARM\libmbed.a(fsl_uart_hal.o)
                0x00001b40                UART_HAL_FlushTxFifo
 .text.CLOCK_SYS_GetUartFreq
                0x00001b5c       0x3c G:\Project\TemperatureSensorLM35\mbed\TARGET_K64F\TOOLCHAIN_GCC_ARM\libmbed.a(fsl_clock_K64F12.o)
                0x00001b5c                CLOCK_SYS_GetUartFreq
 .text.SIM_HAL_EnablePortClock
                0x00001b98       0x50 G:\Project\TemperatureSensorLM35\mbed\TARGET_K64F\TOOLCHAIN_GCC_ARM\libmbed.a(fsl_sim_hal_K64F12.o)
                0x00001b98                SIM_HAL_EnablePortClock
 .text.SIM_HAL_EnableAdcClock
                0x00001be8       0x28 G:\Project\TemperatureSensorLM35\mbed\TARGET_K64F\TOOLCHAIN_GCC_ARM\libmbed.a(fsl_sim_hal_K64F12.o)
                0x00001be8                SIM_HAL_EnableAdcClock
 .text.SIM_HAL_EnablePitClock
                0x00001c10       0x10 G:\Project\TemperatureSensorLM35\mbed\TARGET_K64F\TOOLCHAIN_GCC_ARM\libmbed.a(fsl_sim_hal_K64F12.o)
                0x00001c10                SIM_HAL_EnablePitClock
 .text.SIM_HAL_EnableUartClock
                0x00001c20       0x60 G:\Project\TemperatureSensorLM35\mbed\TARGET_K64F\TOOLCHAIN_GCC_ARM\libmbed.a(fsl_sim_hal_K64F12.o)
                0x00001c20                SIM_HAL_EnableUartClock
 .text.gpio_init
                0x00001c80       0x70 G:\Project\TemperatureSensorLM35\mbed\TARGET_K64F\TOOLCHAIN_GCC_ARM\libmbed.a(gpio_api.o)
                0x00001c80                gpio_init
 .text.gpio_mode
                0x00001cf0        0x8 G:\Project\TemperatureSensorLM35\mbed\TARGET_K64F\TOOLCHAIN_GCC_ARM\libmbed.a(gpio_api.o)
                0x00001cf0                gpio_mode
 .text.gpio_dir
                0x00001cf8       0x58 G:\Project\TemperatureSensorLM35\mbed\TARGET_K64F\TOOLCHAIN_GCC_ARM\libmbed.a(gpio_api.o)
                0x00001cf8                gpio_dir
 .text.unlikely.PORT_HAL_SetPullCmd.part.0
                0x00001d50       0x1c G:\Project\TemperatureSensorLM35\mbed\TARGET_K64F\TOOLCHAIN_GCC_ARM\libmbed.a(pinmap.o)
 .text.pin_function
                0x00001d6c       0x90 G:\Project\TemperatureSensorLM35\mbed\TARGET_K64F\TOOLCHAIN_GCC_ARM\libmbed.a(pinmap.o)
                0x00001d6c                pin_function
 .text.pin_mode
                0x00001dfc       0xac G:\Project\TemperatureSensorLM35\mbed\TARGET_K64F\TOOLCHAIN_GCC_ARM\libmbed.a(pinmap.o)
                0x00001dfc                pin_mode
 .text.us_ticker_init
                0x00001ea8       0xbc G:\Project\TemperatureSensorLM35\mbed\TARGET_K64F\TOOLCHAIN_GCC_ARM\libmbed.a(us_ticker.o)
                0x00001ea8                us_ticker_init
 .text.us_ticker_read
                0x00001f64       0x1c G:\Project\TemperatureSensorLM35\mbed\TARGET_K64F\TOOLCHAIN_GCC_ARM\libmbed.a(us_ticker.o)
                0x00001f64                us_ticker_read
 .text.us_ticker_disable_interrupt
                0x00001f80        0xc G:\Project\TemperatureSensorLM35\mbed\TARGET_K64F\TOOLCHAIN_GCC_ARM\libmbed.a(us_ticker.o)
                0x00001f80                us_ticker_disable_interrupt
 .text.us_ticker_clear_interrupt
                0x00001f8c        0xc G:\Project\TemperatureSensorLM35\mbed\TARGET_K64F\TOOLCHAIN_GCC_ARM\libmbed.a(us_ticker.o)
                0x00001f8c                us_ticker_clear_interrupt
 .text.us_ticker_set_interrupt
                0x00001f98       0x40 G:\Project\TemperatureSensorLM35\mbed\TARGET_K64F\TOOLCHAIN_GCC_ARM\libmbed.a(us_ticker.o)
                0x00001f98                us_ticker_set_interrupt
 .text._ZN4mbed8FileBaseD2Ev
                0x00001fd8       0x30 G:\Project\TemperatureSensorLM35\mbed\TARGET_K64F\TOOLCHAIN_GCC_ARM\libmbed.a(FileBase.o)
                0x00001fd8                mbed::FileBase::~FileBase()
                0x00001fd8                mbed::FileBase::~FileBase()
 .text._ZN4mbed8FileBaseD0Ev
                0x00002008       0x3c G:\Project\TemperatureSensorLM35\mbed\TARGET_K64F\TOOLCHAIN_GCC_ARM\libmbed.a(FileBase.o)
                0x00002008                mbed::FileBase::~FileBase()
 .text._ZN4mbed8FileBaseC2EPKcNS_8PathTypeE
                0x00002044       0x20 G:\Project\TemperatureSensorLM35\mbed\TARGET_K64F\TOOLCHAIN_GCC_ARM\libmbed.a(FileBase.o)
                0x00002044                mbed::FileBase::FileBase(char const*, mbed::PathType)
                0x00002044                mbed::FileBase::FileBase(char const*, mbed::PathType)
 .text._ZN4mbed8FileBase6lookupEPKcj
                0x00002064       0x3c G:\Project\TemperatureSensorLM35\mbed\TARGET_K64F\TOOLCHAIN_GCC_ARM\libmbed.a(FileBase.o)
                0x00002064                mbed::FileBase::lookup(char const*, unsigned int)
 .text._ZN4mbed8FileBase11getPathTypeEv
                0x000020a0        0x4 G:\Project\TemperatureSensorLM35\mbed\TARGET_K64F\TOOLCHAIN_GCC_ARM\libmbed.a(FileBase.o)
                0x000020a0                mbed::FileBase::getPathType()
 .text._ZN4mbed8FileLikeD2Ev
                0x000020a4       0x24 G:\Project\TemperatureSensorLM35\mbed\TARGET_K64F\TOOLCHAIN_GCC_ARM\libmbed.a(FileLike.o)
                0x000020a4                mbed::FileLike::~FileLike()
                0x000020a4                mbed::FileLike::~FileLike()
 .text._ZThn4_N4mbed8FileLikeD1Ev
                0x000020c8        0x8 G:\Project\TemperatureSensorLM35\mbed\TARGET_K64F\TOOLCHAIN_GCC_ARM\libmbed.a(FileLike.o)
                0x000020c8                non-virtual thunk to mbed::FileLike::~FileLike()
 .text._ZN4mbed8FileLikeD0Ev
                0x000020d0       0x2c G:\Project\TemperatureSensorLM35\mbed\TARGET_K64F\TOOLCHAIN_GCC_ARM\libmbed.a(FileLike.o)
                0x000020d0                mbed::FileLike::~FileLike()
 .text._ZThn4_N4mbed8FileLikeD0Ev
                0x000020fc        0x8 G:\Project\TemperatureSensorLM35\mbed\TARGET_K64F\TOOLCHAIN_GCC_ARM\libmbed.a(FileLike.o)
                0x000020fc                non-virtual thunk to mbed::FileLike::~FileLike()
 .text._ZN4mbed8FileLikeC2EPKc
                0x00002104       0x28 G:\Project\TemperatureSensorLM35\mbed\TARGET_K64F\TOOLCHAIN_GCC_ARM\libmbed.a(FileLike.o)
                0x00002104                mbed::FileLike::FileLike(char const*)
                0x00002104                mbed::FileLike::FileLike(char const*)
 .text.us_ticker_irq_handler
                0x0000212c        0xc G:\Project\TemperatureSensorLM35\mbed\TARGET_K64F\TOOLCHAIN_GCC_ARM\libmbed.a(us_ticker_api.o)
                0x0000212c                us_ticker_irq_handler
 .text.ticker_irq_handler
                0x00002138       0x48 G:\Project\TemperatureSensorLM35\mbed\TARGET_K64F\TOOLCHAIN_GCC_ARM\libmbed.a(ticker_api.o)
                0x00002138                ticker_irq_handler
 .text._ZdlPv   0x00002180        0x8 c:/freescale/kds_3.0.0/toolchain/bin/../lib/gcc/arm-none-eabi/4.8.4/../../../../arm-none-eabi/lib/armv7e-m/softfp\libstdc++.a(del_op.o)
                0x00002180                operator delete(void*)
 .text.__aeabi_atexit
                0x00002188        0xc c:/freescale/kds_3.0.0/toolchain/bin/../lib/gcc/arm-none-eabi/4.8.4/../../../../arm-none-eabi/lib/armv7e-m/softfp\libstdc++.a(atexit_arm.o)
                0x00002188                __aeabi_atexit
 .text          0x00002194      0x370 c:/freescale/kds_3.0.0/toolchain/bin/../lib/gcc/arm-none-eabi/4.8.4/armv7e-m/softfp\libgcc.a(_arm_addsubdf3.o)
                0x00002194                __aeabi_drsub
                0x0000219c                __aeabi_dsub
                0x0000219c                __subdf3
                0x000021a0                __aeabi_dadd
                0x000021a0                __adddf3
                0x00002418                __floatunsidf
                0x00002418                __aeabi_ui2d
                0x00002438                __floatsidf
                0x00002438                __aeabi_i2d
                0x0000245c                __aeabi_f2d
                0x0000245c                __extendsfdf2
                0x00002498                __floatundidf
                0x00002498                __aeabi_ul2d
                0x000024a8                __floatdidf
                0x000024a8                __aeabi_l2d
 .text.abort    0x00002504       0x10 c:/freescale/kds_3.0.0/toolchain/bin/../lib/gcc/arm-none-eabi/4.8.4/../../../../arm-none-eabi/lib/armv7e-m/softfp\libg.a(lib_a-abort.o)
                0x00002504                abort
 .text.__assert_func
                0x00002514       0x3c c:/freescale/kds_3.0.0/toolchain/bin/../lib/gcc/arm-none-eabi/4.8.4/../../../../arm-none-eabi/lib/armv7e-m/softfp\libg.a(lib_a-assert.o)
                0x00002514                __assert_func
 .text.__cxa_atexit
                0x00002550       0x14 c:/freescale/kds_3.0.0/toolchain/bin/../lib/gcc/arm-none-eabi/4.8.4/../../../../arm-none-eabi/lib/armv7e-m/softfp\libg.a(lib_a-cxa_atexit.o)
                0x00002550                __cxa_atexit
 .text.__errno  0x00002564        0xc c:/freescale/kds_3.0.0/toolchain/bin/../lib/gcc/arm-none-eabi/4.8.4/../../../../arm-none-eabi/lib/armv7e-m/softfp\libg.a(lib_a-errno.o)
                0x00002564                __errno
 .text.exit     0x00002570       0x20 c:/freescale/kds_3.0.0/toolchain/bin/../lib/gcc/arm-none-eabi/4.8.4/../../../../arm-none-eabi/lib/armv7e-m/softfp\libg.a(lib_a-exit.o)
                0x00002570                exit
 .text._fclose_r
                0x00002590       0x80 c:/freescale/kds_3.0.0/toolchain/bin/../lib/gcc/arm-none-eabi/4.8.4/../../../../arm-none-eabi/lib/armv7e-m/softfp\libg.a(lib_a-fclose.o)
                0x00002590                _fclose_r
 .text.fclose   0x00002610       0x10 c:/freescale/kds_3.0.0/toolchain/bin/../lib/gcc/arm-none-eabi/4.8.4/../../../../arm-none-eabi/lib/armv7e-m/softfp\libg.a(lib_a-fclose.o)
                0x00002610                fclose
 .text.__sflush_r
                0x00002620      0x154 c:/freescale/kds_3.0.0/toolchain/bin/../lib/gcc/arm-none-eabi/4.8.4/../../../../arm-none-eabi/lib/armv7e-m/softfp\libg.a(lib_a-fflush.o)
                0x00002620                __sflush_r
 .text._fflush_r
                0x00002774       0x2c c:/freescale/kds_3.0.0/toolchain/bin/../lib/gcc/arm-none-eabi/4.8.4/../../../../arm-none-eabi/lib/armv7e-m/softfp\libg.a(lib_a-fflush.o)
                0x00002774                _fflush_r
 .text.fflush   0x000027a0       0x24 c:/freescale/kds_3.0.0/toolchain/bin/../lib/gcc/arm-none-eabi/4.8.4/../../../../arm-none-eabi/lib/armv7e-m/softfp\libg.a(lib_a-fflush.o)
                0x000027a0                fflush
 .text._cleanup_r
                0x000027c4        0xc c:/freescale/kds_3.0.0/toolchain/bin/../lib/gcc/arm-none-eabi/4.8.4/../../../../arm-none-eabi/lib/armv7e-m/softfp\libg.a(lib_a-findfp.o)
                0x000027c4                _cleanup_r
 .text.__sfmoreglue
                0x000027d0       0x30 c:/freescale/kds_3.0.0/toolchain/bin/../lib/gcc/arm-none-eabi/4.8.4/../../../../arm-none-eabi/lib/armv7e-m/softfp\libg.a(lib_a-findfp.o)
                0x000027d0                __sfmoreglue
 .text.__sinit  0x00002800       0xf4 c:/freescale/kds_3.0.0/toolchain/bin/../lib/gcc/arm-none-eabi/4.8.4/../../../../arm-none-eabi/lib/armv7e-m/softfp\libg.a(lib_a-findfp.o)
                0x00002800                __sinit
 .text.__sfp    0x000028f4       0x8c c:/freescale/kds_3.0.0/toolchain/bin/../lib/gcc/arm-none-eabi/4.8.4/../../../../arm-none-eabi/lib/armv7e-m/softfp\libg.a(lib_a-findfp.o)
                0x000028f4                __sfp
 .text.__sfp_lock_acquire
                0x00002980        0x4 c:/freescale/kds_3.0.0/toolchain/bin/../lib/gcc/arm-none-eabi/4.8.4/../../../../arm-none-eabi/lib/armv7e-m/softfp\libg.a(lib_a-findfp.o)
                0x00002980                __sfp_lock_acquire
 .text.__sfp_lock_release
                0x00002984        0x4 c:/freescale/kds_3.0.0/toolchain/bin/../lib/gcc/arm-none-eabi/4.8.4/../../../../arm-none-eabi/lib/armv7e-m/softfp\libg.a(lib_a-findfp.o)
                0x00002984                __sfp_lock_release
 .text.fiprintf
                0x00002988       0x28 c:/freescale/kds_3.0.0/toolchain/bin/../lib/gcc/arm-none-eabi/4.8.4/../../../../arm-none-eabi/lib/armv7e-m/softfp\libg.a(lib_a-fiprintf.o)
                0x00002988                fiprintf
 .text._fopen_r
                0x000029b0       0x88 c:/freescale/kds_3.0.0/toolchain/bin/../lib/gcc/arm-none-eabi/4.8.4/../../../../arm-none-eabi/lib/armv7e-m/softfp\libg.a(lib_a-fopen.o)
                0x000029b0                _fopen_r
 .text.fopen    0x00002a38       0x10 c:/freescale/kds_3.0.0/toolchain/bin/../lib/gcc/arm-none-eabi/4.8.4/../../../../arm-none-eabi/lib/armv7e-m/softfp\libg.a(lib_a-fopen.o)
                0x00002a38                fopen
 .text._malloc_trim_r
                0x00002a48       0x9c c:/freescale/kds_3.0.0/toolchain/bin/../lib/gcc/arm-none-eabi/4.8.4/../../../../arm-none-eabi/lib/armv7e-m/softfp\libg.a(lib_a-freer.o)
                0x00002a48                _malloc_trim_r
 .text._free_r  0x00002ae4      0x19c c:/freescale/kds_3.0.0/toolchain/bin/../lib/gcc/arm-none-eabi/4.8.4/../../../../arm-none-eabi/lib/armv7e-m/softfp\libg.a(lib_a-freer.o)
                0x00002ae4                _free_r
 .text._fseek_r
                0x00002c80        0x4 c:/freescale/kds_3.0.0/toolchain/bin/../lib/gcc/arm-none-eabi/4.8.4/../../../../arm-none-eabi/lib/armv7e-m/softfp\libg.a(lib_a-fseek.o)
                0x00002c80                _fseek_r
 .text._fseeko_r
                0x00002c84      0x2d0 c:/freescale/kds_3.0.0/toolchain/bin/../lib/gcc/arm-none-eabi/4.8.4/../../../../arm-none-eabi/lib/armv7e-m/softfp\libg.a(lib_a-fseeko.o)
                0x00002c84                _fseeko_r
 .text._fstat_r
                0x00002f54       0x28 c:/freescale/kds_3.0.0/toolchain/bin/../lib/gcc/arm-none-eabi/4.8.4/../../../../arm-none-eabi/lib/armv7e-m/softfp\libg.a(lib_a-fstatr.o)
                0x00002f54                _fstat_r
 .text.__sfvwrite_r
                0x00002f7c      0x318 c:/freescale/kds_3.0.0/toolchain/bin/../lib/gcc/arm-none-eabi/4.8.4/../../../../arm-none-eabi/lib/armv7e-m/softfp\libg.a(lib_a-fvwrite.o)
                0x00002f7c                __sfvwrite_r
 .text._fwalk   0x00003294       0x4c c:/freescale/kds_3.0.0/toolchain/bin/../lib/gcc/arm-none-eabi/4.8.4/../../../../arm-none-eabi/lib/armv7e-m/softfp\libg.a(lib_a-fwalk.o)
                0x00003294                _fwalk
 .text._fwalk_reent
                0x000032e0       0x50 c:/freescale/kds_3.0.0/toolchain/bin/../lib/gcc/arm-none-eabi/4.8.4/../../../../arm-none-eabi/lib/armv7e-m/softfp\libg.a(lib_a-fwalk.o)
                0x000032e0                _fwalk_reent
 .text.__libc_init_array
                0x00003330       0x50 c:/freescale/kds_3.0.0/toolchain/bin/../lib/gcc/arm-none-eabi/4.8.4/../../../../arm-none-eabi/lib/armv7e-m/softfp\libg.a(lib_a-init.o)
                0x00003330                __libc_init_array
 .text.__smakebuf_r
                0x00003380       0xe0 c:/freescale/kds_3.0.0/toolchain/bin/../lib/gcc/arm-none-eabi/4.8.4/../../../../arm-none-eabi/lib/armv7e-m/softfp\libg.a(lib_a-makebuf.o)
                0x00003380                __smakebuf_r
 .text.malloc   0x00003460       0x10 c:/freescale/kds_3.0.0/toolchain/bin/../lib/gcc/arm-none-eabi/4.8.4/../../../../arm-none-eabi/lib/armv7e-m/softfp\libg.a(lib_a-malloc.o)
                0x00003460                malloc
 .text.free     0x00003470       0x10 c:/freescale/kds_3.0.0/toolchain/bin/../lib/gcc/arm-none-eabi/4.8.4/../../../../arm-none-eabi/lib/armv7e-m/softfp\libg.a(lib_a-malloc.o)
                0x00003470                free
 .text._malloc_r
                0x00003480      0x538 c:/freescale/kds_3.0.0/toolchain/bin/../lib/gcc/arm-none-eabi/4.8.4/../../../../arm-none-eabi/lib/armv7e-m/softfp\libg.a(lib_a-mallocr.o)
                0x00003480                _malloc_r
 .text.memchr   0x000039b8       0x90 c:/freescale/kds_3.0.0/toolchain/bin/../lib/gcc/arm-none-eabi/4.8.4/../../../../arm-none-eabi/lib/armv7e-m/softfp\libg.a(lib_a-memchr-stub.o)
                0x000039b8                memchr
 .text          0x00003a48      0x134 c:/freescale/kds_3.0.0/toolchain/bin/../lib/gcc/arm-none-eabi/4.8.4/../../../../arm-none-eabi/lib/armv7e-m/softfp\libg.a(lib_a-memcpy.o)
                0x00003a48                memcpy
 .text.memmove  0x00003b7c       0xc0 c:/freescale/kds_3.0.0/toolchain/bin/../lib/gcc/arm-none-eabi/4.8.4/../../../../arm-none-eabi/lib/armv7e-m/softfp\libg.a(lib_a-memmove.o)
                0x00003b7c                memmove
 .text.memset   0x00003c3c       0x94 c:/freescale/kds_3.0.0/toolchain/bin/../lib/gcc/arm-none-eabi/4.8.4/../../../../arm-none-eabi/lib/armv7e-m/softfp\libg.a(lib_a-memset.o)
                0x00003c3c                memset
 .text.__malloc_lock
                0x00003cd0        0x4 c:/freescale/kds_3.0.0/toolchain/bin/../lib/gcc/arm-none-eabi/4.8.4/../../../../arm-none-eabi/lib/armv7e-m/softfp\libg.a(lib_a-mlock.o)
                0x00003cd0                __malloc_lock
 .text.__malloc_unlock
                0x00003cd4        0x4 c:/freescale/kds_3.0.0/toolchain/bin/../lib/gcc/arm-none-eabi/4.8.4/../../../../arm-none-eabi/lib/armv7e-m/softfp\libg.a(lib_a-mlock.o)
                0x00003cd4                __malloc_unlock
 .text._open_r  0x00003cd8       0x28 c:/freescale/kds_3.0.0/toolchain/bin/../lib/gcc/arm-none-eabi/4.8.4/../../../../arm-none-eabi/lib/armv7e-m/softfp\libg.a(lib_a-openr.o)
                0x00003cd8                _open_r
 .text._realloc_r
                0x00003d00      0x3cc c:/freescale/kds_3.0.0/toolchain/bin/../lib/gcc/arm-none-eabi/4.8.4/../../../../arm-none-eabi/lib/armv7e-m/softfp\libg.a(lib_a-reallocr.o)
                0x00003d00                _realloc_r
 .text.lflush   0x000040cc       0x14 c:/freescale/kds_3.0.0/toolchain/bin/../lib/gcc/arm-none-eabi/4.8.4/../../../../arm-none-eabi/lib/armv7e-m/softfp\libg.a(lib_a-refill.o)
 .text.__srefill_r
                0x000040e0      0x114 c:/freescale/kds_3.0.0/toolchain/bin/../lib/gcc/arm-none-eabi/4.8.4/../../../../arm-none-eabi/lib/armv7e-m/softfp\libg.a(lib_a-refill.o)
                0x000040e0                __srefill_r
 .text._sbrk_r  0x000041f4       0x24 c:/freescale/kds_3.0.0/toolchain/bin/../lib/gcc/arm-none-eabi/4.8.4/../../../../arm-none-eabi/lib/armv7e-m/softfp\libg.a(lib_a-sbrkr.o)
                0x000041f4                _sbrk_r
 .text.setbuf   0x00004218       0x10 c:/freescale/kds_3.0.0/toolchain/bin/../lib/gcc/arm-none-eabi/4.8.4/../../../../arm-none-eabi/lib/armv7e-m/softfp\libg.a(lib_a-setbuf.o)
                0x00004218                setbuf
 .text.setvbuf  0x00004228      0x100 c:/freescale/kds_3.0.0/toolchain/bin/../lib/gcc/arm-none-eabi/4.8.4/../../../../arm-none-eabi/lib/armv7e-m/softfp\libg.a(lib_a-setvbuf.o)
                0x00004228                setvbuf
 .text._raise_r
                0x00004328       0x58 c:/freescale/kds_3.0.0/toolchain/bin/../lib/gcc/arm-none-eabi/4.8.4/../../../../arm-none-eabi/lib/armv7e-m/softfp\libg.a(lib_a-signal.o)
                0x00004328                _raise_r
 .text.raise    0x00004380       0x10 c:/freescale/kds_3.0.0/toolchain/bin/../lib/gcc/arm-none-eabi/4.8.4/../../../../arm-none-eabi/lib/armv7e-m/softfp\libg.a(lib_a-signal.o)
                0x00004380                raise
 .text._kill_r  0x00004390       0x28 c:/freescale/kds_3.0.0/toolchain/bin/../lib/gcc/arm-none-eabi/4.8.4/../../../../arm-none-eabi/lib/armv7e-m/softfp\libg.a(lib_a-signalr.o)
                0x00004390                _kill_r
 .text._getpid_r
                0x000043b8        0x4 c:/freescale/kds_3.0.0/toolchain/bin/../lib/gcc/arm-none-eabi/4.8.4/../../../../arm-none-eabi/lib/armv7e-m/softfp\libg.a(lib_a-signalr.o)
                0x000043b8                _getpid_r
 .text.sprintf  0x000043bc       0x4c c:/freescale/kds_3.0.0/toolchain/bin/../lib/gcc/arm-none-eabi/4.8.4/../../../../arm-none-eabi/lib/armv7e-m/softfp\libg.a(lib_a-sprintf.o)
                0x000043bc                sprintf
 .text.sscanf   0x00004408       0x58 c:/freescale/kds_3.0.0/toolchain/bin/../lib/gcc/arm-none-eabi/4.8.4/../../../../arm-none-eabi/lib/armv7e-m/softfp\libg.a(lib_a-sscanf.o)
                0x00004408                sscanf
 .text.__sread  0x00004460       0x24 c:/freescale/kds_3.0.0/toolchain/bin/../lib/gcc/arm-none-eabi/4.8.4/../../../../arm-none-eabi/lib/armv7e-m/softfp\libg.a(lib_a-stdio.o)
                0x00004460                __sread
 .text.__seofread
                0x00004484        0x4 c:/freescale/kds_3.0.0/toolchain/bin/../lib/gcc/arm-none-eabi/4.8.4/../../../../arm-none-eabi/lib/armv7e-m/softfp\libg.a(lib_a-stdio.o)
                0x00004484                __seofread
 .text.__swrite
                0x00004488       0x38 c:/freescale/kds_3.0.0/toolchain/bin/../lib/gcc/arm-none-eabi/4.8.4/../../../../arm-none-eabi/lib/armv7e-m/softfp\libg.a(lib_a-stdio.o)
                0x00004488                __swrite
 .text.__sseek  0x000044c0       0x20 c:/freescale/kds_3.0.0/toolchain/bin/../lib/gcc/arm-none-eabi/4.8.4/../../../../arm-none-eabi/lib/armv7e-m/softfp\libg.a(lib_a-stdio.o)
                0x000044c0                __sseek
 .text.__sclose
                0x000044e0        0x8 c:/freescale/kds_3.0.0/toolchain/bin/../lib/gcc/arm-none-eabi/4.8.4/../../../../arm-none-eabi/lib/armv7e-m/softfp\libg.a(lib_a-stdio.o)
                0x000044e0                __sclose
 .text          0x000044e8      0x21c c:/freescale/kds_3.0.0/toolchain/bin/../lib/gcc/arm-none-eabi/4.8.4/../../../../arm-none-eabi/lib/armv7e-m/softfp\libg.a(lib_a-strcmp.o)
                0x000044e8                strcmp
 .text.strlen   0x00004704       0x60 c:/freescale/kds_3.0.0/toolchain/bin/../lib/gcc/arm-none-eabi/4.8.4/../../../../arm-none-eabi/lib/armv7e-m/softfp\libg.a(lib_a-strlen.o)
                0x00004704                strlen
 .text.strncmp  0x00004764       0xb4 c:/freescale/kds_3.0.0/toolchain/bin/../lib/gcc/arm-none-eabi/4.8.4/../../../../arm-none-eabi/lib/armv7e-m/softfp\libg.a(lib_a-strncmp.o)
                0x00004764                strncmp
 .text._svfprintf_r
                0x00004818     0x1500 c:/freescale/kds_3.0.0/toolchain/bin/../lib/gcc/arm-none-eabi/4.8.4/../../../../arm-none-eabi/lib/armv7e-m/softfp\libg.a(lib_a-svfprintf.o)
                0x00004818                _svfprintf_r
 .text.__ssvfscanf_r
                0x00005d18      0xe7c c:/freescale/kds_3.0.0/toolchain/bin/../lib/gcc/arm-none-eabi/4.8.4/../../../../arm-none-eabi/lib/armv7e-m/softfp\libg.a(lib_a-svfscanf.o)
                0x00005d18                __ssvfscanf_r
 .text.__sprint_r.part.0
                0x00006b94       0x78 c:/freescale/kds_3.0.0/toolchain/bin/../lib/gcc/arm-none-eabi/4.8.4/../../../../arm-none-eabi/lib/armv7e-m/softfp\libg.a(lib_a-vfiprintf.o)
 .text.__sprint_r
                0x00006c0c       0x18 c:/freescale/kds_3.0.0/toolchain/bin/../lib/gcc/arm-none-eabi/4.8.4/../../../../arm-none-eabi/lib/armv7e-m/softfp\libg.a(lib_a-vfiprintf.o)
                0x00006c0c                __sprint_r
 .text._vfiprintf_r
                0x00006c24      0xc54 c:/freescale/kds_3.0.0/toolchain/bin/../lib/gcc/arm-none-eabi/4.8.4/../../../../arm-none-eabi/lib/armv7e-m/softfp\libg.a(lib_a-vfiprintf.o)
                0x00006c24                _vfiprintf_r
 .text.__sbprintf
                0x00007878       0x78 c:/freescale/kds_3.0.0/toolchain/bin/../lib/gcc/arm-none-eabi/4.8.4/../../../../arm-none-eabi/lib/armv7e-m/softfp\libg.a(lib_a-vfiprintf.o)
 .text._vfprintf_r
                0x000078f0     0x1550 c:/freescale/kds_3.0.0/toolchain/bin/../lib/gcc/arm-none-eabi/4.8.4/../../../../arm-none-eabi/lib/armv7e-m/softfp\libg.a(lib_a-vfprintf.o)
                0x000078f0                _vfprintf_r
 .text.vfprintf
                0x00008e40       0x18 c:/freescale/kds_3.0.0/toolchain/bin/../lib/gcc/arm-none-eabi/4.8.4/../../../../arm-none-eabi/lib/armv7e-m/softfp\libg.a(lib_a-vfprintf.o)
                0x00008e40                vfprintf
 .text.__sbprintf
                0x00008e58       0x78 c:/freescale/kds_3.0.0/toolchain/bin/../lib/gcc/arm-none-eabi/4.8.4/../../../../arm-none-eabi/lib/armv7e-m/softfp\libg.a(lib_a-vfprintf.o)
 .text.__swbuf_r
                0x00008ed0       0xa8 c:/freescale/kds_3.0.0/toolchain/bin/../lib/gcc/arm-none-eabi/4.8.4/../../../../arm-none-eabi/lib/armv7e-m/softfp\libg.a(lib_a-wbuf.o)
                0x00008ed0                __swbuf_r
 .text._write_r
                0x00008f78       0x28 c:/freescale/kds_3.0.0/toolchain/bin/../lib/gcc/arm-none-eabi/4.8.4/../../../../arm-none-eabi/lib/armv7e-m/softfp\libg.a(lib_a-writer.o)
                0x00008f78                _write_r
 .text.__swsetup_r
                0x00008fa0       0xc4 c:/freescale/kds_3.0.0/toolchain/bin/../lib/gcc/arm-none-eabi/4.8.4/../../../../arm-none-eabi/lib/armv7e-m/softfp\libg.a(lib_a-wsetup.o)
                0x00008fa0                __swsetup_r
 .text.__register_exitproc
                0x00009064       0xa8 c:/freescale/kds_3.0.0/toolchain/bin/../lib/gcc/arm-none-eabi/4.8.4/../../../../arm-none-eabi/lib/armv7e-m/softfp\libg.a(lib_a-__atexit.o)
                0x00009064                __register_exitproc
 .text.startup.register_fini
                0x0000910c       0x14 c:/freescale/kds_3.0.0/toolchain/bin/../lib/gcc/arm-none-eabi/4.8.4/../../../../arm-none-eabi/lib/armv7e-m/softfp\libg.a(lib_a-__call_atexit.o)
 .text.__call_exitprocs
                0x00009120       0xf0 c:/freescale/kds_3.0.0/toolchain/bin/../lib/gcc/arm-none-eabi/4.8.4/../../../../arm-none-eabi/lib/armv7e-m/softfp\libg.a(lib_a-__call_atexit.o)
                0x00009120                __call_exitprocs
 .text.atexit   0x00009210        0xc c:/freescale/kds_3.0.0/toolchain/bin/../lib/gcc/arm-none-eabi/4.8.4/../../../../arm-none-eabi/lib/armv7e-m/softfp\libg.a(lib_a-atexit.o)
                0x00009210                atexit
 .text._close_r
                0x0000921c       0x24 c:/freescale/kds_3.0.0/toolchain/bin/../lib/gcc/arm-none-eabi/4.8.4/../../../../arm-none-eabi/lib/armv7e-m/softfp\libg.a(lib_a-closer.o)
                0x0000921c                _close_r
 .text.quorem   0x00009240      0x130 c:/freescale/kds_3.0.0/toolchain/bin/../lib/gcc/arm-none-eabi/4.8.4/../../../../arm-none-eabi/lib/armv7e-m/softfp\libg.a(lib_a-dtoa.o)
 .text._dtoa_r  0x00009370      0xe30 c:/freescale/kds_3.0.0/toolchain/bin/../lib/gcc/arm-none-eabi/4.8.4/../../../../arm-none-eabi/lib/armv7e-m/softfp\libg.a(lib_a-dtoa.o)
                0x00009370                _dtoa_r
 .text.__libc_fini_array
                0x0000a1a0       0x30 c:/freescale/kds_3.0.0/toolchain/bin/../lib/gcc/arm-none-eabi/4.8.4/../../../../arm-none-eabi/lib/armv7e-m/softfp\libg.a(lib_a-fini.o)
                0x0000a1a0                __libc_fini_array
 .text.__sflags
                0x0000a1d0       0x70 c:/freescale/kds_3.0.0/toolchain/bin/../lib/gcc/arm-none-eabi/4.8.4/../../../../arm-none-eabi/lib/armv7e-m/softfp\libg.a(lib_a-flags.o)
                0x0000a1d0                __sflags
 .text._fputwc_r
                0x0000a240       0xbc c:/freescale/kds_3.0.0/toolchain/bin/../lib/gcc/arm-none-eabi/4.8.4/../../../../arm-none-eabi/lib/armv7e-m/softfp\libg.a(lib_a-fputwc.o)
                0x0000a240                _fputwc_r
 .text._isatty_r
                0x0000a2fc       0x24 c:/freescale/kds_3.0.0/toolchain/bin/../lib/gcc/arm-none-eabi/4.8.4/../../../../arm-none-eabi/lib/armv7e-m/softfp\libg.a(lib_a-isattyr.o)
                0x0000a2fc                _isatty_r
 .text.iswspace
                0x0000a320       0x1c c:/freescale/kds_3.0.0/toolchain/bin/../lib/gcc/arm-none-eabi/4.8.4/../../../../arm-none-eabi/lib/armv7e-m/softfp\libg.a(lib_a-iswspace.o)
                0x0000a320                iswspace
 .text.__locale_charset
                0x0000a33c        0x8 c:/freescale/kds_3.0.0/toolchain/bin/../lib/gcc/arm-none-eabi/4.8.4/../../../../arm-none-eabi/lib/armv7e-m/softfp\libg.a(lib_a-locale.o)
                0x0000a33c                __locale_charset
 .text.__locale_mb_cur_max
                0x0000a344        0xc c:/freescale/kds_3.0.0/toolchain/bin/../lib/gcc/arm-none-eabi/4.8.4/../../../../arm-none-eabi/lib/armv7e-m/softfp\libg.a(lib_a-locale.o)
                0x0000a344                __locale_mb_cur_max
 .text._localeconv_r
                0x0000a350        0x8 c:/freescale/kds_3.0.0/toolchain/bin/../lib/gcc/arm-none-eabi/4.8.4/../../../../arm-none-eabi/lib/armv7e-m/softfp\libg.a(lib_a-locale.o)
                0x0000a350                _localeconv_r
 .text._lseek_r
                0x0000a358       0x28 c:/freescale/kds_3.0.0/toolchain/bin/../lib/gcc/arm-none-eabi/4.8.4/../../../../arm-none-eabi/lib/armv7e-m/softfp\libg.a(lib_a-lseekr.o)
                0x0000a358                _lseek_r
 .text._mbrtowc_r
                0x0000a380       0x5c c:/freescale/kds_3.0.0/toolchain/bin/../lib/gcc/arm-none-eabi/4.8.4/../../../../arm-none-eabi/lib/armv7e-m/softfp\libg.a(lib_a-mbrtowc.o)
                0x0000a380                _mbrtowc_r
 .text.__ascii_mbtowc
                0x0000a3dc       0x2c c:/freescale/kds_3.0.0/toolchain/bin/../lib/gcc/arm-none-eabi/4.8.4/../../../../arm-none-eabi/lib/armv7e-m/softfp\libg.a(lib_a-mbtowc_r.o)
                0x0000a3dc                __ascii_mbtowc
 .text._Balloc  0x0000a408       0x4c c:/freescale/kds_3.0.0/toolchain/bin/../lib/gcc/arm-none-eabi/4.8.4/../../../../arm-none-eabi/lib/armv7e-m/softfp\libg.a(lib_a-mprec.o)
                0x0000a408                _Balloc
 .text._Bfree   0x0000a454       0x14 c:/freescale/kds_3.0.0/toolchain/bin/../lib/gcc/arm-none-eabi/4.8.4/../../../../arm-none-eabi/lib/armv7e-m/softfp\libg.a(lib_a-mprec.o)
                0x0000a454                _Bfree
 .text.__multadd
                0x0000a468       0x98 c:/freescale/kds_3.0.0/toolchain/bin/../lib/gcc/arm-none-eabi/4.8.4/../../../../arm-none-eabi/lib/armv7e-m/softfp\libg.a(lib_a-mprec.o)
                0x0000a468                __multadd
 .text.__s2b    0x0000a500       0x98 c:/freescale/kds_3.0.0/toolchain/bin/../lib/gcc/arm-none-eabi/4.8.4/../../../../arm-none-eabi/lib/armv7e-m/softfp\libg.a(lib_a-mprec.o)
                0x0000a500                __s2b
 .text.__hi0bits
                0x0000a598       0x40 c:/freescale/kds_3.0.0/toolchain/bin/../lib/gcc/arm-none-eabi/4.8.4/../../../../arm-none-eabi/lib/armv7e-m/softfp\libg.a(lib_a-mprec.o)
                0x0000a598                __hi0bits
 .text.__lo0bits
                0x0000a5d8       0x5c c:/freescale/kds_3.0.0/toolchain/bin/../lib/gcc/arm-none-eabi/4.8.4/../../../../arm-none-eabi/lib/armv7e-m/softfp\libg.a(lib_a-mprec.o)
                0x0000a5d8                __lo0bits
 .text.__i2b    0x0000a634       0x14 c:/freescale/kds_3.0.0/toolchain/bin/../lib/gcc/arm-none-eabi/4.8.4/../../../../arm-none-eabi/lib/armv7e-m/softfp\libg.a(lib_a-mprec.o)
                0x0000a634                __i2b
 .text.__multiply
                0x0000a648      0x13c c:/freescale/kds_3.0.0/toolchain/bin/../lib/gcc/arm-none-eabi/4.8.4/../../../../arm-none-eabi/lib/armv7e-m/softfp\libg.a(lib_a-mprec.o)
                0x0000a648                __multiply
 .text.__pow5mult
                0x0000a784       0x9c c:/freescale/kds_3.0.0/toolchain/bin/../lib/gcc/arm-none-eabi/4.8.4/../../../../arm-none-eabi/lib/armv7e-m/softfp\libg.a(lib_a-mprec.o)
                0x0000a784                __pow5mult
 .text.__lshift
                0x0000a820       0xbc c:/freescale/kds_3.0.0/toolchain/bin/../lib/gcc/arm-none-eabi/4.8.4/../../../../arm-none-eabi/lib/armv7e-m/softfp\libg.a(lib_a-mprec.o)
                0x0000a820                __lshift
 .text.__mcmp   0x0000a8dc       0x48 c:/freescale/kds_3.0.0/toolchain/bin/../lib/gcc/arm-none-eabi/4.8.4/../../../../arm-none-eabi/lib/armv7e-m/softfp\libg.a(lib_a-mprec.o)
                0x0000a8dc                __mcmp
 .text.__mdiff  0x0000a924       0xd4 c:/freescale/kds_3.0.0/toolchain/bin/../lib/gcc/arm-none-eabi/4.8.4/../../../../arm-none-eabi/lib/armv7e-m/softfp\libg.a(lib_a-mprec.o)
                0x0000a924                __mdiff
 .text.__ulp    0x0000a9f8       0x40 c:/freescale/kds_3.0.0/toolchain/bin/../lib/gcc/arm-none-eabi/4.8.4/../../../../arm-none-eabi/lib/armv7e-m/softfp\libg.a(lib_a-mprec.o)
                0x0000a9f8                __ulp
 .text.__b2d    0x0000aa38       0xb4 c:/freescale/kds_3.0.0/toolchain/bin/../lib/gcc/arm-none-eabi/4.8.4/../../../../arm-none-eabi/lib/armv7e-m/softfp\libg.a(lib_a-mprec.o)
                0x0000aa38                __b2d
 .text.__d2b    0x0000aaec       0xbc c:/freescale/kds_3.0.0/toolchain/bin/../lib/gcc/arm-none-eabi/4.8.4/../../../../arm-none-eabi/lib/armv7e-m/softfp\libg.a(lib_a-mprec.o)
                0x0000aaec                __d2b
 .text.__ratio  0x0000aba8       0x50 c:/freescale/kds_3.0.0/toolchain/bin/../lib/gcc/arm-none-eabi/4.8.4/../../../../arm-none-eabi/lib/armv7e-m/softfp\libg.a(lib_a-mprec.o)
                0x0000aba8                __ratio
 .text.__copybits
                0x0000abf8       0x48 c:/freescale/kds_3.0.0/toolchain/bin/../lib/gcc/arm-none-eabi/4.8.4/../../../../arm-none-eabi/lib/armv7e-m/softfp\libg.a(lib_a-mprec.o)
                0x0000abf8                __copybits
 .text.__any_on
                0x0000ac40       0x60 c:/freescale/kds_3.0.0/toolchain/bin/../lib/gcc/arm-none-eabi/4.8.4/../../../../arm-none-eabi/lib/armv7e-m/softfp\libg.a(lib_a-mprec.o)
                0x0000ac40                __any_on
 .text._read_r  0x0000aca0       0x28 c:/freescale/kds_3.0.0/toolchain/bin/../lib/gcc/arm-none-eabi/4.8.4/../../../../arm-none-eabi/lib/armv7e-m/softfp\libg.a(lib_a-readr.o)
                0x0000aca0                _read_r
 .text.__fpclassifyd
                0x0000acc8       0x50 c:/freescale/kds_3.0.0/toolchain/bin/../lib/gcc/arm-none-eabi/4.8.4/../../../../arm-none-eabi/lib/armv7e-m/softfp\libg.a(lib_a-s_fpclassify.o)
                0x0000acc8                __fpclassifyd
 .text.__sccl   0x0000ad18       0x70 c:/freescale/kds_3.0.0/toolchain/bin/../lib/gcc/arm-none-eabi/4.8.4/../../../../arm-none-eabi/lib/armv7e-m/softfp\libg.a(lib_a-sccl.o)
                0x0000ad18                __sccl
 .text.nanf     0x0000ad88        0x8 c:/freescale/kds_3.0.0/toolchain/bin/../lib/gcc/arm-none-eabi/4.8.4/../../../../arm-none-eabi/lib/armv7e-m/softfp\libg.a(lib_a-sf_nan.o)
                0x0000ad88                nanf
 .text.sulp     0x0000ad90       0x40 c:/freescale/kds_3.0.0/toolchain/bin/../lib/gcc/arm-none-eabi/4.8.4/../../../../arm-none-eabi/lib/armv7e-m/softfp\libg.a(lib_a-strtod.o)
 .text._strtod_r
                0x0000add0      0xf40 c:/freescale/kds_3.0.0/toolchain/bin/../lib/gcc/arm-none-eabi/4.8.4/../../../../arm-none-eabi/lib/armv7e-m/softfp\libg.a(lib_a-strtod.o)
                0x0000add0                _strtod_r
 .text._strtol_r
                0x0000bd10      0x114 c:/freescale/kds_3.0.0/toolchain/bin/../lib/gcc/arm-none-eabi/4.8.4/../../../../arm-none-eabi/lib/armv7e-m/softfp\libg.a(lib_a-strtol.o)
                0x0000bd10                _strtol_r
 .text._strtoll_r
                0x0000be24      0x19c c:/freescale/kds_3.0.0/toolchain/bin/../lib/gcc/arm-none-eabi/4.8.4/../../../../arm-none-eabi/lib/armv7e-m/softfp\libg.a(lib_a-strtoll_r.o)
                0x0000be24                _strtoll_r
 .text._strtoul_r
                0x0000bfc0      0x120 c:/freescale/kds_3.0.0/toolchain/bin/../lib/gcc/arm-none-eabi/4.8.4/../../../../arm-none-eabi/lib/armv7e-m/softfp\libg.a(lib_a-strtoul.o)
                0x0000bfc0                _strtoul_r
 .text._strtoull_r
                0x0000c0e0      0x190 c:/freescale/kds_3.0.0/toolchain/bin/../lib/gcc/arm-none-eabi/4.8.4/../../../../arm-none-eabi/lib/armv7e-m/softfp\libg.a(lib_a-strtoull_r.o)
                0x0000c0e0                _strtoull_r
 .text.__ssprint_r
                0x0000c270      0x100 c:/freescale/kds_3.0.0/toolchain/bin/../lib/gcc/arm-none-eabi/4.8.4/../../../../arm-none-eabi/lib/armv7e-m/softfp\libg.a(lib_a-svfiprintf.o)
                0x0000c270                __ssprint_r
 .text._sungetc_r
                0x0000c370       0x80 c:/freescale/kds_3.0.0/toolchain/bin/../lib/gcc/arm-none-eabi/4.8.4/../../../../arm-none-eabi/lib/armv7e-m/softfp\libg.a(lib_a-svfiscanf.o)
                0x0000c370                _sungetc_r
 .text.__ssrefill_r
                0x0000c3f0       0x3c c:/freescale/kds_3.0.0/toolchain/bin/../lib/gcc/arm-none-eabi/4.8.4/../../../../arm-none-eabi/lib/armv7e-m/softfp\libg.a(lib_a-svfiscanf.o)
                0x0000c3f0                __ssrefill_r
 .text._sfread_r
                0x0000c42c       0x80 c:/freescale/kds_3.0.0/toolchain/bin/../lib/gcc/arm-none-eabi/4.8.4/../../../../arm-none-eabi/lib/armv7e-m/softfp\libg.a(lib_a-svfiscanf.o)
                0x0000c42c                _sfread_r
 .text.__submore
                0x0000c4ac       0x78 c:/freescale/kds_3.0.0/toolchain/bin/../lib/gcc/arm-none-eabi/4.8.4/../../../../arm-none-eabi/lib/armv7e-m/softfp\libg.a(lib_a-ungetc.o)
                0x0000c4ac                __submore
 .text._wcrtomb_r
                0x0000c524       0x50 c:/freescale/kds_3.0.0/toolchain/bin/../lib/gcc/arm-none-eabi/4.8.4/../../../../arm-none-eabi/lib/armv7e-m/softfp\libg.a(lib_a-wcrtomb.o)
                0x0000c524                _wcrtomb_r
 .text.__ascii_wctomb
                0x0000c574       0x1c c:/freescale/kds_3.0.0/toolchain/bin/../lib/gcc/arm-none-eabi/4.8.4/../../../../arm-none-eabi/lib/armv7e-m/softfp\libg.a(lib_a-wctomb_r.o)
                0x0000c574                __ascii_wctomb
 .text._calloc_r
                0x0000c590       0x60 c:/freescale/kds_3.0.0/toolchain/bin/../lib/gcc/arm-none-eabi/4.8.4/../../../../arm-none-eabi/lib/armv7e-m/softfp\libg.a(lib_a-callocr.o)
                0x0000c590                _calloc_r
 .text.rshift   0x0000c5f0       0xa0 c:/freescale/kds_3.0.0/toolchain/bin/../lib/gcc/arm-none-eabi/4.8.4/../../../../arm-none-eabi/lib/armv7e-m/softfp\libg.a(lib_a-gdtoa-gethex.o)
 .text.__gethex
                0x0000c690      0x530 c:/freescale/kds_3.0.0/toolchain/bin/../lib/gcc/arm-none-eabi/4.8.4/../../../../arm-none-eabi/lib/armv7e-m/softfp\libg.a(lib_a-gdtoa-gethex.o)
                0x0000c690                __gethex
 .text.__hexnan
                0x0000cbc0      0x194 c:/freescale/kds_3.0.0/toolchain/bin/../lib/gcc/arm-none-eabi/4.8.4/../../../../arm-none-eabi/lib/armv7e-m/softfp\libg.a(lib_a-gdtoa-hexnan.o)
                0x0000cbc0                __hexnan
 .text          0x0000cd54      0x424 c:/freescale/kds_3.0.0/toolchain/bin/../lib/gcc/arm-none-eabi/4.8.4/armv7e-m/softfp\libgcc.a(_arm_muldivdf3.o)
                0x0000cd54                __aeabi_dmul
                0x0000cd54                __muldf3
                0x0000cfa8                __divdf3
                0x0000cfa8                __aeabi_ddiv
 .text          0x0000d178      0x110 c:/freescale/kds_3.0.0/toolchain/bin/../lib/gcc/arm-none-eabi/4.8.4/armv7e-m/softfp\libgcc.a(_arm_cmpdf2.o)
                0x0000d178                __gtdf2
                0x0000d178                __gedf2
                0x0000d180                __ltdf2
                0x0000d180                __ledf2
                0x0000d188                __nedf2
                0x0000d188                __eqdf2
                0x0000d188                __cmpdf2
                0x0000d204                __aeabi_cdrcmple
                0x0000d214                __aeabi_cdcmpeq
                0x0000d214                __aeabi_cdcmple
                0x0000d224                __aeabi_dcmpeq
                0x0000d238                __aeabi_dcmplt
                0x0000d24c                __aeabi_dcmple
                0x0000d260                __aeabi_dcmpge
                0x0000d274                __aeabi_dcmpgt
 .text          0x0000d288       0x50 c:/freescale/kds_3.0.0/toolchain/bin/../lib/gcc/arm-none-eabi/4.8.4/armv7e-m/softfp\libgcc.a(_arm_fixdfsi.o)
                0x0000d288                __aeabi_d2iz
                0x0000d288                __fixdfsi
 .text          0x0000d2d8       0x40 c:/freescale/kds_3.0.0/toolchain/bin/../lib/gcc/arm-none-eabi/4.8.4/armv7e-m/softfp\libgcc.a(_arm_fixunsdfsi.o)
                0x0000d2d8                __aeabi_d2uiz
                0x0000d2d8                __fixunsdfsi
 .text          0x0000d318       0xa0 c:/freescale/kds_3.0.0/toolchain/bin/../lib/gcc/arm-none-eabi/4.8.4/armv7e-m/softfp\libgcc.a(_arm_truncdfsf2.o)
                0x0000d318                __truncdfsf2
                0x0000d318                __aeabi_d2f
 .text          0x0000d3b8       0x2c c:/freescale/kds_3.0.0/toolchain/bin/../lib/gcc/arm-none-eabi/4.8.4/armv7e-m/softfp\libgcc.a(_aeabi_uldivmod.o)
                0x0000d3b8                __aeabi_uldivmod
 .text          0x0000d3e4       0x60 c:/freescale/kds_3.0.0/toolchain/bin/../lib/gcc/arm-none-eabi/4.8.4/armv7e-m/softfp\libgcc.a(bpabi.o)
                0x0000d3e4                __gnu_ldivmod_helper
                0x0000d414                __gnu_uldivmod_helper
 .text          0x0000d444        0x4 c:/freescale/kds_3.0.0/toolchain/bin/../lib/gcc/arm-none-eabi/4.8.4/armv7e-m/softfp\libgcc.a(_dvmd_tls.o)
                0x0000d444                __aeabi_idiv0
                0x0000d444                __aeabi_ldiv0
 .text          0x0000d448      0x298 c:/freescale/kds_3.0.0/toolchain/bin/../lib/gcc/arm-none-eabi/4.8.4/armv7e-m/softfp\libgcc.a(_divdi3.o)
                0x0000d448                __divdi3
 .text          0x0000d6e0      0x284 c:/freescale/kds_3.0.0/toolchain/bin/../lib/gcc/arm-none-eabi/4.8.4/armv7e-m/softfp\libgcc.a(_udivdi3.o)
                0x0000d6e0                __udivdi3
 .text._getpid  0x0000d964       0x10 c:/freescale/kds_3.0.0/toolchain/bin/../lib/gcc/arm-none-eabi/4.8.4/../../../../arm-none-eabi/lib/armv7e-m/softfp\libnosys.a(getpid.o)
                0x0000d964                _getpid
 .text._kill    0x0000d974       0x10 c:/freescale/kds_3.0.0/toolchain/bin/../lib/gcc/arm-none-eabi/4.8.4/../../../../arm-none-eabi/lib/armv7e-m/softfp\libnosys.a(kill.o)
                0x0000d974                _kill
 *(.init)
 .init          0x0000d984        0x4 c:/freescale/kds_3.0.0/toolchain/bin/../lib/gcc/arm-none-eabi/4.8.4/armv7e-m/softfp/crti.o
                0x0000d984                _init
 .init          0x0000d988        0x8 c:/freescale/kds_3.0.0/toolchain/bin/../lib/gcc/arm-none-eabi/4.8.4/armv7e-m/softfp/crtn.o
 *(.fini)
 .fini          0x0000d990        0x4 c:/freescale/kds_3.0.0/toolchain/bin/../lib/gcc/arm-none-eabi/4.8.4/armv7e-m/softfp/crti.o
                0x0000d990                _fini
 .fini          0x0000d994        0x8 c:/freescale/kds_3.0.0/toolchain/bin/../lib/gcc/arm-none-eabi/4.8.4/armv7e-m/softfp/crtn.o
 *crtbegin.o(.ctors)
 *crtbegin?.o(.ctors)
 *(EXCLUDE_FILE(*crtend.o *crtend?.o) .ctors)
 *(SORT(.ctors.*))
 *(.ctors)
 *crtbegin.o(.dtors)
 *crtbegin?.o(.dtors)
 *(EXCLUDE_FILE(*crtend.o *crtend?.o) .dtors)
 *(SORT(.dtors.*))
 *(.dtors)
 *(.rodata*)
 .rodata        0x0000d99c      0x160 main.o
 *fill*         0x0000dafc        0x4 
 .rodata._ZTVN4mbed10SerialBaseE
                0x0000db00       0x10 main.o
                0x0000db00                vtable for mbed::SerialBase
 .rodata._ZZ21GPIO_HAL_ReadPinInputE19__PRETTY_FUNCTION__
                0x0000db10       0x34 main.o
 .rodata        0x0000db44       0x14 ..\mbed\TARGET_K64F\TOOLCHAIN_GCC_ARM\board.o
 .rodata.str1.4
                0x0000db58       0x86 ..\mbed\TARGET_K64F\TOOLCHAIN_GCC_ARM\board.o
                                 0x88 (size before relaxing)
 *fill*         0x0000dbde        0x2 
 .rodata.__stdin_name
                0x0000dbe0        0x8 ..\mbed\TARGET_K64F\TOOLCHAIN_GCC_ARM\retarget.o
                0x0000dbe0                __stdin_name
 .rodata.__stderr_name
                0x0000dbe8        0x8 ..\mbed\TARGET_K64F\TOOLCHAIN_GCC_ARM\retarget.o
                0x0000dbe8                __stderr_name
 .rodata.__stdout_name
                0x0000dbf0        0x8 ..\mbed\TARGET_K64F\TOOLCHAIN_GCC_ARM\retarget.o
                0x0000dbf0                __stdout_name
 .rodata._ZTVN4mbed10FileHandleE
                0x0000dbf8       0x30 ..\mbed\TARGET_K64F\TOOLCHAIN_GCC_ARM\retarget.o
                0x0000dbf8                vtable for mbed::FileHandle
 .rodata.str1.4
                0x0000dc28        0xe ..\mbed\TARGET_K64F\TOOLCHAIN_GCC_ARM\retarget.o
                                 0x10 (size before relaxing)
 *fill*         0x0000dc36        0x2 
 .rodata.str1.4
                0x0000dc38       0x99 G:\Project\TemperatureSensorLM35\mbed\TARGET_K64F\TOOLCHAIN_GCC_ARM\libmbed.a(fsl_gpio_hal.o)
                                 0x9c (size before relaxing)
 *fill*         0x0000dcd1        0x3 
 .rodata.__func__.14505
                0x0000dcd4       0x14 G:\Project\TemperatureSensorLM35\mbed\TARGET_K64F\TOOLCHAIN_GCC_ARM\libmbed.a(fsl_gpio_hal.o)
 .rodata.__func__.14511
                0x0000dce8       0x18 G:\Project\TemperatureSensorLM35\mbed\TARGET_K64F\TOOLCHAIN_GCC_ARM\libmbed.a(fsl_gpio_hal.o)
 .rodata        0x0000dd00        0x8 G:\Project\TemperatureSensorLM35\mbed\TARGET_K64F\TOOLCHAIN_GCC_ARM\libmbed.a(analogin_api.o)
 .rodata.str1.4
                0x0000dd08       0x8b G:\Project\TemperatureSensorLM35\mbed\TARGET_K64F\TOOLCHAIN_GCC_ARM\libmbed.a(analogin_api.o)
                                 0x8c (size before relaxing)
 *fill*         0x0000dd93        0x1 
 .rodata        0x0000dd94       0x18 G:\Project\TemperatureSensorLM35\mbed\TARGET_K64F\TOOLCHAIN_GCC_ARM\libmbed.a(serial_api.o)
 .rodata.str1.4
                0x0000ddac       0x89 G:\Project\TemperatureSensorLM35\mbed\TARGET_K64F\TOOLCHAIN_GCC_ARM\libmbed.a(serial_api.o)
                                 0x8c (size before relaxing)
 *fill*         0x0000de35        0x3 
 .rodata._ZTVN4mbed6SerialE
                0x0000de38       0x60 G:\Project\TemperatureSensorLM35\mbed\TARGET_K64F\TOOLCHAIN_GCC_ARM\libmbed.a(Serial.o)
                0x0000de38                vtable for mbed::Serial
 .rodata._ZTVN4mbed6StreamE
                0x0000de98       0x48 G:\Project\TemperatureSensorLM35\mbed\TARGET_K64F\TOOLCHAIN_GCC_ARM\libmbed.a(Stream.o)
                0x0000de98                vtable for mbed::Stream
 .rodata.str1.4
                0x0000dee0        0x3 G:\Project\TemperatureSensorLM35\mbed\TARGET_K64F\TOOLCHAIN_GCC_ARM\libmbed.a(Stream.o)
                                  0x8 (size before relaxing)
 *fill*         0x0000dee3        0x1 
 .rodata.str1.4
                0x0000dee4       0x31 G:\Project\TemperatureSensorLM35\mbed\TARGET_K64F\TOOLCHAIN_GCC_ARM\libmbed.a(assert.o)
                                 0x34 (size before relaxing)
 *fill*         0x0000df15        0x3 
 .rodata        0x0000df18       0x14 G:\Project\TemperatureSensorLM35\mbed\TARGET_K64F\TOOLCHAIN_GCC_ARM\libmbed.a(gpio.o)
 .rodata.str1.4
                0x00000000       0x88 G:\Project\TemperatureSensorLM35\mbed\TARGET_K64F\TOOLCHAIN_GCC_ARM\libmbed.a(gpio.o)
 .rodata.str1.4
                0x0000df2c       0x66 G:\Project\TemperatureSensorLM35\mbed\TARGET_K64F\TOOLCHAIN_GCC_ARM\libmbed.a(pinmap_common.o)
                                 0x68 (size before relaxing)
 *fill*         0x0000df92        0x2 
 .rodata.g_simBaseAddr
                0x0000df94        0x4 G:\Project\TemperatureSensorLM35\mbed\TARGET_K64F\TOOLCHAIN_GCC_ARM\libmbed.a(fsl_clock_manager.o)
                0x0000df94                g_simBaseAddr
 .rodata.str1.4
                0x0000df98      0x170 G:\Project\TemperatureSensorLM35\mbed\TARGET_K64F\TOOLCHAIN_GCC_ARM\libmbed.a(fsl_sim_hal.o)
 .rodata.__func__.15176
                0x0000e108       0x18 G:\Project\TemperatureSensorLM35\mbed\TARGET_K64F\TOOLCHAIN_GCC_ARM\libmbed.a(fsl_sim_hal.o)
 .rodata.PinMap_UART_RX
                0x0000e120       0x90 G:\Project\TemperatureSensorLM35\mbed\TARGET_K64F\TOOLCHAIN_GCC_ARM\libmbed.a(PeripheralPins.o)
                0x0000e120                PinMap_UART_RX
 .rodata.PinMap_UART_TX
                0x0000e1b0       0x90 G:\Project\TemperatureSensorLM35\mbed\TARGET_K64F\TOOLCHAIN_GCC_ARM\libmbed.a(PeripheralPins.o)
                0x0000e1b0                PinMap_UART_TX
 .rodata.PinMap_ADC
                0x0000e240      0x120 G:\Project\TemperatureSensorLM35\mbed\TARGET_K64F\TOOLCHAIN_GCC_ARM\libmbed.a(PeripheralPins.o)
                0x0000e240                PinMap_ADC
 .rodata.kClockNameConfigTable
                0x0000e360       0x14 G:\Project\TemperatureSensorLM35\mbed\TARGET_K64F\TOOLCHAIN_GCC_ARM\libmbed.a(fsl_sim_hal_K64F12.o)
                0x0000e360                kClockNameConfigTable
 .rodata        0x0000e374       0x28 G:\Project\TemperatureSensorLM35\mbed\TARGET_K64F\TOOLCHAIN_GCC_ARM\libmbed.a(gpio_api.o)
 .rodata.str1.4
                0x0000e39c      0x11e G:\Project\TemperatureSensorLM35\mbed\TARGET_K64F\TOOLCHAIN_GCC_ARM\libmbed.a(gpio_api.o)
                                0x138 (size before relaxing)
 *fill*         0x0000e4ba        0x2 
 .rodata.__func__.15014
                0x0000e4bc       0x14 G:\Project\TemperatureSensorLM35\mbed\TARGET_K64F\TOOLCHAIN_GCC_ARM\libmbed.a(gpio_api.o)
 .rodata        0x0000e4d0       0x14 G:\Project\TemperatureSensorLM35\mbed\TARGET_K64F\TOOLCHAIN_GCC_ARM\libmbed.a(pinmap.o)
 .rodata.__func__.16239
                0x0000e4e4       0x14 G:\Project\TemperatureSensorLM35\mbed\TARGET_K64F\TOOLCHAIN_GCC_ARM\libmbed.a(pinmap.o)
 .rodata.__func__.16209
                0x0000e4f8       0x14 G:\Project\TemperatureSensorLM35\mbed\TARGET_K64F\TOOLCHAIN_GCC_ARM\libmbed.a(pinmap.o)
 .rodata.str1.4
                0x0000e50c       0x6d G:\Project\TemperatureSensorLM35\mbed\TARGET_K64F\TOOLCHAIN_GCC_ARM\libmbed.a(pinmap.o)
                                0x120 (size before relaxing)
 *fill*         0x0000e579        0x7 
 .rodata._ZTVN4mbed8FileBaseE
                0x0000e580       0x10 G:\Project\TemperatureSensorLM35\mbed\TARGET_K64F\TOOLCHAIN_GCC_ARM\libmbed.a(FileBase.o)
                0x0000e580                vtable for mbed::FileBase
 .rodata._ZTVN4mbed8FileLikeE
                0x0000e590       0x40 G:\Project\TemperatureSensorLM35\mbed\TARGET_K64F\TOOLCHAIN_GCC_ARM\libmbed.a(FileLike.o)
                0x0000e590                vtable for mbed::FileLike
 .rodata.us_interface
                0x0000e5d0       0x14 G:\Project\TemperatureSensorLM35\mbed\TARGET_K64F\TOOLCHAIN_GCC_ARM\libmbed.a(us_ticker_api.o)
 .rodata.us_data
                0x0000e5e4        0x8 G:\Project\TemperatureSensorLM35\mbed\TARGET_K64F\TOOLCHAIN_GCC_ARM\libmbed.a(us_ticker_api.o)
 .rodata.str1.4
                0x0000e5ec       0x3f c:/freescale/kds_3.0.0/toolchain/bin/../lib/gcc/arm-none-eabi/4.8.4/../../../../arm-none-eabi/lib/armv7e-m/softfp\libg.a(lib_a-assert.o)
                                 0x44 (size before relaxing)
 .rodata.str1.4
                0x00000000       0x3f c:/freescale/kds_3.0.0/toolchain/bin/../lib/gcc/arm-none-eabi/4.8.4/../../../../arm-none-eabi/lib/armv7e-m/softfp\libg.a(lib_a-impure.o)
                                  0x4 (size before relaxing)
 *fill*         0x0000e62b        0x1 
 .rodata._global_impure_ptr
                0x0000e62c        0x4 c:/freescale/kds_3.0.0/toolchain/bin/../lib/gcc/arm-none-eabi/4.8.4/../../../../arm-none-eabi/lib/armv7e-m/softfp\libg.a(lib_a-impure.o)
                0x0000e62c                _global_impure_ptr
 .rodata.zeroes.6763
                0x0000e630       0x10 c:/freescale/kds_3.0.0/toolchain/bin/../lib/gcc/arm-none-eabi/4.8.4/../../../../arm-none-eabi/lib/armv7e-m/softfp\libg.a(lib_a-svfprintf.o)
 .rodata.str1.4
                0x0000e640       0x42 c:/freescale/kds_3.0.0/toolchain/bin/../lib/gcc/arm-none-eabi/4.8.4/../../../../arm-none-eabi/lib/armv7e-m/softfp\libg.a(lib_a-svfprintf.o)
                                 0x44 (size before relaxing)
 *fill*         0x0000e682        0x2 
 .rodata.blanks.6762
                0x0000e684       0x10 c:/freescale/kds_3.0.0/toolchain/bin/../lib/gcc/arm-none-eabi/4.8.4/../../../../arm-none-eabi/lib/armv7e-m/softfp\libg.a(lib_a-svfprintf.o)
 .rodata.basefix.6714
                0x0000e694       0x24 c:/freescale/kds_3.0.0/toolchain/bin/../lib/gcc/arm-none-eabi/4.8.4/../../../../arm-none-eabi/lib/armv7e-m/softfp\libg.a(lib_a-svfscanf.o)
 .rodata.str1.4
                0x0000e6b8        0x5 c:/freescale/kds_3.0.0/toolchain/bin/../lib/gcc/arm-none-eabi/4.8.4/../../../../arm-none-eabi/lib/armv7e-m/softfp\libg.a(lib_a-svfscanf.o)
                                  0x8 (size before relaxing)
 .rodata.str1.4
                0x00000000       0x30 c:/freescale/kds_3.0.0/toolchain/bin/../lib/gcc/arm-none-eabi/4.8.4/../../../../arm-none-eabi/lib/armv7e-m/softfp\libg.a(lib_a-vfiprintf.o)
 *fill*         0x0000e6bd        0x3 
 .rodata.zeroes.6721
                0x0000e6c0       0x10 c:/freescale/kds_3.0.0/toolchain/bin/../lib/gcc/arm-none-eabi/4.8.4/../../../../arm-none-eabi/lib/armv7e-m/softfp\libg.a(lib_a-vfiprintf.o)
 .rodata.blanks.6720
                0x0000e6d0       0x10 c:/freescale/kds_3.0.0/toolchain/bin/../lib/gcc/arm-none-eabi/4.8.4/../../../../arm-none-eabi/lib/armv7e-m/softfp\libg.a(lib_a-vfiprintf.o)
 .rodata.blanks.6777
                0x0000e6e0       0x10 c:/freescale/kds_3.0.0/toolchain/bin/../lib/gcc/arm-none-eabi/4.8.4/../../../../arm-none-eabi/lib/armv7e-m/softfp\libg.a(lib_a-vfprintf.o)
 .rodata.str1.4
                0x00000000       0x44 c:/freescale/kds_3.0.0/toolchain/bin/../lib/gcc/arm-none-eabi/4.8.4/../../../../arm-none-eabi/lib/armv7e-m/softfp\libg.a(lib_a-vfprintf.o)
 .rodata.zeroes.6778
                0x0000e6f0       0x10 c:/freescale/kds_3.0.0/toolchain/bin/../lib/gcc/arm-none-eabi/4.8.4/../../../../arm-none-eabi/lib/armv7e-m/softfp\libg.a(lib_a-vfprintf.o)
 .rodata._ctype_
                0x0000e700      0x104 c:/freescale/kds_3.0.0/toolchain/bin/../lib/gcc/arm-none-eabi/4.8.4/../../../../arm-none-eabi/lib/armv7e-m/softfp\libg.a(lib_a-ctype_.o)
                0x0000e700                _ctype_
 .rodata.str1.4
                0x0000e804       0x10 c:/freescale/kds_3.0.0/toolchain/bin/../lib/gcc/arm-none-eabi/4.8.4/../../../../arm-none-eabi/lib/armv7e-m/softfp\libg.a(lib_a-dtoa.o)
                                 0x14 (size before relaxing)
 .rodata.str1.4
                0x0000e814        0xa c:/freescale/kds_3.0.0/toolchain/bin/../lib/gcc/arm-none-eabi/4.8.4/../../../../arm-none-eabi/lib/armv7e-m/softfp\libg.a(lib_a-locale.o)
                                 0x14 (size before relaxing)
 .rodata.str1.4
                0x00000000        0x4 c:/freescale/kds_3.0.0/toolchain/bin/../lib/gcc/arm-none-eabi/4.8.4/../../../../arm-none-eabi/lib/armv7e-m/softfp\libg.a(lib_a-mbrtowc.o)
 *fill*         0x0000e81e        0x2 
 .rodata.__mprec_tens
                0x0000e820       0xc8 c:/freescale/kds_3.0.0/toolchain/bin/../lib/gcc/arm-none-eabi/4.8.4/../../../../arm-none-eabi/lib/armv7e-m/softfp\libg.a(lib_a-mprec.o)
                0x0000e820                __mprec_tens
 .rodata.__mprec_bigtens
                0x0000e8e8       0x28 c:/freescale/kds_3.0.0/toolchain/bin/../lib/gcc/arm-none-eabi/4.8.4/../../../../arm-none-eabi/lib/armv7e-m/softfp\libg.a(lib_a-mprec.o)
                0x0000e8e8                __mprec_bigtens
 .rodata.p05.5269
                0x0000e910        0xc c:/freescale/kds_3.0.0/toolchain/bin/../lib/gcc/arm-none-eabi/4.8.4/../../../../arm-none-eabi/lib/armv7e-m/softfp\libg.a(lib_a-mprec.o)
 .rodata.fpi.5238
                0x0000e91c       0x14 c:/freescale/kds_3.0.0/toolchain/bin/../lib/gcc/arm-none-eabi/4.8.4/../../../../arm-none-eabi/lib/armv7e-m/softfp\libg.a(lib_a-strtod.o)
 .rodata.str1.4
                0x0000e930       0x10 c:/freescale/kds_3.0.0/toolchain/bin/../lib/gcc/arm-none-eabi/4.8.4/../../../../arm-none-eabi/lib/armv7e-m/softfp\libg.a(lib_a-strtod.o)
 .rodata.fpinan.5274
                0x0000e940       0x14 c:/freescale/kds_3.0.0/toolchain/bin/../lib/gcc/arm-none-eabi/4.8.4/../../../../arm-none-eabi/lib/armv7e-m/softfp\libg.a(lib_a-strtod.o)
 *fill*         0x0000e954        0x4 
 .rodata.tinytens
                0x0000e958       0x28 c:/freescale/kds_3.0.0/toolchain/bin/../lib/gcc/arm-none-eabi/4.8.4/../../../../arm-none-eabi/lib/armv7e-m/softfp\libg.a(lib_a-strtod.o)
 .rodata.__hexdig
                0x0000e980      0x100 c:/freescale/kds_3.0.0/toolchain/bin/../lib/gcc/arm-none-eabi/4.8.4/../../../../arm-none-eabi/lib/armv7e-m/softfp\libg.a(lib_a-gdtoa-gethex.o)
                0x0000e980                __hexdig
 *(.eh_frame*)
 .eh_frame      0x0000ea80        0x0 c:/freescale/kds_3.0.0/toolchain/bin/../lib/gcc/arm-none-eabi/4.8.4/armv7e-m/softfp/crtbegin.o
 .eh_frame      0x0000ea80        0x4 c:/freescale/kds_3.0.0/toolchain/bin/../lib/gcc/arm-none-eabi/4.8.4/armv7e-m/softfp/crtend.o

.glue_7         0x0000ea84        0x0
 .glue_7        0x00000000        0x0 linker stubs

.glue_7t        0x0000ea84        0x0
 .glue_7t       0x00000000        0x0 linker stubs

.vfp11_veneer   0x0000ea84        0x0
 .vfp11_veneer  0x00000000        0x0 linker stubs

.v4_bx          0x0000ea84        0x0
 .v4_bx         0x00000000        0x0 linker stubs

.iplt           0x0000ea84        0x0
 .iplt          0x00000000        0x0 c:/freescale/kds_3.0.0/toolchain/bin/../lib/gcc/arm-none-eabi/4.8.4/armv7e-m/softfp/crtbegin.o

.ARM.extab
 *(.ARM.extab* .gnu.linkonce.armextab.*)
                0x0000ea84                __exidx_start = .

.ARM.exidx      0x0000ea84        0x8
 *(.ARM.exidx* .gnu.linkonce.armexidx.*)
 .ARM.exidx     0x0000ea84        0x8 c:/freescale/kds_3.0.0/toolchain/bin/../lib/gcc/arm-none-eabi/4.8.4/../../../../arm-none-eabi/lib/armv7e-m/softfp/crt0.o
 .ARM.exidx.text._ZdlPv
                0x0000ea8c        0x0 c:/freescale/kds_3.0.0/toolchain/bin/../lib/gcc/arm-none-eabi/4.8.4/../../../../arm-none-eabi/lib/armv7e-m/softfp\libstdc++.a(del_op.o)
                                  0x8 (size before relaxing)
 .ARM.exidx.text.__aeabi_atexit
                0x0000ea8c        0x0 c:/freescale/kds_3.0.0/toolchain/bin/../lib/gcc/arm-none-eabi/4.8.4/../../../../arm-none-eabi/lib/armv7e-m/softfp\libstdc++.a(atexit_arm.o)
                                  0x8 (size before relaxing)
 .ARM.exidx     0x0000ea8c        0x0 c:/freescale/kds_3.0.0/toolchain/bin/../lib/gcc/arm-none-eabi/4.8.4/armv7e-m/softfp\libgcc.a(_divdi3.o)
                                  0x8 (size before relaxing)
 .ARM.exidx     0x0000ea8c        0x0 c:/freescale/kds_3.0.0/toolchain/bin/../lib/gcc/arm-none-eabi/4.8.4/armv7e-m/softfp\libgcc.a(_udivdi3.o)
                                  0x8 (size before relaxing)
                0x0000ea8c                __exidx_end = .
                0x0000ea8c                __etext = .

.rel.dyn        0x0000ea8c        0x0
 .rel.iplt      0x00000000        0x0 c:/freescale/kds_3.0.0/toolchain/bin/../lib/gcc/arm-none-eabi/4.8.4/armv7e-m/softfp/crtbegin.o

.data           0x1fff0198      0x8c4 load address 0x0000ea8c
                0x1fff0198                __data_start__ = .
 *(vtable)
 *(.data*)
 .data          0x1fff0198        0x4 c:/freescale/kds_3.0.0/toolchain/bin/../lib/gcc/arm-none-eabi/4.8.4/armv7e-m/softfp/crtbegin.o
                0x1fff0198                __dso_handle
 .data.K        0x1fff019c        0x4 main.o
                0x1fff019c                K
 .data._ZZ5_sbrkE4heap
                0x1fff01a0        0x4 ..\mbed\TARGET_K64F\TOOLCHAIN_GCC_ARM\retarget.o
 *fill*         0x1fff01a4        0x4 
 .data.impure_data
                0x1fff01a8      0x428 c:/freescale/kds_3.0.0/toolchain/bin/../lib/gcc/arm-none-eabi/4.8.4/../../../../arm-none-eabi/lib/armv7e-m/softfp\libg.a(lib_a-impure.o)
 .data._impure_ptr
                0x1fff05d0        0x4 c:/freescale/kds_3.0.0/toolchain/bin/../lib/gcc/arm-none-eabi/4.8.4/../../../../arm-none-eabi/lib/armv7e-m/softfp\libg.a(lib_a-impure.o)
                0x1fff05d0                _impure_ptr
 .data.__malloc_av_
                0x1fff05d4      0x408 c:/freescale/kds_3.0.0/toolchain/bin/../lib/gcc/arm-none-eabi/4.8.4/../../../../arm-none-eabi/lib/armv7e-m/softfp\libg.a(lib_a-mallocr.o)
                0x1fff05d4                __malloc_av_
 .data.__malloc_trim_threshold
                0x1fff09dc        0x4 c:/freescale/kds_3.0.0/toolchain/bin/../lib/gcc/arm-none-eabi/4.8.4/../../../../arm-none-eabi/lib/armv7e-m/softfp\libg.a(lib_a-mallocr.o)
                0x1fff09dc                __malloc_trim_threshold
 .data.__malloc_sbrk_base
                0x1fff09e0        0x4 c:/freescale/kds_3.0.0/toolchain/bin/../lib/gcc/arm-none-eabi/4.8.4/../../../../arm-none-eabi/lib/armv7e-m/softfp\libg.a(lib_a-mallocr.o)
                0x1fff09e0                __malloc_sbrk_base
 .data.__ctype_ptr__
                0x1fff09e4        0x4 c:/freescale/kds_3.0.0/toolchain/bin/../lib/gcc/arm-none-eabi/4.8.4/../../../../arm-none-eabi/lib/armv7e-m/softfp\libg.a(lib_a-ctype_.o)
                0x1fff09e4                __ctype_ptr__
 .data.lconv    0x1fff09e8       0x38 c:/freescale/kds_3.0.0/toolchain/bin/../lib/gcc/arm-none-eabi/4.8.4/../../../../arm-none-eabi/lib/armv7e-m/softfp\libg.a(lib_a-locale.o)
 .data.lc_ctype_charset
                0x1fff0a20       0x20 c:/freescale/kds_3.0.0/toolchain/bin/../lib/gcc/arm-none-eabi/4.8.4/../../../../arm-none-eabi/lib/armv7e-m/softfp\libg.a(lib_a-locale.o)
 .data.__mb_cur_max
                0x1fff0a40        0x4 c:/freescale/kds_3.0.0/toolchain/bin/../lib/gcc/arm-none-eabi/4.8.4/../../../../arm-none-eabi/lib/armv7e-m/softfp\libg.a(lib_a-locale.o)
                0x1fff0a40                __mb_cur_max
 .data.__mbtowc
                0x1fff0a44        0x4 c:/freescale/kds_3.0.0/toolchain/bin/../lib/gcc/arm-none-eabi/4.8.4/../../../../arm-none-eabi/lib/armv7e-m/softfp\libg.a(lib_a-mbtowc_r.o)
                0x1fff0a44                __mbtowc
 .data.__wctomb
                0x1fff0a48        0x4 c:/freescale/kds_3.0.0/toolchain/bin/../lib/gcc/arm-none-eabi/4.8.4/../../../../arm-none-eabi/lib/armv7e-m/softfp\libg.a(lib_a-wctomb_r.o)
                0x1fff0a48                __wctomb
                0x1fff0a4c                . = ALIGN (0x4)
                0x1fff0a4c                PROVIDE (__preinit_array_start, .)
 *(.preinit_array)
                0x1fff0a4c                PROVIDE (__preinit_array_end, .)
                0x1fff0a4c                . = ALIGN (0x4)
                0x1fff0a4c                PROVIDE (__init_array_start, .)
 *(SORT(.init_array.*))
 .init_array.00000
                0x1fff0a4c        0x4 c:/freescale/kds_3.0.0/toolchain/bin/../lib/gcc/arm-none-eabi/4.8.4/../../../../arm-none-eabi/lib/armv7e-m/softfp\libg.a(lib_a-__call_atexit.o)
 *(.init_array)
 .init_array    0x1fff0a50        0x4 c:/freescale/kds_3.0.0/toolchain/bin/../lib/gcc/arm-none-eabi/4.8.4/armv7e-m/softfp/crtbegin.o
 .init_array    0x1fff0a54        0x4 main.o
                0x1fff0a58                PROVIDE (__init_array_end, .)
                0x1fff0a58                . = ALIGN (0x4)
                0x1fff0a58                PROVIDE (__fini_array_start, .)
 *(SORT(.fini_array.*))
 *(.fini_array)
 .fini_array    0x1fff0a58        0x4 c:/freescale/kds_3.0.0/toolchain/bin/../lib/gcc/arm-none-eabi/4.8.4/armv7e-m/softfp/crtbegin.o
                0x1fff0a5c                PROVIDE (__fini_array_end, .)
                0x1fff0a5c                . = ALIGN (0x4)
                0x1fff0a5c                __data_end__ = .

.jcr            0x1fff0a5c        0x0 load address 0x0000f350
 .jcr           0x1fff0a5c        0x0 c:/freescale/kds_3.0.0/toolchain/bin/../lib/gcc/arm-none-eabi/4.8.4/armv7e-m/softfp/crtbegin.o

.igot.plt       0x1fff0a5c        0x0 load address 0x0000f350
 .igot.plt      0x00000000        0x0 c:/freescale/kds_3.0.0/toolchain/bin/../lib/gcc/arm-none-eabi/4.8.4/armv7e-m/softfp/crtbegin.o

.bss            0x1fff0a5c      0x1e4 load address 0x0000f350
                0x1fff0a5c                __bss_start__ = .
 *(.bss*)
 .bss           0x1fff0a5c       0x1c c:/freescale/kds_3.0.0/toolchain/bin/../lib/gcc/arm-none-eabi/4.8.4/armv7e-m/softfp/crtbegin.o
 .bss.T1        0x1fff0a78        0x4 main.o
                0x1fff0a78                T1
 .bss.sw2       0x1fff0a7c        0x4 main.o
                0x1fff0a7c                sw2
 .bss.T         0x1fff0a80        0x4 main.o
                0x1fff0a80                T
 .bss.pc        0x1fff0a84       0x54 main.o
                0x1fff0a84                pc
 .bss._ZL11filehandles
                0x1fff0ad8      0x100 ..\mbed\TARGET_K64F\TOOLCHAIN_GCC_ARM\retarget.o
 .bss.stdio_uart_inited
                0x1fff0bd8        0x4 G:\Project\TemperatureSensorLM35\mbed\TARGET_K64F\TOOLCHAIN_GCC_ARM\libmbed.a(serial_api.o)
                0x1fff0bd8                stdio_uart_inited
 .bss.serial_irq_ids
                0x1fff0bdc       0x14 G:\Project\TemperatureSensorLM35\mbed\TARGET_K64F\TOOLCHAIN_GCC_ARM\libmbed.a(serial_api.o)
 .bss.irq_handler
                0x1fff0bf0        0x4 G:\Project\TemperatureSensorLM35\mbed\TARGET_K64F\TOOLCHAIN_GCC_ARM\libmbed.a(serial_api.o)
 .bss.us_ticker_inited